Archive member included to satisfy reference by file (symbol)

c:/ncs/v1.7.1/toolchain/opt/bin/../lib/gcc/arm-none-eabi/9.2.1/../../../../arm-none-eabi/lib/thumb/v7e-m+fp/hard\libc_nano.a(lib_a-exit.o)
                              c:/ncs/v1.7.1/toolchain/opt/bin/../lib/gcc/arm-none-eabi/9.2.1/../../../../arm-none-eabi/lib/thumb/v7e-m+fp/hard/crt0.o (exit)
c:/ncs/v1.7.1/toolchain/opt/bin/../lib/gcc/arm-none-eabi/9.2.1/../../../../arm-none-eabi/lib/thumb/v7e-m+fp/hard\libc_nano.a(lib_a-impure.o)
                              c:/ncs/v1.7.1/toolchain/opt/bin/../lib/gcc/arm-none-eabi/9.2.1/../../../../arm-none-eabi/lib/thumb/v7e-m+fp/hard\libc_nano.a(lib_a-exit.o) (_global_impure_ptr)
c:/ncs/v1.7.1/toolchain/opt/bin/../lib/gcc/arm-none-eabi/9.2.1/../../../../arm-none-eabi/lib/thumb/v7e-m+fp/hard\libc_nano.a(lib_a-init.o)
                              c:/ncs/v1.7.1/toolchain/opt/bin/../lib/gcc/arm-none-eabi/9.2.1/../../../../arm-none-eabi/lib/thumb/v7e-m+fp/hard/crt0.o (__libc_init_array)
c:/ncs/v1.7.1/toolchain/opt/bin/../lib/gcc/arm-none-eabi/9.2.1/../../../../arm-none-eabi/lib/thumb/v7e-m+fp/hard\libc_nano.a(lib_a-memset.o)
                              c:/ncs/v1.7.1/toolchain/opt/bin/../lib/gcc/arm-none-eabi/9.2.1/../../../../arm-none-eabi/lib/thumb/v7e-m+fp/hard/crt0.o (memset)
c:/ncs/v1.7.1/toolchain/opt/bin/../lib/gcc/arm-none-eabi/9.2.1/../../../../arm-none-eabi/lib/thumb/v7e-m+fp/hard\libc_nano.a(lib_a-sprintf.o)
                              build/main.o (sprintf)
c:/ncs/v1.7.1/toolchain/opt/bin/../lib/gcc/arm-none-eabi/9.2.1/../../../../arm-none-eabi/lib/thumb/v7e-m+fp/hard\libc_nano.a(lib_a-strcat.o)
                              build/main.o (strcat)
c:/ncs/v1.7.1/toolchain/opt/bin/../lib/gcc/arm-none-eabi/9.2.1/../../../../arm-none-eabi/lib/thumb/v7e-m+fp/hard\libc_nano.a(lib_a-strlen.o)
                              build/main.o (strlen)
c:/ncs/v1.7.1/toolchain/opt/bin/../lib/gcc/arm-none-eabi/9.2.1/../../../../arm-none-eabi/lib/thumb/v7e-m+fp/hard\libc_nano.a(lib_a-strncpy.o)
                              build/main.o (strncpy)
c:/ncs/v1.7.1/toolchain/opt/bin/../lib/gcc/arm-none-eabi/9.2.1/../../../../arm-none-eabi/lib/thumb/v7e-m+fp/hard\libc_nano.a(lib_a-vsnprintf.o)
                              build/main.o (vsnprintf)
c:/ncs/v1.7.1/toolchain/opt/bin/../lib/gcc/arm-none-eabi/9.2.1/../../../../arm-none-eabi/lib/thumb/v7e-m+fp/hard\libc_nano.a(lib_a-nano-svfprintf.o)
                              c:/ncs/v1.7.1/toolchain/opt/bin/../lib/gcc/arm-none-eabi/9.2.1/../../../../arm-none-eabi/lib/thumb/v7e-m+fp/hard\libc_nano.a(lib_a-sprintf.o) (_svfprintf_r)
c:/ncs/v1.7.1/toolchain/opt/bin/../lib/gcc/arm-none-eabi/9.2.1/../../../../arm-none-eabi/lib/thumb/v7e-m+fp/hard\libc_nano.a(lib_a-nano-vfprintf_i.o)
                              c:/ncs/v1.7.1/toolchain/opt/bin/../lib/gcc/arm-none-eabi/9.2.1/../../../../arm-none-eabi/lib/thumb/v7e-m+fp/hard\libc_nano.a(lib_a-nano-svfprintf.o) (_printf_i)
c:/ncs/v1.7.1/toolchain/opt/bin/../lib/gcc/arm-none-eabi/9.2.1/../../../../arm-none-eabi/lib/thumb/v7e-m+fp/hard\libc_nano.a(lib_a-memchr.o)
                              c:/ncs/v1.7.1/toolchain/opt/bin/../lib/gcc/arm-none-eabi/9.2.1/../../../../arm-none-eabi/lib/thumb/v7e-m+fp/hard\libc_nano.a(lib_a-nano-svfprintf.o) (memchr)
c:/ncs/v1.7.1/toolchain/opt/bin/../lib/gcc/arm-none-eabi/9.2.1/../../../../arm-none-eabi/lib/thumb/v7e-m+fp/hard\libc_nano.a(lib_a-memcpy-stub.o)
                              c:/ncs/v1.7.1/toolchain/opt/bin/../lib/gcc/arm-none-eabi/9.2.1/../../../../arm-none-eabi/lib/thumb/v7e-m+fp/hard\libc_nano.a(lib_a-nano-svfprintf.o) (memcpy)
c:/ncs/v1.7.1/toolchain/opt/bin/../lib/gcc/arm-none-eabi/9.2.1/../../../../arm-none-eabi/lib/thumb/v7e-m+fp/hard\libc_nano.a(lib_a-memmove.o)
                              c:/ncs/v1.7.1/toolchain/opt/bin/../lib/gcc/arm-none-eabi/9.2.1/../../../../arm-none-eabi/lib/thumb/v7e-m+fp/hard\libc_nano.a(lib_a-nano-svfprintf.o) (memmove)
c:/ncs/v1.7.1/toolchain/opt/bin/../lib/gcc/arm-none-eabi/9.2.1/../../../../arm-none-eabi/lib/thumb/v7e-m+fp/hard\libc_nano.a(lib_a-nano-freer.o)
                              c:/ncs/v1.7.1/toolchain/opt/bin/../lib/gcc/arm-none-eabi/9.2.1/../../../../arm-none-eabi/lib/thumb/v7e-m+fp/hard\libc_nano.a(lib_a-nano-svfprintf.o) (_free_r)
c:/ncs/v1.7.1/toolchain/opt/bin/../lib/gcc/arm-none-eabi/9.2.1/../../../../arm-none-eabi/lib/thumb/v7e-m+fp/hard\libc_nano.a(lib_a-nano-mallocr.o)
                              c:/ncs/v1.7.1/toolchain/opt/bin/../lib/gcc/arm-none-eabi/9.2.1/../../../../arm-none-eabi/lib/thumb/v7e-m+fp/hard\libc_nano.a(lib_a-nano-svfprintf.o) (_malloc_r)
c:/ncs/v1.7.1/toolchain/opt/bin/../lib/gcc/arm-none-eabi/9.2.1/../../../../arm-none-eabi/lib/thumb/v7e-m+fp/hard\libc_nano.a(lib_a-nano-reallocr.o)
                              c:/ncs/v1.7.1/toolchain/opt/bin/../lib/gcc/arm-none-eabi/9.2.1/../../../../arm-none-eabi/lib/thumb/v7e-m+fp/hard\libc_nano.a(lib_a-nano-svfprintf.o) (_realloc_r)
[...]
Memory Configuration

Name             Origin             Length             Attributes
RAM              0x20000000         0x0000a000         xrw
RAM2             0x10000000         0x00002000         xrw
FLASH            0x08000000         0x00020000         xr
*default*        0x00000000         0xffffffff

Linker script and memory map

LOAD c:/ncs/v1.7.1/toolchain/opt/bin/../lib/gcc/arm-none-eabi/9.2.1/thumb/v7e-m+fp/hard/crti.o
LOAD c:/ncs/v1.7.1/toolchain/opt/bin/../lib/gcc/arm-none-eabi/9.2.1/thumb/v7e-m+fp/hard/crtbegin.o
LOAD c:/ncs/v1.7.1/toolchain/opt/bin/../lib/gcc/arm-none-eabi/9.2.1/../../../../arm-none-eabi/lib/thumb/v7e-m+fp/hard/crt0.o
LOAD build/main.o
LOAD build/stm32l4xx_it.o
LOAD build/stm32l4xx_hal_msp.o
LOAD build/user_diskio.o
LOAD build/user_diskio_spi.o
LOAD build/fatfs.o
LOAD build/stm32l4xx_hal.o
LOAD build/stm32l4xx_hal_i2c.o
LOAD build/stm32l4xx_hal_i2c_ex.o
LOAD build/stm32l4xx_hal_rcc.o
LOAD build/stm32l4xx_hal_rcc_ex.o
LOAD build/stm32l4xx_hal_flash.o
LOAD build/stm32l4xx_hal_flash_ex.o
LOAD build/stm32l4xx_hal_flash_ramfunc.o
LOAD build/stm32l4xx_hal_gpio.o
LOAD build/stm32l4xx_hal_dma.o
LOAD build/stm32l4xx_hal_dma_ex.o
LOAD build/stm32l4xx_hal_pwr.o
LOAD build/stm32l4xx_hal_pwr_ex.o
LOAD build/stm32l4xx_hal_cortex.o
LOAD build/stm32l4xx_hal_exti.o
LOAD build/stm32l4xx_hal_spi.o
LOAD build/stm32l4xx_hal_spi_ex.o
LOAD build/stm32l4xx_hal_tim.o
LOAD build/stm32l4xx_hal_tim_ex.o
LOAD build/stm32l4xx_hal_uart.o
LOAD build/stm32l4xx_hal_uart_ex.o
LOAD build/system_stm32l4xx.o
LOAD build/SPI_FRAM.o
LOAD build/diskio.o
LOAD build/ff.o
LOAD build/ff_gen_drv.o
LOAD build/syscall.o
LOAD build/stm32l4xx_hal_crc.o
LOAD build/stm32l4xx_hal_crc_ex.o
LOAD build/stm32l4xx_hal_pcd.o
LOAD build/stm32l4xx_hal_pcd_ex.o
LOAD build/stm32l4xx_ll_usb.o
LOAD build/usb_device.o
LOAD build/usbd_desc.o
LOAD build/usbd_storage_if.o
LOAD build/usbd_conf.o
LOAD build/usbd_core.o
LOAD build/usbd_ctlreq.o
LOAD build/usbd_ioreq.o
LOAD build/usbd_msc.o
LOAD build/usbd_msc_bot.o
LOAD build/usbd_msc_data.o
LOAD build/usbd_msc_scsi.o
LOAD build/startup_stm32l412xx.o
LOAD c:/ncs/v1.7.1/toolchain/opt/bin/../lib/gcc/arm-none-eabi/9.2.1/../../../../arm-none-eabi/lib/thumb/v7e-m+fp/hard\libc_nano.a
LOAD c:/ncs/v1.7.1/toolchain/opt/bin/../lib/gcc/arm-none-eabi/9.2.1/../../../../arm-none-eabi/lib/thumb/v7e-m+fp/hard\libm.a
LOAD c:/ncs/v1.7.1/toolchain/opt/bin/../lib/gcc/arm-none-eabi/9.2.1/../../../../arm-none-eabi/lib/thumb/v7e-m+fp/hard\libnosys.a
START GROUP
LOAD c:/ncs/v1.7.1/toolchain/opt/bin/../lib/gcc/arm-none-eabi/9.2.1/thumb/v7e-m+fp/hard\libgcc.a
LOAD c:/ncs/v1.7.1/toolchain/opt/bin/../lib/gcc/arm-none-eabi/9.2.1/../../../../arm-none-eabi/lib/thumb/v7e-m+fp/hard\libc_nano.a
END GROUP
START GROUP
LOAD c:/ncs/v1.7.1/toolchain/opt/bin/../lib/gcc/arm-none-eabi/9.2.1/thumb/v7e-m+fp/hard\libgcc.a
LOAD c:/ncs/v1.7.1/toolchain/opt/bin/../lib/gcc/arm-none-eabi/9.2.1/../../../../arm-none-eabi/lib/thumb/v7e-m+fp/hard\libc_nano.a
END GROUP
LOAD c:/ncs/v1.7.1/toolchain/opt/bin/../lib/gcc/arm-none-eabi/9.2.1/thumb/v7e-m+fp/hard/crtend.o
LOAD c:/ncs/v1.7.1/toolchain/opt/bin/../lib/gcc/arm-none-eabi/9.2.1/thumb/v7e-m+fp/hard/crtn.o
                0x2000a000                _estack = (ORIGIN (RAM) + LENGTH (RAM))
                0x00000200                _Min_Heap_Size = 0x200
                0x00000400                _Min_Stack_Size = 0x400

.isr_vector     0x08000000      0x190
                0x08000000                . = ALIGN (0x8)
 *(.isr_vector)
 .isr_vector    0x08000000      0x18c build/startup_stm32l412xx.o
                0x08000000                g_pfnVectors
                0x08000190                . = ALIGN (0x8)
 *fill*         0x0800018c        0x4 

.text           0x08000190     0xa658
                0x08000190                . = ALIGN (0x8)
 *(.text)
 .text          0x08000190       0x40 c:/ncs/v1.7.1/toolchain/opt/bin/../lib/gcc/arm-none-eabi/9.2.1/thumb/v7e-m+fp/hard/crtbegin.o
 .text          0x080001d0       0x10 c:/ncs/v1.7.1/toolchain/opt/bin/../lib/gcc/arm-none-eabi/9.2.1/../../../../arm-none-eabi/lib/thumb/v7e-m+fp/hard\libc_nano.a(lib_a-strlen.o)
                0x080001d0                strlen
 .text          0x080001e0       0xa0 c:/ncs/v1.7.1/toolchain/opt/bin/../lib/gcc/arm-none-eabi/9.2.1/../../../../arm-none-eabi/lib/thumb/v7e-m+fp/hard\libc_nano.a(lib_a-memchr.o)
                0x080001e0                memchr
 .text          0x08000280       0x30 c:/ncs/v1.7.1/toolchain/opt/bin/../lib/gcc/arm-none-eabi/9.2.1/thumb/v7e-m+fp/hard\libgcc.a(_aeabi_uldivmod.o)
                0x08000280                __aeabi_uldivmod
 .text          0x080002b0      0x2c4 c:/ncs/v1.7.1/toolchain/opt/bin/../lib/gcc/arm-none-eabi/9.2.1/thumb/v7e-m+fp/hard\libgcc.a(_udivmoddi4.o)
                0x080002b0                __udivmoddi4
 .text          0x08000574        0x4 c:/ncs/v1.7.1/toolchain/opt/bin/../lib/gcc/arm-none-eabi/9.2.1/thumb/v7e-m+fp/hard\libgcc.a(_dvmd_tls.o)
                0x08000574                __aeabi_idiv0
                0x08000574                __aeabi_ldiv0
 *(.text*)
 .text.__NVIC_SystemReset
                0x08000578       0x24 build/main.o
 .text.MX_GPIO_Init
                0x0800059c       0xc4 build/main.o
 .text.turn_off_spi_FRAM
                0x08000660       0x44 build/main.o
 .text.turn_off_spi_SD
                0x080006a4       0x44 build/main.o
 .text.myprintf
                0x080006e8       0x40 build/main.o
                0x080006e8                myprintf
 .text.USB_init
                0x08000728       0x3c build/main.o
                0x08000728                USB_init
 .text.HAL_UARTEx_RxEventCallback
                0x08000764       0x70 build/main.o
                0x08000764                HAL_UARTEx_RxEventCallback
 .text.Error_Handler
                0x080007d4        0x4 build/main.o
                0x080007d4                Error_Handler
 .text.MX_SPI1_Init
                0x080007d8       0x4c build/main.o
 .text.MX_SPI2_Init
                0x08000824       0x48 build/main.o
 .text.newLog   0x0800086c      0x2a8 build/main.o
                0x0800086c                newLog
 .text.appendFile
                0x08000b14      0x144 build/main.o
                0x08000b14                appendFile
 .text.buffer_sync
                0x08000c58       0xe8 build/main.o
                0x08000c58                buffer_sync
 .text.MX_USART2_UART_Init
                0x08000d40       0x38 build/main.o
 .text.MX_CRC_Init
                0x08000d78       0x2c build/main.o
 .text.SystemClock_Config
                0x08000da4       0x72 build/main.o
                0x08000da4                SystemClock_Config
 *fill*         0x08000e16        0x2 
 .text.Stop_Mode_Entry
                0x08000e18       0x6c build/main.o
                0x08000e18                Stop_Mode_Entry
 .text.appendDATA
                0x08000e84      0x1b8 build/main.o
                0x08000e84                appendDATA
 .text.main     0x0800103c       0xf8 build/main.o
                0x0800103c                main
 .text.NMI_Handler
                0x08001134        0x2 build/stm32l4xx_it.o
                0x08001134                NMI_Handler
 .text.HardFault_Handler
                0x08001136        0x2 build/stm32l4xx_it.o
                0x08001136                HardFault_Handler
 .text.MemManage_Handler
                0x08001138        0x2 build/stm32l4xx_it.o
                0x08001138                MemManage_Handler
 .text.BusFault_Handler
                0x0800113a        0x2 build/stm32l4xx_it.o
                0x0800113a                BusFault_Handler
 .text.UsageFault_Handler
                0x0800113c        0x2 build/stm32l4xx_it.o
                0x0800113c                UsageFault_Handler
 .text.SVC_Handler
                0x0800113e        0x2 build/stm32l4xx_it.o
                0x0800113e                SVC_Handler
 .text.DebugMon_Handler
                0x08001140        0x2 build/stm32l4xx_it.o
                0x08001140                DebugMon_Handler
 .text.PendSV_Handler
                0x08001142        0x2 build/stm32l4xx_it.o
                0x08001142                PendSV_Handler
 .text.SysTick_Handler
                0x08001144        0x8 build/stm32l4xx_it.o
                0x08001144                SysTick_Handler
 .text.USART2_IRQHandler
                0x0800114c       0x10 build/stm32l4xx_it.o
                0x0800114c                USART2_IRQHandler
 .text.USB_IRQHandler
                0x0800115c       0x10 build/stm32l4xx_it.o
                0x0800115c                USB_IRQHandler
 .text.HAL_MspInit
                0x0800116c       0x30 build/stm32l4xx_hal_msp.o
                0x0800116c                HAL_MspInit
 .text.HAL_CRC_MspInit
                0x0800119c       0x2c build/stm32l4xx_hal_msp.o
                0x0800119c                HAL_CRC_MspInit
 .text.HAL_SPI_MspInit
                0x080011c8       0xc0 build/stm32l4xx_hal_msp.o
                0x080011c8                HAL_SPI_MspInit
 .text.HAL_SPI_MspDeInit
                0x08001288       0x50 build/stm32l4xx_hal_msp.o
                0x08001288                HAL_SPI_MspDeInit
 .text.HAL_UART_MspInit
                0x080012d8       0x9c build/stm32l4xx_hal_msp.o
                0x080012d8                HAL_UART_MspInit
 .text.USER_initialize
                0x08001374        0xa build/user_diskio.o
                0x08001374                USER_initialize
 .text.USER_status
                0x0800137e        0xa build/user_diskio.o
                0x0800137e                USER_status
 .text.USER_read
                0x08001388        0xa build/user_diskio.o
                0x08001388                USER_read
 .text.USER_write
                0x08001392        0xa build/user_diskio.o
                0x08001392                USER_write
 .text.USER_ioctl
                0x0800139c        0xa build/user_diskio.o
                0x0800139c                USER_ioctl
 *fill*         0x080013a6        0x2 
 .text.xchg_spi
                0x080013a8       0x2c build/user_diskio_spi.o
 .text.wait_ready
                0x080013d4       0x2a build/user_diskio_spi.o
 .text.rcvr_spi_multi
                0x080013fe       0x1a build/user_diskio_spi.o
 .text.xmit_spi_multi
                0x08001418       0x18 build/user_diskio_spi.o
 .text.xmit_datablock
                0x08001430       0x4c build/user_diskio_spi.o
 .text.despiselect
                0x0800147c       0x1c build/user_diskio_spi.o
 .text.spiselect
                0x08001498       0x30 build/user_diskio_spi.o
 .text.send_cmd
                0x080014c8       0x8c build/user_diskio_spi.o
 .text.SPI_Timer_On
                0x08001554       0x1c build/user_diskio_spi.o
                0x08001554                SPI_Timer_On
 .text.SPI_Timer_Status
                0x08001570       0x24 build/user_diskio_spi.o
                0x08001570                SPI_Timer_Status
 .text.rcvr_datablock
                0x08001594       0x40 build/user_diskio_spi.o
 .text.USER_SPI_initialize
                0x080015d4      0x168 build/user_diskio_spi.o
                0x080015d4                USER_SPI_initialize
 .text.USER_SPI_status
                0x0800173c       0x14 build/user_diskio_spi.o
                0x0800173c                USER_SPI_status
 .text.USER_SPI_read
                0x08001750       0x8c build/user_diskio_spi.o
                0x08001750                USER_SPI_read
 .text.USER_SPI_write
                0x080017dc       0xb0 build/user_diskio_spi.o
                0x080017dc                USER_SPI_write
 .text.USER_SPI_ioctl
                0x0800188c      0x224 build/user_diskio_spi.o
                0x0800188c                USER_SPI_ioctl
 .text.MX_FATFS_Init
                0x08001ab0       0x1c build/fatfs.o
                0x08001ab0                MX_FATFS_Init
 .text.get_fattime
                0x08001acc        0x4 build/fatfs.o
                0x08001acc                get_fattime
 .text.HAL_InitTick
                0x08001ad0       0x50 build/stm32l4xx_hal.o
                0x08001ad0                HAL_InitTick
 .text.HAL_Init
                0x08001b20       0x1e build/stm32l4xx_hal.o
                0x08001b20                HAL_Init
 *fill*         0x08001b3e        0x2 
 .text.HAL_IncTick
                0x08001b40       0x18 build/stm32l4xx_hal.o
                0x08001b40                HAL_IncTick
 .text.HAL_GetTick
                0x08001b58        0xc build/stm32l4xx_hal.o
                0x08001b58                HAL_GetTick
 .text.HAL_Delay
                0x08001b64       0x28 build/stm32l4xx_hal.o
                0x08001b64                HAL_Delay
 .text.HAL_SuspendTick
                0x08001b8c       0x10 build/stm32l4xx_hal.o
                0x08001b8c                HAL_SuspendTick
 .text.HAL_ResumeTick
                0x08001b9c       0x10 build/stm32l4xx_hal.o
                0x08001b9c                HAL_ResumeTick
 .text.HAL_DBGMCU_DisableDBGSleepMode
                0x08001bac       0x10 build/stm32l4xx_hal.o
                0x08001bac                HAL_DBGMCU_DisableDBGSleepMode
 .text.HAL_DBGMCU_DisableDBGStopMode
                0x08001bbc       0x10 build/stm32l4xx_hal.o
                0x08001bbc                HAL_DBGMCU_DisableDBGStopMode
 .text.HAL_DBGMCU_DisableDBGStandbyMode
                0x08001bcc       0x10 build/stm32l4xx_hal.o
                0x08001bcc                HAL_DBGMCU_DisableDBGStandbyMode
 .text.RCC_SetFlashLatencyFromMSIRange
                0x08001bdc       0x90 build/stm32l4xx_hal_rcc.o
 .text.HAL_RCC_GetSysClockFreq
                0x08001c6c       0xb4 build/stm32l4xx_hal_rcc.o
                0x08001c6c                HAL_RCC_GetSysClockFreq
 .text.HAL_RCC_OscConfig
                0x08001d20      0x6dc build/stm32l4xx_hal_rcc.o
                0x08001d20                HAL_RCC_OscConfig
 .text.HAL_RCC_ClockConfig
                0x080023fc      0x188 build/stm32l4xx_hal_rcc.o
                0x080023fc                HAL_RCC_ClockConfig
 .text.HAL_RCC_GetHCLKFreq
                0x08002584        0xc build/stm32l4xx_hal_rcc.o
                0x08002584                HAL_RCC_GetHCLKFreq
 .text.HAL_RCC_GetPCLK1Freq
                0x08002590       0x24 build/stm32l4xx_hal_rcc.o
                0x08002590                HAL_RCC_GetPCLK1Freq
 .text.HAL_RCC_GetPCLK2Freq
                0x080025b4       0x24 build/stm32l4xx_hal_rcc.o
                0x080025b4                HAL_RCC_GetPCLK2Freq
 .text.HAL_RCCEx_PeriphCLKConfig
                0x080025d8      0x234 build/stm32l4xx_hal_rcc_ex.o
                0x080025d8                HAL_RCCEx_PeriphCLKConfig
 .text.HAL_GPIO_Init
                0x0800280c      0x194 build/stm32l4xx_hal_gpio.o
                0x0800280c                HAL_GPIO_Init
 .text.HAL_GPIO_DeInit
                0x080029a0       0xfc build/stm32l4xx_hal_gpio.o
                0x080029a0                HAL_GPIO_DeInit
 .text.HAL_GPIO_ReadPin
                0x08002a9c        0xe build/stm32l4xx_hal_gpio.o
                0x08002a9c                HAL_GPIO_ReadPin
 .text.HAL_GPIO_WritePin
                0x08002aaa        0xa build/stm32l4xx_hal_gpio.o
                0x08002aaa                HAL_GPIO_WritePin
 .text.HAL_DMA_Abort
                0x08002ab4       0x4a build/stm32l4xx_hal_dma.o
                0x08002ab4                HAL_DMA_Abort
 .text.HAL_DMA_Abort_IT
                0x08002afe       0x50 build/stm32l4xx_hal_dma.o
                0x08002afe                HAL_DMA_Abort_IT
 *fill*         0x08002b4e        0x2 
 .text.HAL_PWREx_GetVoltageRange
                0x08002b50       0x10 build/stm32l4xx_hal_pwr_ex.o
                0x08002b50                HAL_PWREx_GetVoltageRange
 .text.HAL_PWREx_ControlVoltageScaling
                0x08002b60       0x90 build/stm32l4xx_hal_pwr_ex.o
                0x08002b60                HAL_PWREx_ControlVoltageScaling
 .text.HAL_PWREx_EnableVddUSB
                0x08002bf0       0x10 build/stm32l4xx_hal_pwr_ex.o
                0x08002bf0                HAL_PWREx_EnableVddUSB
 .text.HAL_PWREx_EnterSTOP1Mode
                0x08002c00       0x3c build/stm32l4xx_hal_pwr_ex.o
                0x08002c00                HAL_PWREx_EnterSTOP1Mode
 .text.HAL_NVIC_SetPriorityGrouping
                0x08002c3c       0x24 build/stm32l4xx_hal_cortex.o
                0x08002c3c                HAL_NVIC_SetPriorityGrouping
 .text.HAL_NVIC_SetPriority
                0x08002c60       0x68 build/stm32l4xx_hal_cortex.o
                0x08002c60                HAL_NVIC_SetPriority
 .text.HAL_NVIC_EnableIRQ
                0x08002cc8       0x1c build/stm32l4xx_hal_cortex.o
                0x08002cc8                HAL_NVIC_EnableIRQ
 .text.HAL_SYSTICK_Config
                0x08002ce4       0x2c build/stm32l4xx_hal_cortex.o
                0x08002ce4                HAL_SYSTICK_Config
 .text.SPI_WaitFlagStateUntilTimeout
                0x08002d10       0xd0 build/stm32l4xx_hal_spi.o
 .text.SPI_WaitFifoStateUntilTimeout
                0x08002de0       0xf4 build/stm32l4xx_hal_spi.o
 .text.SPI_EndRxTxTransaction
                0x08002ed4       0x62 build/stm32l4xx_hal_spi.o
 .text.SPI_EndRxTransaction
                0x08002f36       0x82 build/stm32l4xx_hal_spi.o
 .text.HAL_SPI_Init
                0x08002fb8       0xde build/stm32l4xx_hal_spi.o
                0x08002fb8                HAL_SPI_Init
 .text.HAL_SPI_DeInit
                0x08003096       0x2c build/stm32l4xx_hal_spi.o
                0x08003096                HAL_SPI_DeInit
 .text.HAL_SPI_Transmit
                0x080030c2      0x1f8 build/stm32l4xx_hal_spi.o
                0x080030c2                HAL_SPI_Transmit
 .text.HAL_SPI_TransmitReceive
                0x080032ba      0x2de build/stm32l4xx_hal_spi.o
                0x080032ba                HAL_SPI_TransmitReceive
 .text.HAL_SPI_Receive
                0x08003598      0x1a2 build/stm32l4xx_hal_spi.o
                0x08003598                HAL_SPI_Receive
 .text.UART_EndRxTransfer
                0x0800373a       0x50 build/stm32l4xx_hal_uart.o
 .text.HAL_UART_TxCpltCallback
                0x0800378a        0x2 build/stm32l4xx_hal_uart.o
                0x0800378a                HAL_UART_TxCpltCallback
 .text.UART_EndTransmit_IT
                0x0800378c       0x22 build/stm32l4xx_hal_uart.o
 .text.HAL_UART_RxCpltCallback
                0x080037ae        0x2 build/stm32l4xx_hal_uart.o
                0x080037ae                HAL_UART_RxCpltCallback
 .text.HAL_UART_ErrorCallback
                0x080037b0        0x2 build/stm32l4xx_hal_uart.o
                0x080037b0                HAL_UART_ErrorCallback
 .text.UART_DMAAbortOnError
                0x080037b2       0x14 build/stm32l4xx_hal_uart.o
 *fill*         0x080037c6        0x2 
 .text.HAL_UART_IRQHandler
                0x080037c8      0x2e4 build/stm32l4xx_hal_uart.o
                0x080037c8                HAL_UART_IRQHandler
 .text.UART_RxISR_8BIT
                0x08003aac       0xb0 build/stm32l4xx_hal_uart.o
 .text.UART_RxISR_16BIT
                0x08003b5c       0xae build/stm32l4xx_hal_uart.o
 *fill*         0x08003c0a        0x2 
 .text.UART_SetConfig
                0x08003c0c      0x29c build/stm32l4xx_hal_uart.o
                0x08003c0c                UART_SetConfig
 .text.UART_AdvFeatureConfig
                0x08003ea8       0xca build/stm32l4xx_hal_uart.o
                0x08003ea8                UART_AdvFeatureConfig
 .text.UART_WaitOnFlagUntilTimeout
                0x08003f72       0xd0 build/stm32l4xx_hal_uart.o
                0x08003f72                UART_WaitOnFlagUntilTimeout
 .text.HAL_UART_Transmit
                0x08004042       0xd8 build/stm32l4xx_hal_uart.o
                0x08004042                HAL_UART_Transmit
 .text.UART_CheckIdleState
                0x0800411a       0x70 build/stm32l4xx_hal_uart.o
                0x0800411a                UART_CheckIdleState
 .text.HAL_UART_Init
                0x0800418a       0x62 build/stm32l4xx_hal_uart.o
                0x0800418a                HAL_UART_Init
 .text.UART_Start_Receive_IT
                0x080041ec       0xd8 build/stm32l4xx_hal_uart.o
                0x080041ec                UART_Start_Receive_IT
 .text.HAL_UARTEx_WakeupCallback
                0x080042c4        0x2 build/stm32l4xx_hal_uart_ex.o
                0x080042c4                HAL_UARTEx_WakeupCallback
 .text.HAL_UARTEx_EnableStopMode
                0x080042c6       0x2e build/stm32l4xx_hal_uart_ex.o
                0x080042c6                HAL_UARTEx_EnableStopMode
 .text.HAL_UARTEx_DisableStopMode
                0x080042f4       0x2e build/stm32l4xx_hal_uart_ex.o
                0x080042f4                HAL_UARTEx_DisableStopMode
 .text.HAL_UARTEx_ReceiveToIdle_IT
                0x08004322       0x58 build/stm32l4xx_hal_uart_ex.o
                0x08004322                HAL_UARTEx_ReceiveToIdle_IT
 *fill*         0x0800437a        0x2 
 .text.SystemInit
                0x0800437c       0x14 build/system_stm32l4xx.o
                0x0800437c                SystemInit
 .text.FRAM_writeEnable
                0x08004390       0x44 build/SPI_FRAM.o
                0x08004390                FRAM_writeEnable
 .text.FRAM_sleepEnable
                0x080043d4       0x5c build/SPI_FRAM.o
                0x080043d4                FRAM_sleepEnable
 .text.FRAM_write8
                0x08004430       0x88 build/SPI_FRAM.o
                0x08004430                FRAM_write8
 .text.FRAM_write
                0x080044b8       0x36 build/SPI_FRAM.o
                0x080044b8                FRAM_write
 *fill*         0x080044ee        0x2 
 .text.FRAM_read8
                0x080044f0       0x94 build/SPI_FRAM.o
                0x080044f0                FRAM_read8
 .text.FRAM_read
                0x08004584       0x3c build/SPI_FRAM.o
                0x08004584                FRAM_read
 .text.FRAM_getID
                0x080045c0       0x80 build/SPI_FRAM.o
                0x080045c0                FRAM_getID
 .text.setAddressSize
                0x08004640        0xc build/SPI_FRAM.o
                0x08004640                setAddressSize
 .text.FRAM_begin
                0x0800464c       0x20 build/SPI_FRAM.o
                0x0800464c                FRAM_begin
 .text.disk_status
                0x0800466c       0x18 build/diskio.o
                0x0800466c                disk_status
 .text.disk_initialize
                0x08004684       0x28 build/diskio.o
                0x08004684                disk_initialize
 .text.disk_read
                0x080046ac       0x18 build/diskio.o
                0x080046ac                disk_read
 .text.disk_write
                0x080046c4       0x18 build/diskio.o
                0x080046c4                disk_write
 .text.disk_ioctl
                0x080046dc       0x18 build/diskio.o
                0x080046dc                disk_ioctl
 .text.ld_word  0x080046f4        0xa build/ff.o
 .text.ld_dword
                0x080046fe       0x16 build/ff.o
 .text.st_word  0x08004714        0x8 build/ff.o
 .text.st_dword
                0x0800471c       0x14 build/ff.o
 .text.mem_cpy  0x08004730       0x18 build/ff.o
 .text.mem_set  0x08004748        0xa build/ff.o
 .text.mem_cmp  0x08004752       0x1c build/ff.o
 .text.chk_chr  0x0800476e       0x10 build/ff.o
 *fill*         0x0800477e        0x2 
 .text.chk_lock
                0x08004780       0x74 build/ff.o
 .text.enq_lock
                0x080047f4       0x20 build/ff.o
 .text.inc_lock
                0x08004814       0xa4 build/ff.o
 .text.dec_lock
                0x080048b8       0x40 build/ff.o
 .text.clear_lock
                0x080048f8       0x3c build/ff.o
 .text.clust2sect
                0x08004934       0x18 build/ff.o
 .text.clmt_clust
                0x0800494c       0x22 build/ff.o
 .text.ld_clust
                0x0800496e       0x26 build/ff.o
 .text.st_clust
                0x08004994       0x26 build/ff.o
 *fill*         0x080049ba        0x2 
 .text.create_name
                0x080049bc       0xcc build/ff.o
 .text.get_ldnumber
                0x08004a88       0x54 build/ff.o
 .text.validate
                0x08004adc       0x46 build/ff.o
 .text.sync_window
                0x08004b22       0x52 build/ff.o
 .text.move_window
                0x08004b74       0x36 build/ff.o
 *fill*         0x08004baa        0x2 
 .text.check_fs
                0x08004bac       0x78 build/ff.o
 .text.find_volume
                0x08004c24      0x300 build/ff.o
 .text.put_fat  0x08004f24      0x10e build/ff.o
 .text.get_fat  0x08005032       0xd0 build/ff.o
 .text.dir_sdi  0x08005102       0xac build/ff.o
 .text.create_chain
                0x080051ae       0xcc build/ff.o
 .text.remove_chain
                0x0800527a       0x7e build/ff.o
 .text.dir_next
                0x080052f8      0x108 build/ff.o
 .text.dir_find
                0x08005400       0x5a build/ff.o
 .text.follow_path
                0x0800545a       0x8e build/ff.o
 .text.dir_alloc
                0x080054e8       0x50 build/ff.o
 .text.dir_register
                0x08005538       0x3e build/ff.o
 *fill*         0x08005576        0x2 
 .text.sync_fs  0x08005578       0x8c build/ff.o
 .text.f_mount  0x08005604       0x5c build/ff.o
                0x08005604                f_mount
 .text.f_open   0x08005660      0x226 build/ff.o
                0x08005660                f_open
 .text.f_write  0x08005886      0x200 build/ff.o
                0x08005886                f_write
 .text.f_sync   0x08005a86       0x98 build/ff.o
                0x08005a86                f_sync
 .text.f_close  0x08005b1e       0x2a build/ff.o
                0x08005b1e                f_close
 .text.f_lseek  0x08005b48      0x298 build/ff.o
                0x08005b48                f_lseek
 .text.FATFS_LinkDriverEx
                0x08005de0       0x48 build/ff_gen_drv.o
                0x08005de0                FATFS_LinkDriverEx
 .text.FATFS_LinkDriver
                0x08005e28        0xa build/ff_gen_drv.o
                0x08005e28                FATFS_LinkDriver
 *fill*         0x08005e32        0x2 
 .text.FATFS_UnLinkDriverEx
                0x08005e34       0x3c build/ff_gen_drv.o
                0x08005e34                FATFS_UnLinkDriverEx
 .text.FATFS_UnLinkDriver
                0x08005e70        0xa build/ff_gen_drv.o
                0x08005e70                FATFS_UnLinkDriver
 *fill*         0x08005e7a        0x2 
 .text.HAL_CRC_Init
                0x08005e7c       0x80 build/stm32l4xx_hal_crc.o
                0x08005e7c                HAL_CRC_Init
 .text.HAL_CRCEx_Polynomial_Set
                0x08005efc       0x6e build/stm32l4xx_hal_crc_ex.o
                0x08005efc                HAL_CRCEx_Polynomial_Set
 .text.HAL_PCD_EP_DB_Receive
                0x08005f6a      0x10e build/stm32l4xx_hal_pcd.o
 .text.HAL_PCD_Init
                0x08006078      0x126 build/stm32l4xx_hal_pcd.o
                0x08006078                HAL_PCD_Init
 .text.HAL_PCD_Start
                0x0800619e       0x2a build/stm32l4xx_hal_pcd.o
                0x0800619e                HAL_PCD_Start
 .text.HAL_PCD_EP_DB_Transmit
                0x080061c8      0x410 build/stm32l4xx_hal_pcd.o
 .text.PCD_EP_ISR_Handler
                0x080065d8      0x54a build/stm32l4xx_hal_pcd.o
 .text.HAL_PCD_SetAddress
                0x08006b22       0x28 build/stm32l4xx_hal_pcd.o
                0x08006b22                HAL_PCD_SetAddress
 .text.HAL_PCD_IRQHandler
                0x08006b4a      0x1b2 build/stm32l4xx_hal_pcd.o
                0x08006b4a                HAL_PCD_IRQHandler
 .text.HAL_PCD_EP_Open
                0x08006cfc       0x84 build/stm32l4xx_hal_pcd.o
                0x08006cfc                HAL_PCD_EP_Open
 .text.HAL_PCD_EP_Close
                0x08006d80       0x6a build/stm32l4xx_hal_pcd.o
                0x08006d80                HAL_PCD_EP_Close
 .text.HAL_PCD_EP_Receive
                0x08006dea       0x46 build/stm32l4xx_hal_pcd.o
                0x08006dea                HAL_PCD_EP_Receive
 .text.HAL_PCD_EP_GetRxCount
                0x08006e30       0x12 build/stm32l4xx_hal_pcd.o
                0x08006e30                HAL_PCD_EP_GetRxCount
 .text.HAL_PCD_EP_Transmit
                0x08006e42       0x4a build/stm32l4xx_hal_pcd.o
                0x08006e42                HAL_PCD_EP_Transmit
 .text.HAL_PCD_EP_SetStall
                0x08006e8c       0x84 build/stm32l4xx_hal_pcd.o
                0x08006e8c                HAL_PCD_EP_SetStall
 .text.HAL_PCD_EP_ClrStall
                0x08006f10       0x82 build/stm32l4xx_hal_pcd.o
                0x08006f10                HAL_PCD_EP_ClrStall
 .text.HAL_PCD_EP_Flush
                0x08006f92       0x36 build/stm32l4xx_hal_pcd.o
                0x08006f92                HAL_PCD_EP_Flush
 .text.HAL_PCDEx_PMAConfig
                0x08006fc8       0x3c build/stm32l4xx_hal_pcd_ex.o
                0x08006fc8                HAL_PCDEx_PMAConfig
 .text.HAL_PCDEx_ActivateLPM
                0x08007004       0x2c build/stm32l4xx_hal_pcd_ex.o
                0x08007004                HAL_PCDEx_ActivateLPM
 .text.USB_CoreInit
                0x08007030        0xe build/stm32l4xx_ll_usb.o
                0x08007030                USB_CoreInit
 .text.USB_EnableGlobalInt
                0x0800703e       0x12 build/stm32l4xx_ll_usb.o
                0x0800703e                USB_EnableGlobalInt
 .text.USB_DisableGlobalInt
                0x08007050       0x14 build/stm32l4xx_ll_usb.o
                0x08007050                USB_DisableGlobalInt
 .text.USB_SetCurrentMode
                0x08007064        0x4 build/stm32l4xx_ll_usb.o
                0x08007064                USB_SetCurrentMode
 .text.USB_DevInit
                0x08007068       0x28 build/stm32l4xx_ll_usb.o
                0x08007068                USB_DevInit
 .text.USB_FlushTxFifo
                0x08007090        0x4 build/stm32l4xx_ll_usb.o
                0x08007090                USB_FlushTxFifo
 .text.USB_FlushRxFifo
                0x08007094        0x4 build/stm32l4xx_ll_usb.o
                0x08007094                USB_FlushRxFifo
 .text.USB_ActivateEndpoint
                0x08007098      0x386 build/stm32l4xx_ll_usb.o
                0x08007098                USB_ActivateEndpoint
 .text.USB_DeactivateEndpoint
                0x0800741e      0x1d6 build/stm32l4xx_ll_usb.o
                0x0800741e                USB_DeactivateEndpoint
 .text.USB_EPSetStall
                0x080075f4       0x4a build/stm32l4xx_ll_usb.o
                0x080075f4                USB_EPSetStall
 .text.USB_EPClearStall
                0x0800763e       0xa2 build/stm32l4xx_ll_usb.o
                0x0800763e                USB_EPClearStall
 .text.USB_SetDevAddress
                0x080076e0        0xc build/stm32l4xx_ll_usb.o
                0x080076e0                USB_SetDevAddress
 .text.USB_DevConnect
                0x080076ec       0x16 build/stm32l4xx_ll_usb.o
                0x080076ec                USB_DevConnect
 .text.USB_DevDisconnect
                0x08007702       0x10 build/stm32l4xx_ll_usb.o
                0x08007702                USB_DevDisconnect
 .text.USB_ReadInterrupts
                0x08007712        0x8 build/stm32l4xx_ll_usb.o
                0x08007712                USB_ReadInterrupts
 .text.USB_EP0_OutStart
                0x0800771a        0x4 build/stm32l4xx_ll_usb.o
                0x0800771a                USB_EP0_OutStart
 .text.USB_WritePMA
                0x0800771e       0x26 build/stm32l4xx_ll_usb.o
                0x0800771e                USB_WritePMA
 .text.USB_EPStartXfer
                0x08007744      0x760 build/stm32l4xx_ll_usb.o
                0x08007744                USB_EPStartXfer
 .text.USB_ReadPMA
                0x08007ea4       0x2e build/stm32l4xx_ll_usb.o
                0x08007ea4                USB_ReadPMA
 *fill*         0x08007ed2        0x2 
 .text.MX_USB_DEVICE_Init
                0x08007ed4       0x54 build/usb_device.o
                0x08007ed4                MX_USB_DEVICE_Init
 .text.USBD_FS_DeviceDescriptor
                0x08007f28        0xc build/usbd_desc.o
                0x08007f28                USBD_FS_DeviceDescriptor
 .text.USBD_FS_LangIDStrDescriptor
                0x08007f34        0xc build/usbd_desc.o
                0x08007f34                USBD_FS_LangIDStrDescriptor
 .text.USBD_FS_USR_BOSDescriptor
                0x08007f40        0xc build/usbd_desc.o
                0x08007f40                USBD_FS_USR_BOSDescriptor
 .text.IntToUnicode
                0x08007f4c       0x38 build/usbd_desc.o
 .text.Get_SerialNum
                0x08007f84       0x34 build/usbd_desc.o
 .text.USBD_FS_SerialStrDescriptor
                0x08007fb8       0x14 build/usbd_desc.o
                0x08007fb8                USBD_FS_SerialStrDescriptor
 .text.USBD_FS_ProductStrDescriptor
                0x08007fcc       0x24 build/usbd_desc.o
                0x08007fcc                USBD_FS_ProductStrDescriptor
 .text.USBD_FS_ManufacturerStrDescriptor
                0x08007ff0       0x1c build/usbd_desc.o
                0x08007ff0                USBD_FS_ManufacturerStrDescriptor
 .text.USBD_FS_ConfigStrDescriptor
                0x0800800c       0x24 build/usbd_desc.o
                0x0800800c                USBD_FS_ConfigStrDescriptor
 .text.USBD_FS_InterfaceStrDescriptor
                0x08008030       0x24 build/usbd_desc.o
                0x08008030                USBD_FS_InterfaceStrDescriptor
 .text.STORAGE_GetCapacity_FS
                0x08008054       0x10 build/usbd_storage_if.o
 .text.STORAGE_IsWriteProtected_FS
                0x08008064        0x4 build/usbd_storage_if.o
 .text.STORAGE_GetMaxLun_FS
                0x08008068        0x4 build/usbd_storage_if.o
 .text.STORAGE_Write_FS
                0x0800806c       0x12 build/usbd_storage_if.o
 .text.STORAGE_Read_FS
                0x0800807e       0x12 build/usbd_storage_if.o
 .text.STORAGE_IsReady_FS
                0x08008090       0x12 build/usbd_storage_if.o
 .text.STORAGE_Init_FS
                0x080080a2        0xc build/usbd_storage_if.o
 .text.SystemClockConfig_Resume
                0x080080ae        0x8 build/usbd_conf.o
 *fill*         0x080080b6        0x2 
 .text.HAL_PCD_MspInit
                0x080080b8       0xa0 build/usbd_conf.o
                0x080080b8                HAL_PCD_MspInit
 .text.HAL_PCD_SetupStageCallback
                0x08008158       0x10 build/usbd_conf.o
                0x08008158                HAL_PCD_SetupStageCallback
 .text.HAL_PCD_DataOutStageCallback
                0x08008168       0x18 build/usbd_conf.o
                0x08008168                HAL_PCD_DataOutStageCallback
 .text.HAL_PCD_DataInStageCallback
                0x08008180       0x16 build/usbd_conf.o
                0x08008180                HAL_PCD_DataInStageCallback
 .text.HAL_PCD_SOFCallback
                0x08008196        0xc build/usbd_conf.o
                0x08008196                HAL_PCD_SOFCallback
 .text.HAL_PCD_ResetCallback
                0x080081a2       0x24 build/usbd_conf.o
                0x080081a2                HAL_PCD_ResetCallback
 *fill*         0x080081c6        0x2 
 .text.HAL_PCD_SuspendCallback
                0x080081c8       0x20 build/usbd_conf.o
                0x080081c8                HAL_PCD_SuspendCallback
 .text.HAL_PCD_ResumeCallback
                0x080081e8       0x28 build/usbd_conf.o
                0x080081e8                HAL_PCD_ResumeCallback
 .text.USBD_LL_Init
                0x08008210       0x7c build/usbd_conf.o
                0x08008210                USBD_LL_Init
 .text.USBD_LL_Start
                0x0800828c       0x1e build/usbd_conf.o
                0x0800828c                USBD_LL_Start
 .text.USBD_LL_OpenEP
                0x080082aa       0x24 build/usbd_conf.o
                0x080082aa                USBD_LL_OpenEP
 .text.USBD_LL_CloseEP
                0x080082ce       0x1e build/usbd_conf.o
                0x080082ce                USBD_LL_CloseEP
 .text.USBD_LL_FlushEP
                0x080082ec       0x1e build/usbd_conf.o
                0x080082ec                USBD_LL_FlushEP
 .text.USBD_LL_StallEP
                0x0800830a       0x1e build/usbd_conf.o
                0x0800830a                USBD_LL_StallEP
 .text.USBD_LL_ClearStallEP
                0x08008328       0x1e build/usbd_conf.o
                0x08008328                USBD_LL_ClearStallEP
 .text.USBD_LL_IsStallEP
                0x08008346       0x2e build/usbd_conf.o
                0x08008346                USBD_LL_IsStallEP
 .text.USBD_LL_SetUSBAddress
                0x08008374       0x1e build/usbd_conf.o
                0x08008374                USBD_LL_SetUSBAddress
 .text.USBD_LL_Transmit
                0x08008392       0x1e build/usbd_conf.o
                0x08008392                USBD_LL_Transmit
 .text.USBD_LL_PrepareReceive
                0x080083b0       0x1e build/usbd_conf.o
                0x080083b0                USBD_LL_PrepareReceive
 .text.USBD_LL_GetRxDataSize
                0x080083ce        0xc build/usbd_conf.o
                0x080083ce                USBD_LL_GetRxDataSize
 *fill*         0x080083da        0x2 
 .text.HAL_PCDEx_LPM_Callback
                0x080083dc       0x48 build/usbd_conf.o
                0x080083dc                HAL_PCDEx_LPM_Callback
 .text.USBD_static_malloc
                0x08008424        0x8 build/usbd_conf.o
                0x08008424                USBD_static_malloc
 .text.USBD_static_free
                0x0800842c        0x2 build/usbd_conf.o
                0x0800842c                USBD_static_free
 .text.USBD_Init
                0x0800842e       0x2e build/usbd_core.o
                0x0800842e                USBD_Init
 .text.USBD_RegisterClass
                0x0800845c       0x2e build/usbd_core.o
                0x0800845c                USBD_RegisterClass
 .text.USBD_Start
                0x0800848a        0x8 build/usbd_core.o
                0x0800848a                USBD_Start
 .text.USBD_SetClassConfig
                0x08008492       0x12 build/usbd_core.o
                0x08008492                USBD_SetClassConfig
 .text.USBD_ClrClassConfig
                0x080084a4       0x10 build/usbd_core.o
                0x080084a4                USBD_ClrClassConfig
 .text.USBD_LL_SetupStage
                0x080084b4       0x58 build/usbd_core.o
                0x080084b4                USBD_LL_SetupStage
 .text.USBD_LL_DataOutStage
                0x0800850c       0x78 build/usbd_core.o
                0x0800850c                USBD_LL_DataOutStage
 .text.USBD_LL_DataInStage
                0x08008584       0xbe build/usbd_core.o
                0x08008584                USBD_LL_DataInStage
 .text.USBD_LL_Reset
                0x08008642       0x5a build/usbd_core.o
                0x08008642                USBD_LL_Reset
 .text.USBD_LL_SetSpeed
                0x0800869c        0x6 build/usbd_core.o
                0x0800869c                USBD_LL_SetSpeed
 .text.USBD_LL_Suspend
                0x080086a2       0x14 build/usbd_core.o
                0x080086a2                USBD_LL_Suspend
 .text.USBD_LL_Resume
                0x080086b6       0x1a build/usbd_core.o
                0x080086b6                USBD_LL_Resume
 .text.USBD_LL_SOF
                0x080086d0       0x28 build/usbd_core.o
                0x080086d0                USBD_LL_SOF
 .text.USBD_GetLen
                0x080086f8       0x12 build/usbd_ctlreq.o
 .text.USBD_SetFeature
                0x0800870a       0x14 build/usbd_ctlreq.o
 .text.USBD_ParseSetupRequest
                0x0800871e       0x28 build/usbd_ctlreq.o
                0x0800871e                USBD_ParseSetupRequest
 .text.USBD_CtlError
                0x08008746       0x14 build/usbd_ctlreq.o
                0x08008746                USBD_CtlError
 .text.USBD_GetDescriptor
                0x0800875a      0x1ac build/usbd_ctlreq.o
 .text.USBD_SetAddress
                0x08008906       0x50 build/usbd_ctlreq.o
 *fill*         0x08008956        0x2 
 .text.USBD_SetConfig
                0x08008958       0xc8 build/usbd_ctlreq.o
 .text.USBD_GetConfig
                0x08008a20       0x40 build/usbd_ctlreq.o
 .text.USBD_GetStatus
                0x08008a60       0x38 build/usbd_ctlreq.o
 .text.USBD_ClrFeature
                0x08008a98       0x26 build/usbd_ctlreq.o
 .text.USBD_StdDevReq
                0x08008abe       0x70 build/usbd_ctlreq.o
                0x08008abe                USBD_StdDevReq
 .text.USBD_StdItfReq
                0x08008b2e       0x68 build/usbd_ctlreq.o
                0x08008b2e                USBD_StdItfReq
 .text.USBD_StdEPReq
                0x08008b96      0x1ec build/usbd_ctlreq.o
                0x08008b96                USBD_StdEPReq
 .text.USBD_GetString
                0x08008d82       0x36 build/usbd_ctlreq.o
                0x08008d82                USBD_GetString
 .text.USBD_CtlSendData
                0x08008db8       0x1a build/usbd_ioreq.o
                0x08008db8                USBD_CtlSendData
 .text.USBD_CtlContinueSendData
                0x08008dd2       0x10 build/usbd_ioreq.o
                0x08008dd2                USBD_CtlContinueSendData
 .text.USBD_CtlContinueRx
                0x08008de2       0x10 build/usbd_ioreq.o
                0x08008de2                USBD_CtlContinueRx
 .text.USBD_CtlSendStatus
                0x08008df2       0x16 build/usbd_ioreq.o
                0x08008df2                USBD_CtlSendStatus
 .text.USBD_CtlReceiveStatus
                0x08008e08       0x16 build/usbd_ioreq.o
                0x08008e08                USBD_CtlReceiveStatus
 *fill*         0x08008e1e        0x2 
 .text.USBD_MSC_GetHSCfgDesc
                0x08008e20        0xc build/usbd_msc.o
                0x08008e20                USBD_MSC_GetHSCfgDesc
 .text.USBD_MSC_GetFSCfgDesc
                0x08008e2c        0xc build/usbd_msc.o
                0x08008e2c                USBD_MSC_GetFSCfgDesc
 .text.USBD_MSC_GetOtherSpeedCfgDesc
                0x08008e38        0xc build/usbd_msc.o
                0x08008e38                USBD_MSC_GetOtherSpeedCfgDesc
 .text.USBD_MSC_GetDeviceQualifierDescriptor
                0x08008e44        0xc build/usbd_msc.o
                0x08008e44                USBD_MSC_GetDeviceQualifierDescriptor
 .text.USBD_MSC_Init
                0x08008e50       0x70 build/usbd_msc.o
                0x08008e50                USBD_MSC_Init
 .text.USBD_MSC_DeInit
                0x08008ec0       0x36 build/usbd_msc.o
                0x08008ec0                USBD_MSC_DeInit
 .text.USBD_MSC_Setup
                0x08008ef6      0x134 build/usbd_msc.o
                0x08008ef6                USBD_MSC_Setup
 .text.USBD_MSC_DataIn
                0x0800902a        0xa build/usbd_msc.o
                0x0800902a                USBD_MSC_DataIn
 .text.USBD_MSC_DataOut
                0x08009034        0xa build/usbd_msc.o
                0x08009034                USBD_MSC_DataOut
 .text.USBD_MSC_RegisterStorage
                0x0800903e        0xe build/usbd_msc.o
                0x0800903e                USBD_MSC_RegisterStorage
 .text.MSC_BOT_SendData
                0x0800904c       0x30 build/usbd_msc_bot.o
 .text.MSC_BOT_Abort
                0x0800907c       0x44 build/usbd_msc_bot.o
 .text.MSC_BOT_Init
                0x080090c0       0x44 build/usbd_msc_bot.o
                0x080090c0                MSC_BOT_Init
 .text.MSC_BOT_Reset
                0x08009104       0x30 build/usbd_msc_bot.o
                0x08009104                MSC_BOT_Reset
 .text.MSC_BOT_DeInit
                0x08009134        0xc build/usbd_msc_bot.o
                0x08009134                MSC_BOT_DeInit
 .text.MSC_BOT_SendCSW
                0x08009140       0x38 build/usbd_msc_bot.o
                0x08009140                MSC_BOT_SendCSW
 .text.MSC_BOT_DataIn
                0x08009178       0x3e build/usbd_msc_bot.o
                0x08009178                MSC_BOT_DataIn
 *fill*         0x080091b6        0x2 
 .text.MSC_BOT_CBW_Decode
                0x080091b8       0xac build/usbd_msc_bot.o
 .text.MSC_BOT_DataOut
                0x08009264       0x36 build/usbd_msc_bot.o
                0x08009264                MSC_BOT_DataOut
 .text.MSC_BOT_CplClrFeature
                0x0800929a       0x34 build/usbd_msc_bot.o
                0x0800929a                MSC_BOT_CplClrFeature
 .text.SCSI_AllowPreventRemovable
                0x080092ce       0x22 build/usbd_msc_scsi.o
 .text.SCSI_UpdateBotData
                0x080092f0       0x24 build/usbd_msc_scsi.o
 .text.SCSI_ModeSense6
                0x08009314       0x28 build/usbd_msc_scsi.o
 .text.SCSI_ModeSense10
                0x0800933c       0x28 build/usbd_msc_scsi.o
 .text.SCSI_SenseCode
                0x08009364       0x3a build/usbd_msc_scsi.o
                0x08009364                SCSI_SenseCode
 .text.SCSI_TestUnitReady
                0x0800939e       0x6c build/usbd_msc_scsi.o
 .text.SCSI_RequestSense
                0x0800940a       0x8c build/usbd_msc_scsi.o
 *fill*         0x08009496        0x2 
 .text.SCSI_Inquiry
                0x08009498       0x94 build/usbd_msc_scsi.o
 .text.SCSI_StartStopUnit
                0x0800952c       0x5a build/usbd_msc_scsi.o
 .text.SCSI_ReadFormatCapacity
                0x08009586       0x8a build/usbd_msc_scsi.o
 .text.SCSI_ReadCapacity10
                0x08009610       0x70 build/usbd_msc_scsi.o
 .text.SCSI_ReadCapacity16
                0x08009680       0xb6 build/usbd_msc_scsi.o
 .text.SCSI_CheckAddressRange
                0x08009736       0x2a build/usbd_msc_scsi.o
 .text.SCSI_ProcessRead
                0x08009760       0xa0 build/usbd_msc_scsi.o
 .text.SCSI_Read10
                0x08009800       0xdc build/usbd_msc_scsi.o
 .text.SCSI_Read12
                0x080098dc       0xea build/usbd_msc_scsi.o
 .text.SCSI_ProcessWrite
                0x080099c6       0xb0 build/usbd_msc_scsi.o
 .text.SCSI_Write10
                0x08009a76      0x118 build/usbd_msc_scsi.o
 .text.SCSI_Write12
                0x08009b8e      0x12e build/usbd_msc_scsi.o
 .text.SCSI_Verify10
                0x08009cbc       0x40 build/usbd_msc_scsi.o
 .text.SCSI_ProcessCmd
                0x08009cfc       0xf2 build/usbd_msc_scsi.o
                0x08009cfc                SCSI_ProcessCmd
 *fill*         0x08009dee        0x2 
 .text.Reset_Handler
                0x08009df0       0x50 build/startup_stm32l412xx.o
                0x08009df0                Reset_Handler
 .text.Default_Handler
                0x08009e40        0x2 build/startup_stm32l412xx.o
                0x08009e40                RTC_Alarm_IRQHandler
                0x08009e40                EXTI2_IRQHandler
                0x08009e40                TIM1_CC_IRQHandler
                0x08009e40                TSC_IRQHandler
                0x08009e40                TIM6_IRQHandler
                0x08009e40                TAMP_STAMP_IRQHandler
                0x08009e40                EXTI3_IRQHandler
                0x08009e40                LPTIM2_IRQHandler
                0x08009e40                I2C3_ER_IRQHandler
                0x08009e40                EXTI0_IRQHandler
                0x08009e40                I2C2_EV_IRQHandler
                0x08009e40                FPU_IRQHandler
                0x08009e40                TIM1_UP_TIM16_IRQHandler
                0x08009e40                ADC1_2_IRQHandler
                0x08009e40                SPI1_IRQHandler
                0x08009e40                DMA2_Channel2_IRQHandler
                0x08009e40                DMA1_Channel4_IRQHandler
                0x08009e40                USART3_IRQHandler
                0x08009e40                DMA1_Channel7_IRQHandler
                0x08009e40                DMA2_Channel1_IRQHandler
                0x08009e40                QUADSPI_IRQHandler
                0x08009e40                I2C1_EV_IRQHandler
                0x08009e40                DMA1_Channel6_IRQHandler
                0x08009e40                DMA2_Channel4_IRQHandler
                0x08009e40                RCC_IRQHandler
                0x08009e40                TIM1_TRG_COM_IRQHandler
                0x08009e40                DMA1_Channel1_IRQHandler
                0x08009e40                Default_Handler
                0x08009e40                DMA2_Channel7_IRQHandler
                0x08009e40                EXTI15_10_IRQHandler
                0x08009e40                I2C3_EV_IRQHandler
                0x08009e40                EXTI9_5_IRQHandler
                0x08009e40                RTC_WKUP_IRQHandler
                0x08009e40                PVD_PVM_IRQHandler
                0x08009e40                SPI2_IRQHandler
                0x08009e40                DMA2_Channel5_IRQHandler
                0x08009e40                CRS_IRQHandler
                0x08009e40                DMA1_Channel5_IRQHandler
                0x08009e40                EXTI4_IRQHandler
                0x08009e40                RNG_IRQHandler
                0x08009e40                DMA1_Channel3_IRQHandler
                0x08009e40                COMP_IRQHandler
                0x08009e40                WWDG_IRQHandler
                0x08009e40                LPUART1_IRQHandler
                0x08009e40                DMA2_Channel6_IRQHandler
                0x08009e40                TIM2_IRQHandler
                0x08009e40                EXTI1_IRQHandler
                0x08009e40                I2C2_ER_IRQHandler
                0x08009e40                DMA1_Channel2_IRQHandler
                0x08009e40                FLASH_IRQHandler
                0x08009e40                USART1_IRQHandler
                0x08009e40                I2C1_ER_IRQHandler
                0x08009e40                LPTIM1_IRQHandler
                0x08009e40                DMA2_Channel3_IRQHandler
                0x08009e40                TIM1_BRK_TIM15_IRQHandler
 *fill*         0x08009e42        0x2 
 .text.__libc_init_array
                0x08009e44       0x48 c:/ncs/v1.7.1/toolchain/opt/bin/../lib/gcc/arm-none-eabi/9.2.1/../../../../arm-none-eabi/lib/thumb/v7e-m+fp/hard\libc_nano.a(lib_a-init.o)
                0x08009e44                __libc_init_array
 .text.memset   0x08009e8c       0x10 c:/ncs/v1.7.1/toolchain/opt/bin/../lib/gcc/arm-none-eabi/9.2.1/../../../../arm-none-eabi/lib/thumb/v7e-m+fp/hard\libc_nano.a(lib_a-memset.o)
                0x08009e8c                memset
 .text.sprintf  0x08009e9c       0x40 c:/ncs/v1.7.1/toolchain/opt/bin/../lib/gcc/arm-none-eabi/9.2.1/../../../../arm-none-eabi/lib/thumb/v7e-m+fp/hard\libc_nano.a(lib_a-sprintf.o)
                0x08009e9c                siprintf
                0x08009e9c                sprintf
 .text.strcat   0x08009edc       0x1e c:/ncs/v1.7.1/toolchain/opt/bin/../lib/gcc/arm-none-eabi/9.2.1/../../../../arm-none-eabi/lib/thumb/v7e-m+fp/hard\libc_nano.a(lib_a-strcat.o)
                0x08009edc                strcat
 .text.strncpy  0x08009efa       0x26 c:/ncs/v1.7.1/toolchain/opt/bin/../lib/gcc/arm-none-eabi/9.2.1/../../../../arm-none-eabi/lib/thumb/v7e-m+fp/hard\libc_nano.a(lib_a-strncpy.o)
                0x08009efa                strncpy
 .text._vsnprintf_r
                0x08009f20       0x58 c:/ncs/v1.7.1/toolchain/opt/bin/../lib/gcc/arm-none-eabi/9.2.1/../../../../arm-none-eabi/lib/thumb/v7e-m+fp/hard\libc_nano.a(lib_a-vsnprintf.o)
                0x08009f20                _vsniprintf_r
                0x08009f20                _vsnprintf_r
 .text.vsnprintf
                0x08009f78       0x1c c:/ncs/v1.7.1/toolchain/opt/bin/../lib/gcc/arm-none-eabi/9.2.1/../../../../arm-none-eabi/lib/thumb/v7e-m+fp/hard\libc_nano.a(lib_a-vsnprintf.o)
                0x08009f78                vsniprintf
                0x08009f78                vsnprintf
 .text.__ssputs_r
                0x08009f94       0xb6 c:/ncs/v1.7.1/toolchain/opt/bin/../lib/gcc/arm-none-eabi/9.2.1/../../../../arm-none-eabi/lib/thumb/v7e-m+fp/hard\libc_nano.a(lib_a-nano-svfprintf.o)
                0x08009f94                __ssputs_r
 *fill*         0x0800a04a        0x2 
 .text._svfprintf_r
                0x0800a04c      0x200 c:/ncs/v1.7.1/toolchain/opt/bin/../lib/gcc/arm-none-eabi/9.2.1/../../../../arm-none-eabi/lib/thumb/v7e-m+fp/hard\libc_nano.a(lib_a-nano-svfprintf.o)
                0x0800a04c                _svfiprintf_r
                0x0800a04c                _svfprintf_r
 .text._printf_common
                0x0800a24c       0xda c:/ncs/v1.7.1/toolchain/opt/bin/../lib/gcc/arm-none-eabi/9.2.1/../../../../arm-none-eabi/lib/thumb/v7e-m+fp/hard\libc_nano.a(lib_a-nano-vfprintf_i.o)
                0x0800a24c                _printf_common
 *fill*         0x0800a326        0x2 
 .text._printf_i
                0x0800a328      0x24c c:/ncs/v1.7.1/toolchain/opt/bin/../lib/gcc/arm-none-eabi/9.2.1/../../../../arm-none-eabi/lib/thumb/v7e-m+fp/hard\libc_nano.a(lib_a-nano-vfprintf_i.o)
                0x0800a328                _printf_i
 .text.memcpy   0x0800a574       0x1c c:/ncs/v1.7.1/toolchain/opt/bin/../lib/gcc/arm-none-eabi/9.2.1/../../../../arm-none-eabi/lib/thumb/v7e-m+fp/hard\libc_nano.a(lib_a-memcpy-stub.o)
                0x0800a574                memcpy
 .text.memmove  0x0800a590       0x34 c:/ncs/v1.7.1/toolchain/opt/bin/../lib/gcc/arm-none-eabi/9.2.1/../../../../arm-none-eabi/lib/thumb/v7e-m+fp/hard\libc_nano.a(lib_a-memmove.o)
                0x0800a590                memmove
 .text._free_r  0x0800a5c4       0xa0 c:/ncs/v1.7.1/toolchain/opt/bin/../lib/gcc/arm-none-eabi/9.2.1/../../../../arm-none-eabi/lib/thumb/v7e-m+fp/hard\libc_nano.a(lib_a-nano-freer.o)
                0x0800a5c4                _free_r
 .text._malloc_r
                0x0800a664       0xb4 c:/ncs/v1.7.1/toolchain/opt/bin/../lib/gcc/arm-none-eabi/9.2.1/../../../../arm-none-eabi/lib/thumb/v7e-m+fp/hard\libc_nano.a(lib_a-nano-mallocr.o)
                0x0800a664                _malloc_r
 .text._realloc_r
                0x0800a718       0x4c c:/ncs/v1.7.1/toolchain/opt/bin/../lib/gcc/arm-none-eabi/9.2.1/../../../../arm-none-eabi/lib/thumb/v7e-m+fp/hard\libc_nano.a(lib_a-nano-reallocr.o)
                0x0800a718                _realloc_r
 .text._sbrk_r  0x0800a764       0x20 c:/ncs/v1.7.1/toolchain/opt/bin/../lib/gcc/arm-none-eabi/9.2.1/../../../../arm-none-eabi/lib/thumb/v7e-m+fp/hard\libc_nano.a(lib_a-sbrkr.o)
                0x0800a764                _sbrk_r
 .text.__malloc_lock
                0x0800a784        0xc c:/ncs/v1.7.1/toolchain/opt/bin/../lib/gcc/arm-none-eabi/9.2.1/../../../../arm-none-eabi/lib/thumb/v7e-m+fp/hard\libc_nano.a(lib_a-mlock.o)
                0x0800a784                __malloc_lock
 .text.__malloc_unlock
                0x0800a790        0xc c:/ncs/v1.7.1/toolchain/opt/bin/../lib/gcc/arm-none-eabi/9.2.1/../../../../arm-none-eabi/lib/thumb/v7e-m+fp/hard\libc_nano.a(lib_a-mlock.o)
                0x0800a790                __malloc_unlock
 .text._malloc_usable_size_r
                0x0800a79c       0x10 c:/ncs/v1.7.1/toolchain/opt/bin/../lib/gcc/arm-none-eabi/9.2.1/../../../../arm-none-eabi/lib/thumb/v7e-m+fp/hard\libc_nano.a(lib_a-nano-msizer.o)
                0x0800a79c                _malloc_usable_size_r
 .text.__retarget_lock_acquire_recursive
                0x0800a7ac        0x2 c:/ncs/v1.7.1/toolchain/opt/bin/../lib/gcc/arm-none-eabi/9.2.1/../../../../arm-none-eabi/lib/thumb/v7e-m+fp/hard\libc_nano.a(lib_a-lock.o)
                0x0800a7ac                __retarget_lock_acquire_recursive
 .text.__retarget_lock_release_recursive
                0x0800a7ae        0x2 c:/ncs/v1.7.1/toolchain/opt/bin/../lib/gcc/arm-none-eabi/9.2.1/../../../../arm-none-eabi/lib/thumb/v7e-m+fp/hard\libc_nano.a(lib_a-lock.o)
                0x0800a7ae                __retarget_lock_release_recursive
 .text._sbrk    0x0800a7b0       0x1c c:/ncs/v1.7.1/toolchain/opt/bin/../lib/gcc/arm-none-eabi/9.2.1/../../../../arm-none-eabi/lib/thumb/v7e-m+fp/hard\libnosys.a(sbrk.o)
                0x0800a7b0                _sbrk
 *(.glue_7)
 .glue_7        0x0800a7cc        0x0 linker stubs
 *(.glue_7t)
 .glue_7t       0x0800a7cc        0x0 linker stubs
 *(.eh_frame)
 .eh_frame      0x0800a7cc        0x0 c:/ncs/v1.7.1/toolchain/opt/bin/../lib/gcc/arm-none-eabi/9.2.1/thumb/v7e-m+fp/hard/crtbegin.o
 *(.init)
 .init          0x0800a7cc        0x4 c:/ncs/v1.7.1/toolchain/opt/bin/../lib/gcc/arm-none-eabi/9.2.1/thumb/v7e-m+fp/hard/crti.o
                0x0800a7cc                _init
 .init          0x0800a7d0        0x8 c:/ncs/v1.7.1/toolchain/opt/bin/../lib/gcc/arm-none-eabi/9.2.1/thumb/v7e-m+fp/hard/crtn.o
 *(.fini)
 .fini          0x0800a7d8        0x4 c:/ncs/v1.7.1/toolchain/opt/bin/../lib/gcc/arm-none-eabi/9.2.1/thumb/v7e-m+fp/hard/crti.o
                0x0800a7d8                _fini
 .fini          0x0800a7dc        0x8 c:/ncs/v1.7.1/toolchain/opt/bin/../lib/gcc/arm-none-eabi/9.2.1/thumb/v7e-m+fp/hard/crtn.o
                0x0800a7e8                . = ALIGN (0x8)
 *fill*         0x0800a7e4        0x4 
                0x0800a7e8                _etext = .

.vfp11_veneer   0x0800a7e8        0x0
 .vfp11_veneer  0x0800a7e8        0x0 linker stubs

.v4_bx          0x0800a7e8        0x0
 .v4_bx         0x0800a7e8        0x0 linker stubs

.iplt           0x0800a7e8        0x0
 .iplt          0x0800a7e8        0x0 c:/ncs/v1.7.1/toolchain/opt/bin/../lib/gcc/arm-none-eabi/9.2.1/thumb/v7e-m+fp/hard/crtbegin.o

.rodata         0x0800a7e8      0x578
                0x0800a7e8                . = ALIGN (0x8)
 *(.rodata)
 *(.rodata*)
 .rodata.newLog.str1.4
                0x0800a7e8      0x18a build/main.o
 *fill*         0x0800a972        0x2 
 .rodata.appendFile.str1.4
                0x0800a974       0x67 build/main.o
 *fill*         0x0800a9db        0x1 
 .rodata.buffer_sync.str1.4
                0x0800a9dc       0x71 build/main.o
 *fill*         0x0800aa4d        0x3 
 .rodata.appendDATA.str1.4
                0x0800aa50       0xd2 build/main.o
 *fill*         0x0800ab22        0x2 
 .rodata.main.str1.4
                0x0800ab24       0xc1 build/main.o
 *fill*         0x0800abe5        0x3 
 .rodata.AHBPrescTable
                0x0800abe8       0x10 build/system_stm32l4xx.o
                0x0800abe8                AHBPrescTable
 .rodata.APBPrescTable
                0x0800abf8        0x8 build/system_stm32l4xx.o
                0x0800abf8                APBPrescTable
 .rodata.MSIRangeTable
                0x0800ac00       0x30 build/system_stm32l4xx.o
                0x0800ac00                MSIRangeTable
 .rodata.create_name.str1.4
                0x0800ac30        0xf build/ff.o
 *fill*         0x0800ac3f        0x1 
 .rodata.ExCvt  0x0800ac40       0x80 build/ff.o
 .rodata.USBD_FS_ProductStrDescriptor.str1.4
                0x0800acc0       0x13 build/usbd_desc.o
 *fill*         0x0800acd3        0x1 
 .rodata.USBD_FS_ManufacturerStrDescriptor.str1.4
                0x0800acd4       0x13 build/usbd_desc.o
 *fill*         0x0800ace7        0x1 
 .rodata.USBD_FS_ConfigStrDescriptor.str1.4
                0x0800ace8        0xb build/usbd_desc.o
 *fill*         0x0800acf3        0x1 
 .rodata.USBD_FS_InterfaceStrDescriptor.str1.4
                0x0800acf4        0xe build/usbd_desc.o
 *fill*         0x0800ad02        0x2 
 .rodata.STORAGE_Inquirydata_FS
                0x0800ad04       0x24 build/usbd_storage_if.o
                0x0800ad04                STORAGE_Inquirydata_FS
 .rodata._svfprintf_r.str1.1
                0x0800ad28       0x11 c:/ncs/v1.7.1/toolchain/opt/bin/../lib/gcc/arm-none-eabi/9.2.1/../../../../arm-none-eabi/lib/thumb/v7e-m+fp/hard\libc_nano.a(lib_a-nano-svfprintf.o)
 .rodata._printf_i.str1.1
                0x0800ad39       0x22 c:/ncs/v1.7.1/toolchain/opt/bin/../lib/gcc/arm-none-eabi/9.2.1/../../../../arm-none-eabi/lib/thumb/v7e-m+fp/hard\libc_nano.a(lib_a-nano-vfprintf_i.o)
                0x0800ad60                . = ALIGN (0x8)
 *fill*         0x0800ad5b        0x5 

.ARM.extab      0x0800ad60        0x0
                0x0800ad60                . = ALIGN (0x8)
 *(.ARM.extab* .gnu.linkonce.armextab.*)
                0x0800ad60                . = ALIGN (0x8)

.ARM            0x0800ad60        0x8
                0x0800ad60                . = ALIGN (0x8)
                0x0800ad60                __exidx_start = .
 *(.ARM.exidx*)
 .ARM.exidx     0x0800ad60        0x8 c:/ncs/v1.7.1/toolchain/opt/bin/../lib/gcc/arm-none-eabi/9.2.1/thumb/v7e-m+fp/hard\libgcc.a(_udivmoddi4.o)
                0x0800ad68                __exidx_end = .
                0x0800ad68                . = ALIGN (0x8)

.rel.dyn        0x0800ad68        0x0
 .rel.iplt      0x0800ad68        0x0 c:/ncs/v1.7.1/toolchain/opt/bin/../lib/gcc/arm-none-eabi/9.2.1/thumb/v7e-m+fp/hard/crtbegin.o

.preinit_array  0x0800ad68        0x0
                0x0800ad68                . = ALIGN (0x8)
                0x0800ad68                PROVIDE (__preinit_array_start = .)
 *(.preinit_array*)
                0x0800ad68                PROVIDE (__preinit_array_end = .)
                0x0800ad68                . = ALIGN (0x8)

.init_array     0x0800ad68        0x8
                0x0800ad68                . = ALIGN (0x8)
                0x0800ad68                PROVIDE (__init_array_start = .)
 *(SORT_BY_NAME(.init_array.*))
 *(.init_array*)
 .init_array    0x0800ad68        0x4 c:/ncs/v1.7.1/toolchain/opt/bin/../lib/gcc/arm-none-eabi/9.2.1/thumb/v7e-m+fp/hard/crtbegin.o
                0x0800ad6c                PROVIDE (__init_array_end = .)
                0x0800ad70                . = ALIGN (0x8)
 *fill*         0x0800ad6c        0x4 

.fini_array     0x0800ad70        0x8
                0x0800ad70                . = ALIGN (0x8)
                [!provide]                PROVIDE (__fini_array_start = .)
 *(SORT_BY_NAME(.fini_array.*))
 *(.fini_array*)
 .fini_array    0x0800ad70        0x4 c:/ncs/v1.7.1/toolchain/opt/bin/../lib/gcc/arm-none-eabi/9.2.1/thumb/v7e-m+fp/hard/crtbegin.o
                [!provide]                PROVIDE (__fini_array_end = .)
                0x0800ad78                . = ALIGN (0x8)
 *fill*         0x0800ad74        0x4 
                0x0800ad78                _sidata = LOADADDR (.data)

.data           0x20000000      0x1f8 load address 0x0800ad78
                0x20000000                . = ALIGN (0x8)
                0x20000000                _sdata = .
 *(.data)
 *(.data*)
 .data.BOARD_POWER_UP
                0x20000000        0x1 build/main.o
                0x20000000                BOARD_POWER_UP
 *fill*         0x20000001        0x3 
 .data.LOCATION_BUFFER_ITERATOR
                0x20000004        0x4 build/main.o
                0x20000004                LOCATION_BUFFER_ITERATOR
 .data.RESET_FLAG
                0x20000008        0x1 build/main.o
                0x20000008                RESET_FLAG
 *fill*         0x20000009        0x3 
 .data.USER_Driver
                0x2000000c       0x14 build/user_diskio.o
                0x2000000c                USER_Driver
 .data.Stat     0x20000020        0x1 build/user_diskio_spi.o
 .data.uwTickFreq
                0x20000021        0x1 build/stm32l4xx_hal.o
                0x20000021                uwTickFreq
 *fill*         0x20000022        0x2 
 .data.uwTickPrio
                0x20000024        0x4 build/stm32l4xx_hal.o
                0x20000024                uwTickPrio
 .data.SystemCoreClock
                0x20000028        0x4 build/system_stm32l4xx.o
                0x20000028                SystemCoreClock
 .data.FS_Desc  0x2000002c       0x20 build/usbd_desc.o
                0x2000002c                FS_Desc
 .data.USBD_FS_BOSDesc
                0x2000004c        0xc build/usbd_desc.o
                0x2000004c                USBD_FS_BOSDesc
 .data.USBD_FS_DeviceDesc
                0x20000058       0x12 build/usbd_desc.o
                0x20000058                USBD_FS_DeviceDesc
 *fill*         0x2000006a        0x2 
 .data.USBD_LangIDDesc
                0x2000006c        0x4 build/usbd_desc.o
                0x2000006c                USBD_LangIDDesc
 .data.USBD_StringSerial
                0x20000070       0x1a build/usbd_desc.o
                0x20000070                USBD_StringSerial
 *fill*         0x2000008a        0x2 
 .data.USBD_Storage_Interface_fops_FS
                0x2000008c       0x20 build/usbd_storage_if.o
                0x2000008c                USBD_Storage_Interface_fops_FS
 .data.USBD_MSC
                0x200000ac       0x38 build/usbd_msc.o
                0x200000ac                USBD_MSC
 .data.USBD_MSC_CfgFSDesc
                0x200000e4       0x20 build/usbd_msc.o
 .data.USBD_MSC_CfgHSDesc
                0x20000104       0x20 build/usbd_msc.o
 .data.USBD_MSC_DeviceQualifierDesc
                0x20000124        0xa build/usbd_msc.o
 *fill*         0x2000012e        0x2 
 .data.USBD_MSC_OtherSpeedCfgDesc
                0x20000130       0x20 build/usbd_msc.o
 .data.MSC_Mode_Sense10_data
                0x20000150       0x1b build/usbd_msc_data.o
                0x20000150                MSC_Mode_Sense10_data
 *fill*         0x2000016b        0x1 
 .data.MSC_Mode_Sense6_data
                0x2000016c       0x17 build/usbd_msc_data.o
                0x2000016c                MSC_Mode_Sense6_data
 *fill*         0x20000183        0x1 
 .data.MSC_Page00_Inquiry_Data
                0x20000184        0x6 build/usbd_msc_data.o
                0x20000184                MSC_Page00_Inquiry_Data
 *fill*         0x2000018a        0x2 
 .data.MSC_Page80_Inquiry_Data
                0x2000018c        0x8 build/usbd_msc_data.o
                0x2000018c                MSC_Page80_Inquiry_Data
 .data._impure_ptr
                0x20000194        0x4 c:/ncs/v1.7.1/toolchain/opt/bin/../lib/gcc/arm-none-eabi/9.2.1/../../../../arm-none-eabi/lib/thumb/v7e-m+fp/hard\libc_nano.a(lib_a-impure.o)
                0x20000194                _impure_ptr
 .data.impure_data
                0x20000198       0x60 c:/ncs/v1.7.1/toolchain/opt/bin/../lib/gcc/arm-none-eabi/9.2.1/../../../../arm-none-eabi/lib/thumb/v7e-m+fp/hard\libc_nano.a(lib_a-impure.o)
                0x200001f8                . = ALIGN (0x8)
                0x200001f8                _edata = .

.igot.plt       0x200001f8        0x0 load address 0x0800af70
 .igot.plt      0x200001f8        0x0 c:/ncs/v1.7.1/toolchain/opt/bin/../lib/gcc/arm-none-eabi/9.2.1/thumb/v7e-m+fp/hard/crtbegin.o
                0x200001f8                . = ALIGN (0x4)

.bss            0x200001f8     0x3b78 load address 0x0800af70
                0x200001f8                _sbss = .
                0x200001f8                __bss_start__ = _sbss
 *(.bss)
 .bss           0x200001f8       0x1c c:/ncs/v1.7.1/toolchain/opt/bin/../lib/gcc/arm-none-eabi/9.2.1/thumb/v7e-m+fp/hard/crtbegin.o
 *(.bss*)
 .bss.RX_BACKUP_Flag
                0x20000214        0x1 build/main.o
                0x20000214                RX_BACKUP_Flag
 .bss.RX_Flag   0x20000215        0x1 build/main.o
                0x20000215                RX_Flag
 .bss.SD_Flag   0x20000216        0x1 build/main.o
                0x20000216                SD_Flag
 .bss.SD_MOUNT_FAIL
                0x20000217        0x1 build/main.o
                0x20000217                SD_MOUNT_FAIL
 .bss.USB_Flag  0x20000218        0x1 build/main.o
                0x20000218                USB_Flag
 *fill*         0x20000219        0x3 
 .bss.buffer.10706
                0x2000021c      0x1f4 build/main.o
 .bss.newFileName
                0x20000410        0xd build/main.o
 .bss.CardType  0x2000041d        0x1 build/user_diskio_spi.o
 *fill*         0x2000041e        0x2 
 .bss.FatFs     0x20000420        0x4 build/ff.o
 .bss.Files     0x20000424       0x20 build/ff.o
 .bss.Fsid      0x20000444        0x2 build/ff.o
 *fill*         0x20000446        0x2 
 .bss.disk      0x20000448        0xc build/ff_gen_drv.o
                0x20000448                disk
 .bss.mem.10775
                0x20000454      0x278 build/usbd_conf.o
 .bss.cfgidx.10575
                0x200006cc        0x1 build/usbd_ctlreq.o
 *fill*         0x200006cd        0x3 
 .bss.__malloc_free_list
                0x200006d0        0x4 c:/ncs/v1.7.1/toolchain/opt/bin/../lib/gcc/arm-none-eabi/9.2.1/../../../../arm-none-eabi/lib/thumb/v7e-m+fp/hard\libc_nano.a(lib_a-nano-mallocr.o)
                0x200006d0                __malloc_free_list
 .bss.__malloc_sbrk_start
                0x200006d4        0x4 c:/ncs/v1.7.1/toolchain/opt/bin/../lib/gcc/arm-none-eabi/9.2.1/../../../../arm-none-eabi/lib/thumb/v7e-m+fp/hard\libc_nano.a(lib_a-nano-mallocr.o)
                0x200006d4                __malloc_sbrk_start
 .bss.heap_end.5507
                0x200006d8        0x4 c:/ncs/v1.7.1/toolchain/opt/bin/../lib/gcc/arm-none-eabi/9.2.1/../../../../arm-none-eabi/lib/thumb/v7e-m+fp/hard\libnosys.a(sbrk.o)
 *(COMMON)
 COMMON         0x200006dc     0x2a40 build/main.o
                0x200006dc                hspi2
                0x20000740                FatFs
                0x20000970                hcrc
                0x20000994                newFile
                0x20000bc4                Rx_data
                0x20001bc4                wakeup
                0x20001bcc                FATPATH
                0x20001bd0                hspi1
                0x20001c34                huart2
                0x20001cb8                Rx_back_up
                0x20002cb8                fres
                0x20002cbc                fil
                0x20002eec                workingFile
 COMMON         0x2000311c        0x8 build/user_diskio_spi.o
                0x2000311c                spiTimerTickStart
                0x20003120                spiTimerTickDelay
 COMMON         0x20003124      0x468 build/fatfs.o
                0x20003124                USERPath
                0x20003128                retUSER
                0x2000312c                USERFile
                0x2000335c                USERFatFS
 COMMON         0x2000358c        0x4 build/stm32l4xx_hal.o
                0x2000358c                uwTick
 COMMON         0x20003590        0x1 build/SPI_FRAM.o
                0x20003590                spi_fram
 *fill*         0x20003591        0x3 
 COMMON         0x20003594      0x2d0 build/usb_device.o
                0x20003594                hUsbDeviceFS
 COMMON         0x20003864      0x200 build/usbd_desc.o
                0x20003864                USBD_StrDesc
 COMMON         0x20003a64      0x2fc build/usbd_conf.o
                0x20003a64                hpcd_USB_FS
 COMMON         0x20003d60        0x4 c:/ncs/v1.7.1/toolchain/opt/bin/../lib/gcc/arm-none-eabi/9.2.1/../../../../arm-none-eabi/lib/thumb/v7e-m+fp/hard\libc_nano.a(lib_a-reent.o)
                0x20003d60                errno
 COMMON         0x20003d64        0x9 c:/ncs/v1.7.1/toolchain/opt/bin/../lib/gcc/arm-none-eabi/9.2.1/../../../../arm-none-eabi/lib/thumb/v7e-m+fp/hard\libc_nano.a(lib_a-lock.o)
                0x20003d64                __lock___atexit_recursive_mutex
                0x20003d65                __lock___arc4random_mutex
                0x20003d66                __lock___env_recursive_mutex
                0x20003d67                __lock___sinit_recursive_mutex
                0x20003d68                __lock___malloc_recursive_mutex
                0x20003d69                __lock___at_quick_exit_mutex
                0x20003d6a                __lock___dd_hash_mutex
                0x20003d6b                __lock___tz_mutex
                0x20003d6c                __lock___sfp_recursive_mutex
                0x20003d70                . = ALIGN (0x4)
 *fill*         0x20003d6d        0x3 
                0x20003d70                _ebss = .
                0x20003d70                __bss_end__ = _ebss

._user_heap_stack
                0x20003d70      0x600 load address 0x0800af70
                0x20003d70                . = ALIGN (0x8)
                0x20003d70                PROVIDE (end = .)
                [!provide]                PROVIDE (_end = .)
                0x20003f70                . = (. + _Min_Heap_Size)
 *fill*         0x20003d70      0x200 
                0x20004370                . = (. + _Min_Stack_Size)
 *fill*         0x20003f70      0x400 
                0x20004370                . = ALIGN (0x8)

/DISCARD/
 libc.a(*)
 libm.a(*)
 libgcc.a(*)

.ARM.attributes
                0x00000000       0x30
 *(.ARM.attributes)
 .ARM.attributes
                0x00000000       0x1e c:/ncs/v1.7.1/toolchain/opt/bin/../lib/gcc/arm-none-eabi/9.2.1/thumb/v7e-m+fp/hard/crti.o
 .ARM.attributes
                0x0000001e       0x34 c:/ncs/v1.7.1/toolchain/opt/bin/../lib/gcc/arm-none-eabi/9.2.1/thumb/v7e-m+fp/hard/crtbegin.o
 .ARM.attributes
                0x00000052       0x34 build/main.o
 .ARM.attributes
                0x00000086       0x34 build/stm32l4xx_it.o
 .ARM.attributes
                0x000000ba       0x34 build/stm32l4xx_hal_msp.o
 .ARM.attributes
                0x000000ee       0x34 build/user_diskio.o
 .ARM.attributes
                0x00000122       0x34 build/user_diskio_spi.o
 .ARM.attributes
                0x00000156       0x34 build/fatfs.o
 .ARM.attributes
                0x0000018a       0x34 build/stm32l4xx_hal.o
 .ARM.attributes
                0x000001be       0x34 build/stm32l4xx_hal_rcc.o
 .ARM.attributes
                0x000001f2       0x34 build/stm32l4xx_hal_rcc_ex.o
 .ARM.attributes
                0x00000226       0x34 build/stm32l4xx_hal_gpio.o
 .ARM.attributes
                0x0000025a       0x34 build/stm32l4xx_hal_dma.o
 .ARM.attributes
                0x0000028e       0x34 build/stm32l4xx_hal_pwr_ex.o
 .ARM.attributes
                0x000002c2       0x34 build/stm32l4xx_hal_cortex.o
 .ARM.attributes
                0x000002f6       0x34 build/stm32l4xx_hal_spi.o
 .ARM.attributes
                0x0000032a       0x34 build/stm32l4xx_hal_uart.o
 .ARM.attributes
                0x0000035e       0x34 build/stm32l4xx_hal_uart_ex.o
 .ARM.attributes
                0x00000392       0x34 build/system_stm32l4xx.o
 .ARM.attributes
                0x000003c6       0x34 build/SPI_FRAM.o
 .ARM.attributes
                0x000003fa       0x34 build/diskio.o
 .ARM.attributes
                0x0000042e       0x34 build/ff.o
 .ARM.attributes
                0x00000462       0x34 build/ff_gen_drv.o
 .ARM.attributes
                0x00000496       0x34 build/stm32l4xx_hal_crc.o
 .ARM.attributes
                0x000004ca       0x34 build/stm32l4xx_hal_crc_ex.o
 .ARM.attributes
                0x000004fe       0x34 build/stm32l4xx_hal_pcd.o
 .ARM.attributes
                0x00000532       0x34 build/stm32l4xx_hal_pcd_ex.o
 .ARM.attributes
                0x00000566       0x34 build/stm32l4xx_ll_usb.o
 .ARM.attributes
                0x0000059a       0x34 build/usb_device.o
 .ARM.attributes
                0x000005ce       0x34 build/usbd_desc.o
 .ARM.attributes
                0x00000602       0x34 build/usbd_storage_if.o
 .ARM.attributes
                0x00000636       0x34 build/usbd_conf.o
 .ARM.attributes
                0x0000066a       0x34 build/usbd_core.o
 .ARM.attributes
                0x0000069e       0x34 build/usbd_ctlreq.o
 .ARM.attributes
                0x000006d2       0x34 build/usbd_ioreq.o
 .ARM.attributes
                0x00000706       0x34 build/usbd_msc.o
 .ARM.attributes
                0x0000073a       0x34 build/usbd_msc_bot.o
 .ARM.attributes
                0x0000076e       0x39 build/usbd_msc_data.o
 .ARM.attributes
                0x000007a7       0x34 build/usbd_msc_scsi.o
 .ARM.attributes
                0x000007db       0x21 build/startup_stm32l412xx.o
 .ARM.attributes
                0x000007fc       0x32 c:/ncs/v1.7.1/toolchain/opt/bin/../lib/gcc/arm-none-eabi/9.2.1/../../../../arm-none-eabi/lib/thumb/v7e-m+fp/hard\libc_nano.a(lib_a-impure.o)
 .ARM.attributes
                0x0000082e       0x34 c:/ncs/v1.7.1/toolchain/opt/bin/../lib/gcc/arm-none-eabi/9.2.1/../../../../arm-none-eabi/lib/thumb/v7e-m+fp/hard\libc_nano.a(lib_a-init.o)
 .ARM.attributes
                0x00000862       0x34 c:/ncs/v1.7.1/toolchain/opt/bin/../lib/gcc/arm-none-eabi/9.2.1/../../../../arm-none-eabi/lib/thumb/v7e-m+fp/hard\libc_nano.a(lib_a-memset.o)
 .ARM.attributes
                0x00000896       0x34 c:/ncs/v1.7.1/toolchain/opt/bin/../lib/gcc/arm-none-eabi/9.2.1/../../../../arm-none-eabi/lib/thumb/v7e-m+fp/hard\libc_nano.a(lib_a-sprintf.o)
 .ARM.attributes
                0x000008ca       0x34 c:/ncs/v1.7.1/toolchain/opt/bin/../lib/gcc/arm-none-eabi/9.2.1/../../../../arm-none-eabi/lib/thumb/v7e-m+fp/hard\libc_nano.a(lib_a-strcat.o)
 .ARM.attributes
                0x000008fe       0x17 c:/ncs/v1.7.1/toolchain/opt/bin/../lib/gcc/arm-none-eabi/9.2.1/../../../../arm-none-eabi/lib/thumb/v7e-m+fp/hard\libc_nano.a(lib_a-strlen.o)
 .ARM.attributes
                0x00000915       0x34 c:/ncs/v1.7.1/toolchain/opt/bin/../lib/gcc/arm-none-eabi/9.2.1/../../../../arm-none-eabi/lib/thumb/v7e-m+fp/hard\libc_nano.a(lib_a-strncpy.o)
 .ARM.attributes
                0x00000949       0x34 c:/ncs/v1.7.1/toolchain/opt/bin/../lib/gcc/arm-none-eabi/9.2.1/../../../../arm-none-eabi/lib/thumb/v7e-m+fp/hard\libc_nano.a(lib_a-vsnprintf.o)
 .ARM.attributes
                0x0000097d       0x34 c:/ncs/v1.7.1/toolchain/opt/bin/../lib/gcc/arm-none-eabi/9.2.1/../../../../arm-none-eabi/lib/thumb/v7e-m+fp/hard\libc_nano.a(lib_a-nano-svfprintf.o)
 .ARM.attributes
                0x000009b1       0x34 c:/ncs/v1.7.1/toolchain/opt/bin/../lib/gcc/arm-none-eabi/9.2.1/../../../../arm-none-eabi/lib/thumb/v7e-m+fp/hard\libc_nano.a(lib_a-nano-vfprintf_i.o)
 .ARM.attributes
                0x000009e5       0x1c c:/ncs/v1.7.1/toolchain/opt/bin/../lib/gcc/arm-none-eabi/9.2.1/../../../../arm-none-eabi/lib/thumb/v7e-m+fp/hard\libc_nano.a(lib_a-memchr.o)
 .ARM.attributes
                0x00000a01       0x34 c:/ncs/v1.7.1/toolchain/opt/bin/../lib/gcc/arm-none-eabi/9.2.1/../../../../arm-none-eabi/lib/thumb/v7e-m+fp/hard\libc_nano.a(lib_a-memcpy-stub.o)
 .ARM.attributes
                0x00000a35       0x34 c:/ncs/v1.7.1/toolchain/opt/bin/../lib/gcc/arm-none-eabi/9.2.1/../../../../arm-none-eabi/lib/thumb/v7e-m+fp/hard\libc_nano.a(lib_a-memmove.o)
 .ARM.attributes
                0x00000a69       0x34 c:/ncs/v1.7.1/toolchain/opt/bin/../lib/gcc/arm-none-eabi/9.2.1/../../../../arm-none-eabi/lib/thumb/v7e-m+fp/hard\libc_nano.a(lib_a-nano-freer.o)
 .ARM.attributes
                0x00000a9d       0x34 c:/ncs/v1.7.1/toolchain/opt/bin/../lib/gcc/arm-none-eabi/9.2.1/../../../../arm-none-eabi/lib/thumb/v7e-m+fp/hard\libc_nano.a(lib_a-nano-mallocr.o)
 .ARM.attributes
                0x00000ad1       0x34 c:/ncs/v1.7.1/toolchain/opt/bin/../lib/gcc/arm-none-eabi/9.2.1/../../../../arm-none-eabi/lib/thumb/v7e-m+fp/hard\libc_nano.a(lib_a-nano-reallocr.o)
 .ARM.attributes
                0x00000b05       0x34 c:/ncs/v1.7.1/toolchain/opt/bin/../lib/gcc/arm-none-eabi/9.2.1/../../../../arm-none-eabi/lib/thumb/v7e-m+fp/hard\libc_nano.a(lib_a-sbrkr.o)
 .ARM.attributes
                0x00000b39       0x34 c:/ncs/v1.7.1/toolchain/opt/bin/../lib/gcc/arm-none-eabi/9.2.1/../../../../arm-none-eabi/lib/thumb/v7e-m+fp/hard\libc_nano.a(lib_a-mlock.o)
 .ARM.attributes
                0x00000b6d       0x34 c:/ncs/v1.7.1/toolchain/opt/bin/../lib/gcc/arm-none-eabi/9.2.1/../../../../arm-none-eabi/lib/thumb/v7e-m+fp/hard\libc_nano.a(lib_a-nano-msizer.o)
 .ARM.attributes
                0x00000ba1       0x34 c:/ncs/v1.7.1/toolchain/opt/bin/../lib/gcc/arm-none-eabi/9.2.1/../../../../arm-none-eabi/lib/thumb/v7e-m+fp/hard\libc_nano.a(lib_a-reent.o)
 .ARM.attributes
                0x00000bd5       0x34 c:/ncs/v1.7.1/toolchain/opt/bin/../lib/gcc/arm-none-eabi/9.2.1/../../../../arm-none-eabi/lib/thumb/v7e-m+fp/hard\libc_nano.a(lib_a-lock.o)
 .ARM.attributes
                0x00000c09       0x34 c:/ncs/v1.7.1/toolchain/opt/bin/../lib/gcc/arm-none-eabi/9.2.1/../../../../arm-none-eabi/lib/thumb/v7e-m+fp/hard\libnosys.a(sbrk.o)
 .ARM.attributes
                0x00000c3d       0x1e c:/ncs/v1.7.1/toolchain/opt/bin/../lib/gcc/arm-none-eabi/9.2.1/thumb/v7e-m+fp/hard\libgcc.a(_aeabi_uldivmod.o)
 .ARM.attributes
                0x00000c5b       0x34 c:/ncs/v1.7.1/toolchain/opt/bin/../lib/gcc/arm-none-eabi/9.2.1/thumb/v7e-m+fp/hard\libgcc.a(_udivmoddi4.o)
 .ARM.attributes
                0x00000c8f       0x1e c:/ncs/v1.7.1/toolchain/opt/bin/../lib/gcc/arm-none-eabi/9.2.1/thumb/v7e-m+fp/hard\libgcc.a(_dvmd_tls.o)
 .ARM.attributes
                0x00000cad       0x1e c:/ncs/v1.7.1/toolchain/opt/bin/../lib/gcc/arm-none-eabi/9.2.1/thumb/v7e-m+fp/hard/crtn.o
OUTPUT(build/SD_Logger_Test.elf elf32-littlearm)

.debug_info     0x00000000    0x3c69b
 .debug_info    0x00000000     0x46cc build/main.o
 .debug_info    0x000046cc     0x1016 build/stm32l4xx_it.o
 .debug_info    0x000056e2     0x180f build/stm32l4xx_hal_msp.o
 .debug_info    0x00006ef1     0x10b7 build/user_diskio.o
 .debug_info    0x00007fa8     0x1fc5 build/user_diskio_spi.o
 .debug_info    0x00009f6d     0x1146 build/fatfs.o
 .debug_info    0x0000b0b3      0xd31 build/stm32l4xx_hal.o
 .debug_info    0x0000bde4     0x1239 build/stm32l4xx_hal_rcc.o
 .debug_info    0x0000d01d     0x12a2 build/stm32l4xx_hal_rcc_ex.o
 .debug_info    0x0000e2bf      0xb7b build/stm32l4xx_hal_gpio.o
 .debug_info    0x0000ee3a      0xb22 build/stm32l4xx_hal_dma.o
 .debug_info    0x0000f95c      0xdb7 build/stm32l4xx_hal_pwr_ex.o
 .debug_info    0x00010713     0x1313 build/stm32l4xx_hal_cortex.o
 .debug_info    0x00011a26     0x2520 build/stm32l4xx_hal_spi.o
 .debug_info    0x00013f46     0x55f5 build/stm32l4xx_hal_uart.o
 .debug_info    0x0001953b     0x133b build/stm32l4xx_hal_uart_ex.o
 .debug_info    0x0001a876      0x848 build/system_stm32l4xx.o
 .debug_info    0x0001b0be     0x1a3b build/SPI_FRAM.o
 .debug_info    0x0001caf9     0x10d8 build/diskio.o
 .debug_info    0x0001dbd1     0x52be build/ff.o
 .debug_info    0x00022e8f     0x1025 build/ff_gen_drv.o
 .debug_info    0x00023eb4      0x8ae build/stm32l4xx_hal_crc.o
 .debug_info    0x00024762      0x5fb build/stm32l4xx_hal_crc_ex.o
 .debug_info    0x00024d5d     0x1fea build/stm32l4xx_hal_pcd.o
 .debug_info    0x00026d47      0xd08 build/stm32l4xx_hal_pcd_ex.o
 .debug_info    0x00027a4f     0x1fce build/stm32l4xx_ll_usb.o
 .debug_info    0x00029a1d     0x13f5 build/usb_device.o
 .debug_info    0x0002ae12     0x128e build/usbd_desc.o
 .debug_info    0x0002c0a0     0x19ee build/usbd_storage_if.o
 .debug_info    0x0002da8e     0x2f2e build/usbd_conf.o
 .debug_info    0x000309bc     0x1b0d build/usbd_core.o
 .debug_info    0x000324c9     0x1fba build/usbd_ctlreq.o
 .debug_info    0x00034483     0x14f1 build/usbd_ioreq.o
 .debug_info    0x00035974     0x1bf7 build/usbd_msc.o
 .debug_info    0x0003756b     0x1c1a build/usbd_msc_bot.o
 .debug_info    0x00039185      0xd27 build/usbd_msc_data.o
 .debug_info    0x00039eac     0x27cd build/usbd_msc_scsi.o
 .debug_info    0x0003c679       0x22 build/startup_stm32l412xx.o

.debug_abbrev   0x00000000     0x6667
 .debug_abbrev  0x00000000      0x4b0 build/main.o
 .debug_abbrev  0x000004b0      0x192 build/stm32l4xx_it.o
 .debug_abbrev  0x00000642      0x274 build/stm32l4xx_hal_msp.o
 .debug_abbrev  0x000008b6      0x272 build/user_diskio.o
 .debug_abbrev  0x00000b28      0x3b0 build/user_diskio_spi.o
 .debug_abbrev  0x00000ed8      0x251 build/fatfs.o
 .debug_abbrev  0x00001129      0x24d build/stm32l4xx_hal.o
 .debug_abbrev  0x00001376      0x28e build/stm32l4xx_hal_rcc.o
 .debug_abbrev  0x00001604      0x27e build/stm32l4xx_hal_rcc_ex.o
 .debug_abbrev  0x00001882      0x24f build/stm32l4xx_hal_gpio.o
 .debug_abbrev  0x00001ad1      0x27a build/stm32l4xx_hal_dma.o
 .debug_abbrev  0x00001d4b      0x247 build/stm32l4xx_hal_pwr_ex.o
 .debug_abbrev  0x00001f92      0x3a8 build/stm32l4xx_hal_cortex.o
 .debug_abbrev  0x0000233a      0x2a4 build/stm32l4xx_hal_spi.o
 .debug_abbrev  0x000025de      0x340 build/stm32l4xx_hal_uart.o
 .debug_abbrev  0x0000291e      0x30c build/stm32l4xx_hal_uart_ex.o
 .debug_abbrev  0x00002c2a      0x16a build/system_stm32l4xx.o
 .debug_abbrev  0x00002d94      0x356 build/SPI_FRAM.o
 .debug_abbrev  0x000030ea      0x294 build/diskio.o
 .debug_abbrev  0x0000337e      0x397 build/ff.o
 .debug_abbrev  0x00003715      0x2b7 build/ff_gen_drv.o
 .debug_abbrev  0x000039cc      0x21e build/stm32l4xx_hal_crc.o
 .debug_abbrev  0x00003bea      0x172 build/stm32l4xx_hal_crc_ex.o
 .debug_abbrev  0x00003d5c      0x2f5 build/stm32l4xx_hal_pcd.o
 .debug_abbrev  0x00004051      0x213 build/stm32l4xx_hal_pcd_ex.o
 .debug_abbrev  0x00004264      0x277 build/stm32l4xx_ll_usb.o
 .debug_abbrev  0x000044db      0x239 build/usb_device.o
 .debug_abbrev  0x00004714      0x2dd build/usbd_desc.o
 .debug_abbrev  0x000049f1      0x33d build/usbd_storage_if.o
 .debug_abbrev  0x00004d2e      0x3a6 build/usbd_conf.o
 .debug_abbrev  0x000050d4      0x331 build/usbd_core.o
 .debug_abbrev  0x00005405      0x41c build/usbd_ctlreq.o
 .debug_abbrev  0x00005821      0x23a build/usbd_ioreq.o
 .debug_abbrev  0x00005a5b      0x33f build/usbd_msc.o
 .debug_abbrev  0x00005d9a      0x344 build/usbd_msc_bot.o
 .debug_abbrev  0x000060de      0x1c1 build/usbd_msc_data.o
 .debug_abbrev  0x0000629f      0x3b6 build/usbd_msc_scsi.o
 .debug_abbrev  0x00006655       0x12 build/startup_stm32l412xx.o

.debug_loc      0x00000000    0x1fc01
 .debug_loc     0x00000000      0x805 build/main.o
 .debug_loc     0x00000805       0x60 build/stm32l4xx_it.o
 .debug_loc     0x00000865      0x27e build/stm32l4xx_hal_msp.o
 .debug_loc     0x00000ae3      0x281 build/user_diskio.o
 .debug_loc     0x00000d64      0xead build/user_diskio_spi.o
 .debug_loc     0x00001c11       0x20 build/fatfs.o
 .debug_loc     0x00001c31      0x26d build/stm32l4xx_hal.o
 .debug_loc     0x00001e9e      0xa43 build/stm32l4xx_hal_rcc.o
 .debug_loc     0x000028e1      0xfcc build/stm32l4xx_hal_rcc_ex.o
 .debug_loc     0x000038ad      0x3f4 build/stm32l4xx_hal_gpio.o
 .debug_loc     0x00003ca1      0x94e build/stm32l4xx_hal_dma.o
 .debug_loc     0x000045ef      0x857 build/stm32l4xx_hal_pwr_ex.o
 .debug_loc     0x00004e46      0x7d4 build/stm32l4xx_hal_cortex.o
 .debug_loc     0x0000561a     0x2781 build/stm32l4xx_hal_spi.o
 .debug_loc     0x00007d9b     0x52f0 build/stm32l4xx_hal_uart.o
 .debug_loc     0x0000d08b      0xd5f build/stm32l4xx_hal_uart_ex.o
 .debug_loc     0x0000ddea      0x100 build/system_stm32l4xx.o
 .debug_loc     0x0000deea      0x608 build/SPI_FRAM.o
 .debug_loc     0x0000e4f2      0x323 build/diskio.o
 .debug_loc     0x0000e815     0x5cd0 build/ff.o
 .debug_loc     0x000144e5      0x311 build/ff_gen_drv.o
 .debug_loc     0x000147f6      0x6d8 build/stm32l4xx_hal_crc.o
 .debug_loc     0x00014ece      0x1e1 build/stm32l4xx_hal_crc_ex.o
 .debug_loc     0x000150af     0x1988 build/stm32l4xx_hal_pcd.o
 .debug_loc     0x00016a37      0x2a2 build/stm32l4xx_hal_pcd_ex.o
 .debug_loc     0x00016cd9     0x1ae2 build/stm32l4xx_ll_usb.o
 .debug_loc     0x000187bb       0x20 build/usb_device.o
 .debug_loc     0x000187db      0x4a0 build/usbd_desc.o
 .debug_loc     0x00018c7b      0x2bb build/usbd_storage_if.o
 .debug_loc     0x00018f36     0x1177 build/usbd_conf.o
 .debug_loc     0x0001a0ad      0xdea build/usbd_core.o
 .debug_loc     0x0001ae97     0x18eb build/usbd_ctlreq.o
 .debug_loc     0x0001c782      0x398 build/usbd_ioreq.o
 .debug_loc     0x0001cb1a      0x702 build/usbd_msc.o
 .debug_loc     0x0001d21c      0x65b build/usbd_msc_bot.o
 .debug_loc     0x0001d877     0x238a build/usbd_msc_scsi.o

.debug_aranges  0x00000000     0x17a8
 .debug_aranges
                0x00000000       0xb8 build/main.o
 .debug_aranges
                0x000000b8       0x70 build/stm32l4xx_it.o
 .debug_aranges
                0x00000128       0x50 build/stm32l4xx_hal_msp.o
 .debug_aranges
                0x00000178       0x40 build/user_diskio.o
 .debug_aranges
                0x000001b8       0x98 build/user_diskio_spi.o
 .debug_aranges
                0x00000250       0x28 build/fatfs.o
 .debug_aranges
                0x00000278      0x108 build/stm32l4xx_hal.o
 .debug_aranges
                0x00000380       0x90 build/stm32l4xx_hal_rcc.o
 .debug_aranges
                0x00000410       0xd0 build/stm32l4xx_hal_rcc_ex.o
 .debug_aranges
                0x000004e0       0x58 build/stm32l4xx_hal_gpio.o
 .debug_aranges
                0x00000538       0x80 build/stm32l4xx_hal_dma.o
 .debug_aranges
                0x000005b8      0x148 build/stm32l4xx_hal_pwr_ex.o
 .debug_aranges
                0x00000700       0xa8 build/stm32l4xx_hal_cortex.o
 .debug_aranges
                0x000007a8      0x1d8 build/stm32l4xx_hal_spi.o
 .debug_aranges
                0x00000980      0x228 build/stm32l4xx_hal_uart.o
 .debug_aranges
                0x00000ba8       0x78 build/stm32l4xx_hal_uart_ex.o
 .debug_aranges
                0x00000c20       0x28 build/system_stm32l4xx.o
 .debug_aranges
                0x00000c48       0x68 build/SPI_FRAM.o
 .debug_aranges
                0x00000cb0       0x48 build/diskio.o
 .debug_aranges
                0x00000cf8      0x208 build/ff.o
 .debug_aranges
                0x00000f00       0x40 build/ff_gen_drv.o
 .debug_aranges
                0x00000f40       0x60 build/stm32l4xx_hal_crc.o
 .debug_aranges
                0x00000fa0       0x30 build/stm32l4xx_hal_crc_ex.o
 .debug_aranges
                0x00000fd0      0x138 build/stm32l4xx_hal_pcd.o
 .debug_aranges
                0x00001108       0x58 build/stm32l4xx_hal_pcd_ex.o
 .debug_aranges
                0x00001160       0xf8 build/stm32l4xx_ll_usb.o
 .debug_aranges
                0x00001258       0x20 build/usb_device.o
 .debug_aranges
                0x00001278       0x68 build/usbd_desc.o
 .debug_aranges
                0x000012e0       0x50 build/usbd_storage_if.o
 .debug_aranges
                0x00001330      0x118 build/usbd_conf.o
 .debug_aranges
                0x00001448       0xb8 build/usbd_core.o
 .debug_aranges
                0x00001500       0x88 build/usbd_ctlreq.o
 .debug_aranges
                0x00001588       0x50 build/usbd_ioreq.o
 .debug_aranges
                0x000015d8       0x68 build/usbd_msc.o
 .debug_aranges
                0x00001640       0x68 build/usbd_msc_bot.o
 .debug_aranges
                0x000016a8       0x18 build/usbd_msc_data.o
 .debug_aranges
                0x000016c0       0xc0 build/usbd_msc_scsi.o
 .debug_aranges
                0x00001780       0x28 build/startup_stm32l412xx.o

.debug_ranges   0x00000000     0x1990
 .debug_ranges  0x00000000       0xf8 build/main.o
 .debug_ranges  0x000000f8       0x60 build/stm32l4xx_it.o
 .debug_ranges  0x00000158       0x40 build/stm32l4xx_hal_msp.o
 .debug_ranges  0x00000198       0x30 build/user_diskio.o
 .debug_ranges  0x000001c8       0x88 build/user_diskio_spi.o
 .debug_ranges  0x00000250       0x18 build/fatfs.o
 .debug_ranges  0x00000268       0xf8 build/stm32l4xx_hal.o
 .debug_ranges  0x00000360       0xb8 build/stm32l4xx_hal_rcc.o
 .debug_ranges  0x00000418       0xd8 build/stm32l4xx_hal_rcc_ex.o
 .debug_ranges  0x000004f0       0x48 build/stm32l4xx_hal_gpio.o
 .debug_ranges  0x00000538       0x70 build/stm32l4xx_hal_dma.o
 .debug_ranges  0x000005a8      0x138 build/stm32l4xx_hal_pwr_ex.o
 .debug_ranges  0x000006e0       0xf8 build/stm32l4xx_hal_cortex.o
 .debug_ranges  0x000007d8      0x1c8 build/stm32l4xx_hal_spi.o
 .debug_ranges  0x000009a0      0x230 build/stm32l4xx_hal_uart.o
 .debug_ranges  0x00000bd0       0x68 build/stm32l4xx_hal_uart_ex.o
 .debug_ranges  0x00000c38       0x18 build/system_stm32l4xx.o
 .debug_ranges  0x00000c50       0x70 build/SPI_FRAM.o
 .debug_ranges  0x00000cc0       0x38 build/diskio.o
 .debug_ranges  0x00000cf8      0x1f8 build/ff.o
 .debug_ranges  0x00000ef0       0x30 build/ff_gen_drv.o
 .debug_ranges  0x00000f20       0x50 build/stm32l4xx_hal_crc.o
 .debug_ranges  0x00000f70       0x20 build/stm32l4xx_hal_crc_ex.o
 .debug_ranges  0x00000f90      0x208 build/stm32l4xx_hal_pcd.o
 .debug_ranges  0x00001198       0x48 build/stm32l4xx_hal_pcd_ex.o
 .debug_ranges  0x000011e0      0x320 build/stm32l4xx_ll_usb.o
 .debug_ranges  0x00001500       0x10 build/usb_device.o
 .debug_ranges  0x00001510       0x58 build/usbd_desc.o
 .debug_ranges  0x00001568       0x40 build/usbd_storage_if.o
 .debug_ranges  0x000015a8      0x108 build/usbd_conf.o
 .debug_ranges  0x000016b0       0xa8 build/usbd_core.o
 .debug_ranges  0x00001758       0x78 build/usbd_ctlreq.o
 .debug_ranges  0x000017d0       0x40 build/usbd_ioreq.o
 .debug_ranges  0x00001810       0x58 build/usbd_msc.o
 .debug_ranges  0x00001868       0x58 build/usbd_msc_bot.o
 .debug_ranges  0x000018c0       0xb0 build/usbd_msc_scsi.o
 .debug_ranges  0x00001970       0x20 build/startup_stm32l412xx.o

.debug_line     0x00000000    0x1dffd
 .debug_line    0x00000000      0xfa1 build/main.o
 .debug_line    0x00000fa1      0x33b build/stm32l4xx_it.o
 .debug_line    0x000012dc      0x4a5 build/stm32l4xx_hal_msp.o
 .debug_line    0x00001781      0x325 build/user_diskio.o
 .debug_line    0x00001aa6      0xcb5 build/user_diskio_spi.o
 .debug_line    0x0000275b      0x2e8 build/fatfs.o
 .debug_line    0x00002a43      0x5d5 build/stm32l4xx_hal.o
 .debug_line    0x00003018      0xfc6 build/stm32l4xx_hal_rcc.o
 .debug_line    0x00003fde      0xe05 build/stm32l4xx_hal_rcc_ex.o
 .debug_line    0x00004de3      0x6ab build/stm32l4xx_hal_gpio.o
 .debug_line    0x0000548e      0xa5b build/stm32l4xx_hal_dma.o
 .debug_line    0x00005ee9      0x96f build/stm32l4xx_hal_pwr_ex.o
 .debug_line    0x00006858      0x799 build/stm32l4xx_hal_cortex.o
 .debug_line    0x00006ff1     0x2901 build/stm32l4xx_hal_spi.o
 .debug_line    0x000098f2     0x5257 build/stm32l4xx_hal_uart.o
 .debug_line    0x0000eb49      0xb93 build/stm32l4xx_hal_uart_ex.o
 .debug_line    0x0000f6dc      0x2c9 build/system_stm32l4xx.o
 .debug_line    0x0000f9a5      0x64a build/SPI_FRAM.o
 .debug_line    0x0000ffef      0x382 build/diskio.o
 .debug_line    0x00010371     0x4286 build/ff.o
 .debug_line    0x000145f7      0x3c4 build/ff_gen_drv.o
 .debug_line    0x000149bb      0x65c build/stm32l4xx_hal_crc.o
 .debug_line    0x00015017      0x2d1 build/stm32l4xx_hal_crc_ex.o
 .debug_line    0x000152e8     0x19c6 build/stm32l4xx_hal_pcd.o
 .debug_line    0x00016cae      0x443 build/stm32l4xx_hal_pcd_ex.o
 .debug_line    0x000170f1     0x19bd build/stm32l4xx_ll_usb.o
 .debug_line    0x00018aae      0x356 build/usb_device.o
 .debug_line    0x00018e04      0x4c5 build/usbd_desc.o
 .debug_line    0x000192c9      0x43c build/usbd_storage_if.o