Archive member included to satisfy reference by file (symbol)

c:/ncs/v1.7.1/toolchain/opt/bin/../lib/gcc/arm-none-eabi/9.2.1/../../../../arm-none-eabi/lib/thumb/v7e-m+fp/hard\libc_nano.a(lib_a-exit.o)
                              c:/ncs/v1.7.1/toolchain/opt/bin/../lib/gcc/arm-none-eabi/9.2.1/../../../../arm-none-eabi/lib/thumb/v7e-m+fp/hard/crt0.o (exit)
c:/ncs/v1.7.1/toolchain/opt/bin/../lib/gcc/arm-none-eabi/9.2.1/../../../../arm-none-eabi/lib/thumb/v7e-m+fp/hard\libc_nano.a(lib_a-impure.o)
                              c:/ncs/v1.7.1/toolchain/opt/bin/../lib/gcc/arm-none-eabi/9.2.1/../../../../arm-none-eabi/lib/thumb/v7e-m+fp/hard\libc_nano.a(lib_a-exit.o) (_global_impure_ptr)
c:/ncs/v1.7.1/toolchain/opt/bin/../lib/gcc/arm-none-eabi/9.2.1/../../../../arm-none-eabi/lib/thumb/v7e-m+fp/hard\libc_nano.a(lib_a-init.o)
                              c:/ncs/v1.7.1/toolchain/opt/bin/../lib/gcc/arm-none-eabi/9.2.1/../../../../arm-none-eabi/lib/thumb/v7e-m+fp/hard/crt0.o (__libc_init_array)
c:/ncs/v1.7.1/toolchain/opt/bin/../lib/gcc/arm-none-eabi/9.2.1/../../../../arm-none-eabi/lib/thumb/v7e-m+fp/hard\libc_nano.a(lib_a-memset.o)
                              c:/ncs/v1.7.1/toolchain/opt/bin/../lib/gcc/arm-none-eabi/9.2.1/../../../../arm-none-eabi/lib/thumb/v7e-m+fp/hard/crt0.o (memset)
c:/ncs/v1.7.1/toolchain/opt/bin/../lib/gcc/arm-none-eabi/9.2.1/../../../../arm-none-eabi/lib/thumb/v7e-m+fp/hard\libc_nano.a(lib_a-sprintf.o)
                              build/main.o (sprintf)
c:/ncs/v1.7.1/toolchain/opt/bin/../lib/gcc/arm-none-eabi/9.2.1/../../../../arm-none-eabi/lib/thumb/v7e-m+fp/hard\libc_nano.a(lib_a-strlen.o)
                              build/main.o (strlen)
c:/ncs/v1.7.1/toolchain/opt/bin/../lib/gcc/arm-none-eabi/9.2.1/../../../../arm-none-eabi/lib/thumb/v7e-m+fp/hard\libc_nano.a(lib_a-strncpy.o)
                              build/main.o (strncpy)
c:/ncs/v1.7.1/toolchain/opt/bin/../lib/gcc/arm-none-eabi/9.2.1/../../../../arm-none-eabi/lib/thumb/v7e-m+fp/hard\libc_nano.a(lib_a-vsnprintf.o)
                              build/main.o (vsnprintf)
c:/ncs/v1.7.1/toolchain/opt/bin/../lib/gcc/arm-none-eabi/9.2.1/../../../../arm-none-eabi/lib/thumb/v7e-m+fp/hard\libc_nano.a(lib_a-nano-svfprintf.o)
                              c:/ncs/v1.7.1/toolchain/opt/bin/../lib/gcc/arm-none-eabi/9.2.1/../../../../arm-none-eabi/lib/thumb/v7e-m+fp/hard\libc_nano.a(lib_a-sprintf.o) (_svfprintf_r)
c:/ncs/v1.7.1/toolchain/opt/bin/../lib/gcc/arm-none-eabi/9.2.1/../../../../arm-none-eabi/lib/thumb/v7e-m+fp/hard\libc_nano.a(lib_a-nano-vfprintf_i.o)
                              c:/ncs/v1.7.1/toolchain/opt/bin/../lib/gcc/arm-none-eabi/9.2.1/../../../../arm-none-eabi/lib/thumb/v7e-m+fp/hard\libc_nano.a(lib_a-nano-svfprintf.o) (_printf_i)
c:/ncs/v1.7.1/toolchain/opt/bin/../lib/gcc/arm-none-eabi/9.2.1/../../../../arm-none-eabi/lib/thumb/v7e-m+fp/hard\libc_nano.a(lib_a-memchr.o)
                              c:/ncs/v1.7.1/toolchain/opt/bin/../lib/gcc/arm-none-eabi/9.2.1/../../../../arm-none-eabi/lib/thumb/v7e-m+fp/hard\libc_nano.a(lib_a-nano-svfprintf.o) (memchr)
c:/ncs/v1.7.1/toolchain/opt/bin/../lib/gcc/arm-none-eabi/9.2.1/../../../../arm-none-eabi/lib/thumb/v7e-m+fp/hard\libc_nano.a(lib_a-memcpy-stub.o)
                              c:/ncs/v1.7.1/toolchain/opt/bin/../lib/gcc/arm-none-eabi/9.2.1/../../../../arm-none-eabi/lib/thumb/v7e-m+fp/hard\libc_nano.a(lib_a-nano-svfprintf.o) (memcpy)
c:/ncs/v1.7.1/toolchain/opt/bin/../lib/gcc/arm-none-eabi/9.2.1/../../../../arm-none-eabi/lib/thumb/v7e-m+fp/hard\libc_nano.a(lib_a-memmove.o)
                              c:/ncs/v1.7.1/toolchain/opt/bin/../lib/gcc/arm-none-eabi/9.2.1/../../../../arm-none-eabi/lib/thumb/v7e-m+fp/hard\libc_nano.a(lib_a-nano-svfprintf.o) (memmove)
c:/ncs/v1.7.1/toolchain/opt/bin/../lib/gcc/arm-none-eabi/9.2.1/../../../../arm-none-eabi/lib/thumb/v7e-m+fp/hard\libc_nano.a(lib_a-nano-freer.o)
                              c:/ncs/v1.7.1/toolchain/opt/bin/../lib/gcc/arm-none-eabi/9.2.1/../../../../arm-none-eabi/lib/thumb/v7e-m+fp/hard\libc_nano.a(lib_a-nano-svfprintf.o) (_free_r)
c:/ncs/v1.7.1/toolchain/opt/bin/../lib/gcc/arm-none-eabi/9.2.1/../../../../arm-none-eabi/lib/thumb/v7e-m+fp/hard\libc_nano.a(lib_a-nano-mallocr.o)
                              c:/ncs/v1.7.1/toolchain/opt/bin/../lib/gcc/arm-none-eabi/9.2.1/../../../../arm-none-eabi/lib/thumb/v7e-m+fp/hard\libc_nano.a(lib_a-nano-svfprintf.o) (_malloc_r)
c:/ncs/v1.7.1/toolchain/opt/bin/../lib/gcc/arm-none-eabi/9.2.1/../../../../arm-none-eabi/lib/thumb/v7e-m+fp/hard\libc_nano.a(lib_a-nano-reallocr.o)
                              c:/ncs/v1.7.1/toolchain/opt/bin/../lib/gcc/arm-none-eabi/9.2.1/../../../../arm-none-eabi/lib/thumb/v7e-m+fp/hard\libc_nano.a(lib_a-nano-svfprintf.o) (_realloc_r)
c:/ncs/v1.7.1/toolchain/opt/bin/../lib/gcc/arm-none-eabi/9.2.1/../../../../arm-none-eabi/lib/thumb/v7e-m+fp/hard\libc_nano.a(lib_a-sbrkr.o)
[...]
Memory Configuration

Name             Origin             Length             Attributes
RAM              0x20000000         0x0000a000         xrw
RAM2             0x10000000         0x00002000         xrw
FLASH            0x08000000         0x00020000         xr
*default*        0x00000000         0xffffffff

Linker script and memory map

LOAD c:/ncs/v1.7.1/toolchain/opt/bin/../lib/gcc/arm-none-eabi/9.2.1/thumb/v7e-m+fp/hard/crti.o
LOAD c:/ncs/v1.7.1/toolchain/opt/bin/../lib/gcc/arm-none-eabi/9.2.1/thumb/v7e-m+fp/hard/crtbegin.o
LOAD c:/ncs/v1.7.1/toolchain/opt/bin/../lib/gcc/arm-none-eabi/9.2.1/../../../../arm-none-eabi/lib/thumb/v7e-m+fp/hard/crt0.o
LOAD build/main.o
LOAD build/stm32l4xx_it.o
LOAD build/stm32l4xx_hal_msp.o
LOAD build/user_diskio.o
LOAD build/user_diskio_spi.o
LOAD build/fatfs.o
LOAD build/stm32l4xx_hal.o
LOAD build/stm32l4xx_hal_i2c.o
LOAD build/stm32l4xx_hal_i2c_ex.o
LOAD build/stm32l4xx_hal_rcc.o
LOAD build/stm32l4xx_hal_rcc_ex.o
LOAD build/stm32l4xx_hal_flash.o
LOAD build/stm32l4xx_hal_flash_ex.o
LOAD build/stm32l4xx_hal_flash_ramfunc.o
LOAD build/stm32l4xx_hal_gpio.o
LOAD build/stm32l4xx_hal_dma.o
LOAD build/stm32l4xx_hal_dma_ex.o
LOAD build/stm32l4xx_hal_pwr.o
LOAD build/stm32l4xx_hal_pwr_ex.o
LOAD build/stm32l4xx_hal_cortex.o
LOAD build/stm32l4xx_hal_exti.o
LOAD build/stm32l4xx_hal_spi.o
LOAD build/stm32l4xx_hal_spi_ex.o
LOAD build/stm32l4xx_hal_tim.o
LOAD build/stm32l4xx_hal_tim_ex.o
LOAD build/stm32l4xx_hal_uart.o
LOAD build/stm32l4xx_hal_uart_ex.o
LOAD build/system_stm32l4xx.o
LOAD build/SPI_FRAM.o
LOAD build/diskio.o
LOAD build/ff.o
LOAD build/ff_gen_drv.o
LOAD build/syscall.o
LOAD build/startup_stm32l412xx.o
LOAD c:/ncs/v1.7.1/toolchain/opt/bin/../lib/gcc/arm-none-eabi/9.2.1/../../../../arm-none-eabi/lib/thumb/v7e-m+fp/hard\libc_nano.a
LOAD c:/ncs/v1.7.1/toolchain/opt/bin/../lib/gcc/arm-none-eabi/9.2.1/../../../../arm-none-eabi/lib/thumb/v7e-m+fp/hard\libm.a
LOAD c:/ncs/v1.7.1/toolchain/opt/bin/../lib/gcc/arm-none-eabi/9.2.1/../../../../arm-none-eabi/lib/thumb/v7e-m+fp/hard\libnosys.a
START GROUP
LOAD c:/ncs/v1.7.1/toolchain/opt/bin/../lib/gcc/arm-none-eabi/9.2.1/thumb/v7e-m+fp/hard\libgcc.a
LOAD c:/ncs/v1.7.1/toolchain/opt/bin/../lib/gcc/arm-none-eabi/9.2.1/../../../../arm-none-eabi/lib/thumb/v7e-m+fp/hard\libc_nano.a
END GROUP
START GROUP
LOAD c:/ncs/v1.7.1/toolchain/opt/bin/../lib/gcc/arm-none-eabi/9.2.1/thumb/v7e-m+fp/hard\libgcc.a
LOAD c:/ncs/v1.7.1/toolchain/opt/bin/../lib/gcc/arm-none-eabi/9.2.1/../../../../arm-none-eabi/lib/thumb/v7e-m+fp/hard\libc_nano.a
END GROUP
LOAD c:/ncs/v1.7.1/toolchain/opt/bin/../lib/gcc/arm-none-eabi/9.2.1/thumb/v7e-m+fp/hard/crtend.o
LOAD c:/ncs/v1.7.1/toolchain/opt/bin/../lib/gcc/arm-none-eabi/9.2.1/thumb/v7e-m+fp/hard/crtn.o
                0x2000a000                _estack = (ORIGIN (RAM) + LENGTH (RAM))
                0x00000200                _Min_Heap_Size = 0x200
                0x00000400                _Min_Stack_Size = 0x400

.isr_vector     0x08000000      0x190
                0x08000000                . = ALIGN (0x8)
 *(.isr_vector)
 .isr_vector    0x08000000      0x18c build/startup_stm32l412xx.o
                0x08000000                g_pfnVectors
                0x08000190                . = ALIGN (0x8)
 *fill*         0x0800018c        0x4 

.text           0x08000190     0x6588
                0x08000190                . = ALIGN (0x8)
 *(.text)
 .text          0x08000190       0x40 c:/ncs/v1.7.1/toolchain/opt/bin/../lib/gcc/arm-none-eabi/9.2.1/thumb/v7e-m+fp/hard/crtbegin.o
 .text          0x080001d0       0x10 c:/ncs/v1.7.1/toolchain/opt/bin/../lib/gcc/arm-none-eabi/9.2.1/../../../../arm-none-eabi/lib/thumb/v7e-m+fp/hard\libc_nano.a(lib_a-strlen.o)
                0x080001d0                strlen
 .text          0x080001e0       0xa0 c:/ncs/v1.7.1/toolchain/opt/bin/../lib/gcc/arm-none-eabi/9.2.1/../../../../arm-none-eabi/lib/thumb/v7e-m+fp/hard\libc_nano.a(lib_a-memchr.o)
                0x080001e0                memchr
 .text          0x08000280       0x30 c:/ncs/v1.7.1/toolchain/opt/bin/../lib/gcc/arm-none-eabi/9.2.1/thumb/v7e-m+fp/hard\libgcc.a(_aeabi_uldivmod.o)
                0x08000280                __aeabi_uldivmod
 .text          0x080002b0      0x2c4 c:/ncs/v1.7.1/toolchain/opt/bin/../lib/gcc/arm-none-eabi/9.2.1/thumb/v7e-m+fp/hard\libgcc.a(_udivmoddi4.o)
                0x080002b0                __udivmoddi4
 .text          0x08000574        0x4 c:/ncs/v1.7.1/toolchain/opt/bin/../lib/gcc/arm-none-eabi/9.2.1/thumb/v7e-m+fp/hard\libgcc.a(_dvmd_tls.o)
                0x08000574                __aeabi_idiv0
                0x08000574                __aeabi_ldiv0
 *(.text*)
 .text.turn_off_spi_FRAM
                0x08000578       0x44 build/main.o
 .text.MX_GPIO_Init
                0x080005bc      0x110 build/main.o
 .text.turn_off_spi_SD
                0x080006cc       0x44 build/main.o
 .text.myprintf
                0x08000710       0x40 build/main.o
                0x08000710                myprintf
 .text.HAL_UARTEx_RxEventCallback
                0x08000750       0x44 build/main.o
                0x08000750                HAL_UARTEx_RxEventCallback
 .text.Error_Handler
                0x08000794       0x1a build/main.o
                0x08000794                Error_Handler
 *fill*         0x080007ae        0x2 
 .text.MX_SPI1_Init
                0x080007b0       0x4c build/main.o
 .text.MX_SPI2_Init
                0x080007fc       0x48 build/main.o
 .text.appendFile
                0x08000844      0x238 build/main.o
                0x08000844                appendFile
 .text.MX_USART2_UART_Init
                0x08000a7c       0x38 build/main.o
 .text.SystemClock_Config
                0x08000ab4       0x68 build/main.o
                0x08000ab4                SystemClock_Config
 .text.Stop_Mode_Entry
                0x08000b1c       0xa4 build/main.o
                0x08000b1c                Stop_Mode_Entry
 .text.appendBUFFER
                0x08000bc0      0x160 build/main.o
                0x08000bc0                appendBUFFER
 .text.main     0x08000d20       0xa8 build/main.o
                0x08000d20                main
 .text.NMI_Handler
                0x08000dc8        0x2 build/stm32l4xx_it.o
                0x08000dc8                NMI_Handler
 .text.HardFault_Handler
                0x08000dca        0x2 build/stm32l4xx_it.o
                0x08000dca                HardFault_Handler
 .text.MemManage_Handler
                0x08000dcc        0x2 build/stm32l4xx_it.o
                0x08000dcc                MemManage_Handler
 .text.BusFault_Handler
                0x08000dce        0x2 build/stm32l4xx_it.o
                0x08000dce                BusFault_Handler
 .text.UsageFault_Handler
                0x08000dd0        0x2 build/stm32l4xx_it.o
                0x08000dd0                UsageFault_Handler
 .text.SVC_Handler
                0x08000dd2        0x2 build/stm32l4xx_it.o
                0x08000dd2                SVC_Handler
 .text.DebugMon_Handler
                0x08000dd4        0x2 build/stm32l4xx_it.o
                0x08000dd4                DebugMon_Handler
 .text.PendSV_Handler
                0x08000dd6        0x2 build/stm32l4xx_it.o
                0x08000dd6                PendSV_Handler
 .text.SysTick_Handler
                0x08000dd8        0x8 build/stm32l4xx_it.o
                0x08000dd8                SysTick_Handler
 .text.USART2_IRQHandler
                0x08000de0       0x10 build/stm32l4xx_it.o
                0x08000de0                USART2_IRQHandler
 .text.HAL_MspInit
                0x08000df0       0x30 build/stm32l4xx_hal_msp.o
                0x08000df0                HAL_MspInit
 .text.HAL_SPI_MspInit
                0x08000e20       0xc0 build/stm32l4xx_hal_msp.o
                0x08000e20                HAL_SPI_MspInit
 .text.HAL_SPI_MspDeInit
                0x08000ee0       0x50 build/stm32l4xx_hal_msp.o
                0x08000ee0                HAL_SPI_MspDeInit
 .text.HAL_UART_MspInit
                0x08000f30       0x9c build/stm32l4xx_hal_msp.o
                0x08000f30                HAL_UART_MspInit
 .text.USER_initialize
                0x08000fcc        0xa build/user_diskio.o
                0x08000fcc                USER_initialize
 .text.USER_status
                0x08000fd6        0xa build/user_diskio.o
                0x08000fd6                USER_status
 .text.USER_read
                0x08000fe0        0xa build/user_diskio.o
                0x08000fe0                USER_read
 .text.USER_write
                0x08000fea        0xa build/user_diskio.o
                0x08000fea                USER_write
 .text.USER_ioctl
                0x08000ff4        0xa build/user_diskio.o
                0x08000ff4                USER_ioctl
 *fill*         0x08000ffe        0x2 
 .text.xchg_spi
                0x08001000       0x2c build/user_diskio_spi.o
 .text.wait_ready
                0x0800102c       0x2a build/user_diskio_spi.o
 .text.rcvr_spi_multi
                0x08001056       0x1a build/user_diskio_spi.o
 .text.xmit_spi_multi
                0x08001070       0x18 build/user_diskio_spi.o
 .text.xmit_datablock
                0x08001088       0x4c build/user_diskio_spi.o
 .text.despiselect
                0x080010d4       0x1c build/user_diskio_spi.o
 .text.spiselect
                0x080010f0       0x30 build/user_diskio_spi.o
 .text.send_cmd
                0x08001120       0x8c build/user_diskio_spi.o
 .text.SPI_Timer_On
                0x080011ac       0x1c build/user_diskio_spi.o
                0x080011ac                SPI_Timer_On
 .text.SPI_Timer_Status
                0x080011c8       0x24 build/user_diskio_spi.o
                0x080011c8                SPI_Timer_Status
 .text.rcvr_datablock
                0x080011ec       0x40 build/user_diskio_spi.o
 .text.USER_SPI_initialize
                0x0800122c      0x168 build/user_diskio_spi.o
                0x0800122c                USER_SPI_initialize
 .text.USER_SPI_status
                0x08001394       0x14 build/user_diskio_spi.o
                0x08001394                USER_SPI_status
 .text.USER_SPI_read
                0x080013a8       0x8c build/user_diskio_spi.o
                0x080013a8                USER_SPI_read
 .text.USER_SPI_write
                0x08001434       0xb0 build/user_diskio_spi.o
                0x08001434                USER_SPI_write
 .text.USER_SPI_ioctl
                0x080014e4      0x224 build/user_diskio_spi.o
                0x080014e4                USER_SPI_ioctl
 .text.MX_FATFS_Init
                0x08001708       0x1c build/fatfs.o
                0x08001708                MX_FATFS_Init
 .text.get_fattime
                0x08001724        0x4 build/fatfs.o
                0x08001724                get_fattime
 .text.HAL_InitTick
                0x08001728       0x50 build/stm32l4xx_hal.o
                0x08001728                HAL_InitTick
 .text.HAL_Init
                0x08001778       0x1e build/stm32l4xx_hal.o
                0x08001778                HAL_Init
 *fill*         0x08001796        0x2 
 .text.HAL_IncTick
                0x08001798       0x18 build/stm32l4xx_hal.o
                0x08001798                HAL_IncTick
 .text.HAL_GetTick
                0x080017b0        0xc build/stm32l4xx_hal.o
                0x080017b0                HAL_GetTick
 .text.HAL_Delay
                0x080017bc       0x28 build/stm32l4xx_hal.o
                0x080017bc                HAL_Delay
 .text.HAL_SuspendTick
                0x080017e4       0x10 build/stm32l4xx_hal.o
                0x080017e4                HAL_SuspendTick
 .text.HAL_ResumeTick
                0x080017f4       0x10 build/stm32l4xx_hal.o
                0x080017f4                HAL_ResumeTick
 .text.HAL_DBGMCU_DisableDBGSleepMode
                0x08001804       0x10 build/stm32l4xx_hal.o
                0x08001804                HAL_DBGMCU_DisableDBGSleepMode
 .text.HAL_DBGMCU_DisableDBGStopMode
                0x08001814       0x10 build/stm32l4xx_hal.o
                0x08001814                HAL_DBGMCU_DisableDBGStopMode
 .text.HAL_DBGMCU_DisableDBGStandbyMode
                0x08001824       0x10 build/stm32l4xx_hal.o
                0x08001824                HAL_DBGMCU_DisableDBGStandbyMode
 .text.RCC_SetFlashLatencyFromMSIRange
                0x08001834       0x90 build/stm32l4xx_hal_rcc.o
 .text.HAL_RCC_GetSysClockFreq
                0x080018c4       0xb4 build/stm32l4xx_hal_rcc.o
                0x080018c4                HAL_RCC_GetSysClockFreq
 .text.HAL_RCC_OscConfig
                0x08001978      0x6dc build/stm32l4xx_hal_rcc.o
                0x08001978                HAL_RCC_OscConfig
 .text.HAL_RCC_ClockConfig
                0x08002054      0x188 build/stm32l4xx_hal_rcc.o
                0x08002054                HAL_RCC_ClockConfig
 .text.HAL_RCC_GetHCLKFreq
                0x080021dc        0xc build/stm32l4xx_hal_rcc.o
                0x080021dc                HAL_RCC_GetHCLKFreq
 .text.HAL_RCC_GetPCLK1Freq
                0x080021e8       0x24 build/stm32l4xx_hal_rcc.o
                0x080021e8                HAL_RCC_GetPCLK1Freq
 .text.HAL_RCC_GetPCLK2Freq
                0x0800220c       0x24 build/stm32l4xx_hal_rcc.o
                0x0800220c                HAL_RCC_GetPCLK2Freq
 .text.HAL_RCCEx_PeriphCLKConfig
                0x08002230      0x234 build/stm32l4xx_hal_rcc_ex.o
                0x08002230                HAL_RCCEx_PeriphCLKConfig
 .text.HAL_GPIO_Init
                0x08002464      0x194 build/stm32l4xx_hal_gpio.o
                0x08002464                HAL_GPIO_Init
 .text.HAL_GPIO_DeInit
                0x080025f8       0xfc build/stm32l4xx_hal_gpio.o
                0x080025f8                HAL_GPIO_DeInit
 .text.HAL_GPIO_WritePin
                0x080026f4        0xa build/stm32l4xx_hal_gpio.o
                0x080026f4                HAL_GPIO_WritePin
 .text.HAL_GPIO_TogglePin
                0x080026fe       0x12 build/stm32l4xx_hal_gpio.o
                0x080026fe                HAL_GPIO_TogglePin
 .text.HAL_DMA_Abort
                0x08002710       0x4a build/stm32l4xx_hal_dma.o
                0x08002710                HAL_DMA_Abort
 .text.HAL_DMA_Abort_IT
                0x0800275a       0x50 build/stm32l4xx_hal_dma.o
                0x0800275a                HAL_DMA_Abort_IT
 *fill*         0x080027aa        0x2 
 .text.HAL_PWREx_GetVoltageRange
                0x080027ac       0x10 build/stm32l4xx_hal_pwr_ex.o
                0x080027ac                HAL_PWREx_GetVoltageRange
 .text.HAL_PWREx_ControlVoltageScaling
                0x080027bc       0x90 build/stm32l4xx_hal_pwr_ex.o
                0x080027bc                HAL_PWREx_ControlVoltageScaling
 .text.HAL_PWREx_EnterSTOP1Mode
                0x0800284c       0x3c build/stm32l4xx_hal_pwr_ex.o
                0x0800284c                HAL_PWREx_EnterSTOP1Mode
 .text.HAL_NVIC_SetPriorityGrouping
                0x08002888       0x24 build/stm32l4xx_hal_cortex.o
                0x08002888                HAL_NVIC_SetPriorityGrouping
 .text.HAL_NVIC_SetPriority
                0x080028ac       0x68 build/stm32l4xx_hal_cortex.o
                0x080028ac                HAL_NVIC_SetPriority
 .text.HAL_NVIC_EnableIRQ
                0x08002914       0x1c build/stm32l4xx_hal_cortex.o
                0x08002914                HAL_NVIC_EnableIRQ
 .text.HAL_SYSTICK_Config
                0x08002930       0x2c build/stm32l4xx_hal_cortex.o
                0x08002930                HAL_SYSTICK_Config
 .text.SPI_WaitFlagStateUntilTimeout
                0x0800295c       0xd0 build/stm32l4xx_hal_spi.o
 .text.SPI_WaitFifoStateUntilTimeout
                0x08002a2c       0xf4 build/stm32l4xx_hal_spi.o
 .text.SPI_EndRxTxTransaction
                0x08002b20       0x62 build/stm32l4xx_hal_spi.o
 .text.SPI_EndRxTransaction
                0x08002b82       0x82 build/stm32l4xx_hal_spi.o
 .text.HAL_SPI_Init
                0x08002c04       0xde build/stm32l4xx_hal_spi.o
                0x08002c04                HAL_SPI_Init
 .text.HAL_SPI_DeInit
                0x08002ce2       0x2c build/stm32l4xx_hal_spi.o
                0x08002ce2                HAL_SPI_DeInit
 .text.HAL_SPI_Transmit
                0x08002d0e      0x1f8 build/stm32l4xx_hal_spi.o
                0x08002d0e                HAL_SPI_Transmit
 .text.HAL_SPI_TransmitReceive
                0x08002f06      0x2de build/stm32l4xx_hal_spi.o
                0x08002f06                HAL_SPI_TransmitReceive
 .text.HAL_SPI_Receive
                0x080031e4      0x1a2 build/stm32l4xx_hal_spi.o
                0x080031e4                HAL_SPI_Receive
 .text.UART_EndRxTransfer
                0x08003386       0x50 build/stm32l4xx_hal_uart.o
 .text.HAL_UART_TxCpltCallback
                0x080033d6        0x2 build/stm32l4xx_hal_uart.o
                0x080033d6                HAL_UART_TxCpltCallback
 .text.UART_EndTransmit_IT
                0x080033d8       0x22 build/stm32l4xx_hal_uart.o
 .text.HAL_UART_RxCpltCallback
                0x080033fa        0x2 build/stm32l4xx_hal_uart.o
                0x080033fa                HAL_UART_RxCpltCallback
 .text.HAL_UART_ErrorCallback
                0x080033fc        0x2 build/stm32l4xx_hal_uart.o
                0x080033fc                HAL_UART_ErrorCallback
 .text.UART_DMAAbortOnError
                0x080033fe       0x14 build/stm32l4xx_hal_uart.o
 *fill*         0x08003412        0x2 
 .text.HAL_UART_IRQHandler
                0x08003414      0x2e4 build/stm32l4xx_hal_uart.o
                0x08003414                HAL_UART_IRQHandler
 .text.UART_RxISR_8BIT
                0x080036f8       0xb0 build/stm32l4xx_hal_uart.o
 .text.UART_RxISR_16BIT
                0x080037a8       0xae build/stm32l4xx_hal_uart.o
 *fill*         0x08003856        0x2 
 .text.UART_SetConfig
                0x08003858      0x29c build/stm32l4xx_hal_uart.o
                0x08003858                UART_SetConfig
 .text.UART_AdvFeatureConfig
                0x08003af4       0xca build/stm32l4xx_hal_uart.o
                0x08003af4                UART_AdvFeatureConfig
 .text.UART_WaitOnFlagUntilTimeout
                0x08003bbe       0xd0 build/stm32l4xx_hal_uart.o
                0x08003bbe                UART_WaitOnFlagUntilTimeout
 .text.HAL_UART_Transmit
                0x08003c8e       0xd8 build/stm32l4xx_hal_uart.o
                0x08003c8e                HAL_UART_Transmit
 .text.UART_CheckIdleState
                0x08003d66       0x70 build/stm32l4xx_hal_uart.o
                0x08003d66                UART_CheckIdleState
 .text.HAL_UART_Init
                0x08003dd6       0x62 build/stm32l4xx_hal_uart.o
                0x08003dd6                HAL_UART_Init
 .text.UART_Start_Receive_IT
                0x08003e38       0xd8 build/stm32l4xx_hal_uart.o
                0x08003e38                UART_Start_Receive_IT
 .text.UARTEx_Wakeup_AddressConfig
                0x08003f10       0x2e build/stm32l4xx_hal_uart_ex.o
 .text.HAL_UARTEx_WakeupCallback
                0x08003f3e        0x2 build/stm32l4xx_hal_uart_ex.o
                0x08003f3e                HAL_UARTEx_WakeupCallback
 .text.HAL_UARTEx_StopModeWakeUpSourceConfig
                0x08003f40       0x7e build/stm32l4xx_hal_uart_ex.o
                0x08003f40                HAL_UARTEx_StopModeWakeUpSourceConfig
 .text.HAL_UARTEx_EnableStopMode
                0x08003fbe       0x2e build/stm32l4xx_hal_uart_ex.o
                0x08003fbe                HAL_UARTEx_EnableStopMode
 .text.HAL_UARTEx_DisableStopMode
                0x08003fec       0x2e build/stm32l4xx_hal_uart_ex.o
                0x08003fec                HAL_UARTEx_DisableStopMode
 .text.HAL_UARTEx_ReceiveToIdle_IT
                0x0800401a       0x58 build/stm32l4xx_hal_uart_ex.o
                0x0800401a                HAL_UARTEx_ReceiveToIdle_IT
 *fill*         0x08004072        0x2 
 .text.SystemInit
                0x08004074       0x14 build/system_stm32l4xx.o
                0x08004074                SystemInit
 .text.FRAM_writeEnable
                0x08004088       0x44 build/SPI_FRAM.o
                0x08004088                FRAM_writeEnable
 .text.FRAM_sleepEnable
                0x080040cc       0x5c build/SPI_FRAM.o
                0x080040cc                FRAM_sleepEnable
 .text.FRAM_write8
                0x08004128       0x88 build/SPI_FRAM.o
                0x08004128                FRAM_write8
 .text.FRAM_write
                0x080041b0       0x36 build/SPI_FRAM.o
                0x080041b0                FRAM_write
 *fill*         0x080041e6        0x2 
 .text.FRAM_read8
                0x080041e8       0x94 build/SPI_FRAM.o
                0x080041e8                FRAM_read8
 .text.FRAM_read
                0x0800427c       0x34 build/SPI_FRAM.o
                0x0800427c                FRAM_read
 .text.FRAM_getID
                0x080042b0       0x80 build/SPI_FRAM.o
                0x080042b0                FRAM_getID
 .text.setAddressSize
                0x08004330        0xc build/SPI_FRAM.o
                0x08004330                setAddressSize
 .text.FRAM_begin
                0x0800433c       0x20 build/SPI_FRAM.o
                0x0800433c                FRAM_begin
 .text.disk_status
                0x0800435c       0x18 build/diskio.o
                0x0800435c                disk_status
 .text.disk_initialize
                0x08004374       0x28 build/diskio.o
                0x08004374                disk_initialize
 .text.disk_read
                0x0800439c       0x18 build/diskio.o
                0x0800439c                disk_read
 .text.disk_write
                0x080043b4       0x18 build/diskio.o
                0x080043b4                disk_write
 .text.disk_ioctl
                0x080043cc       0x18 build/diskio.o
                0x080043cc                disk_ioctl
 .text.ld_word  0x080043e4        0xa build/ff.o
 .text.ld_dword
                0x080043ee       0x16 build/ff.o
 .text.st_word  0x08004404        0x8 build/ff.o
 .text.st_dword
                0x0800440c       0x14 build/ff.o
 .text.mem_cpy  0x08004420       0x18 build/ff.o
 .text.mem_set  0x08004438        0xa build/ff.o
 .text.mem_cmp  0x08004442       0x1c build/ff.o
 .text.chk_chr  0x0800445e       0x10 build/ff.o
 *fill*         0x0800446e        0x2 
 .text.chk_lock
                0x08004470       0x74 build/ff.o
 .text.enq_lock
                0x080044e4       0x20 build/ff.o
 .text.inc_lock
                0x08004504       0xa4 build/ff.o
 .text.dec_lock
                0x080045a8       0x40 build/ff.o
 .text.clear_lock
                0x080045e8       0x3c build/ff.o
 .text.clust2sect
                0x08004624       0x18 build/ff.o
 .text.clmt_clust
                0x0800463c       0x22 build/ff.o
 .text.ld_clust
                0x0800465e       0x26 build/ff.o
 .text.st_clust
                0x08004684       0x26 build/ff.o
 *fill*         0x080046aa        0x2 
 .text.create_name
                0x080046ac       0xcc build/ff.o
 .text.get_ldnumber
                0x08004778       0x54 build/ff.o
 .text.validate
                0x080047cc       0x46 build/ff.o
 .text.sync_window
                0x08004812       0x52 build/ff.o
 .text.move_window
                0x08004864       0x36 build/ff.o
 *fill*         0x0800489a        0x2 
 .text.check_fs
                0x0800489c       0x78 build/ff.o
 .text.find_volume
                0x08004914      0x300 build/ff.o
 .text.put_fat  0x08004c14      0x10e build/ff.o
 .text.get_fat  0x08004d22       0xd0 build/ff.o
 .text.dir_sdi  0x08004df2       0xac build/ff.o
 .text.create_chain
                0x08004e9e       0xcc build/ff.o
 .text.remove_chain
                0x08004f6a       0x7e build/ff.o
 .text.dir_next
                0x08004fe8      0x108 build/ff.o
 .text.dir_find
                0x080050f0       0x5a build/ff.o
 .text.follow_path
                0x0800514a       0x8e build/ff.o
 .text.dir_alloc
                0x080051d8       0x50 build/ff.o
 .text.dir_register
                0x08005228       0x3e build/ff.o
 *fill*         0x08005266        0x2 
 .text.sync_fs  0x08005268       0x8c build/ff.o
 .text.f_mount  0x080052f4       0x5c build/ff.o
                0x080052f4                f_mount
 .text.f_open   0x08005350      0x226 build/ff.o
                0x08005350                f_open
 .text.f_read   0x08005576      0x1c4 build/ff.o
                0x08005576                f_read
 .text.f_write  0x0800573a      0x200 build/ff.o
                0x0800573a                f_write
 .text.f_sync   0x0800593a       0x98 build/ff.o
                0x0800593a                f_sync
 .text.f_close  0x080059d2       0x2a build/ff.o
                0x080059d2                f_close
 .text.f_lseek  0x080059fc      0x298 build/ff.o
                0x080059fc                f_lseek
 .text.f_gets   0x08005c94       0x4c build/ff.o
                0x08005c94                f_gets
 .text.FATFS_LinkDriverEx
                0x08005ce0       0x48 build/ff_gen_drv.o
                0x08005ce0                FATFS_LinkDriverEx
 .text.FATFS_LinkDriver
                0x08005d28        0xa build/ff_gen_drv.o
                0x08005d28                FATFS_LinkDriver
 *fill*         0x08005d32        0x2 
 .text.FATFS_UnLinkDriverEx
                0x08005d34       0x3c build/ff_gen_drv.o
                0x08005d34                FATFS_UnLinkDriverEx
 .text.FATFS_UnLinkDriver
                0x08005d70        0xa build/ff_gen_drv.o
                0x08005d70                FATFS_UnLinkDriver
 *fill*         0x08005d7a        0x2 
 .text.Reset_Handler
                0x08005d7c       0x50 build/startup_stm32l412xx.o
                0x08005d7c                Reset_Handler
 .text.Default_Handler
                0x08005dcc        0x2 build/startup_stm32l412xx.o
                0x08005dcc                RTC_Alarm_IRQHandler
                0x08005dcc                EXTI2_IRQHandler
                0x08005dcc                TIM1_CC_IRQHandler
                0x08005dcc                TSC_IRQHandler
                0x08005dcc                TIM6_IRQHandler
                0x08005dcc                TAMP_STAMP_IRQHandler
                0x08005dcc                EXTI3_IRQHandler
                0x08005dcc                LPTIM2_IRQHandler
                0x08005dcc                I2C3_ER_IRQHandler
                0x08005dcc                EXTI0_IRQHandler
                0x08005dcc                I2C2_EV_IRQHandler
                0x08005dcc                FPU_IRQHandler
                0x08005dcc                TIM1_UP_TIM16_IRQHandler
                0x08005dcc                ADC1_2_IRQHandler
                0x08005dcc                SPI1_IRQHandler
                0x08005dcc                DMA2_Channel2_IRQHandler
                0x08005dcc                DMA1_Channel4_IRQHandler
                0x08005dcc                USART3_IRQHandler
                0x08005dcc                DMA1_Channel7_IRQHandler
                0x08005dcc                DMA2_Channel1_IRQHandler
                0x08005dcc                QUADSPI_IRQHandler
                0x08005dcc                I2C1_EV_IRQHandler
                0x08005dcc                DMA1_Channel6_IRQHandler
                0x08005dcc                DMA2_Channel4_IRQHandler
                0x08005dcc                RCC_IRQHandler
                0x08005dcc                TIM1_TRG_COM_IRQHandler
                0x08005dcc                DMA1_Channel1_IRQHandler
                0x08005dcc                Default_Handler
                0x08005dcc                DMA2_Channel7_IRQHandler
                0x08005dcc                EXTI15_10_IRQHandler
                0x08005dcc                I2C3_EV_IRQHandler
                0x08005dcc                USB_IRQHandler
                0x08005dcc                EXTI9_5_IRQHandler
                0x08005dcc                RTC_WKUP_IRQHandler
                0x08005dcc                PVD_PVM_IRQHandler
                0x08005dcc                SPI2_IRQHandler
                0x08005dcc                DMA2_Channel5_IRQHandler
                0x08005dcc                CRS_IRQHandler
                0x08005dcc                DMA1_Channel5_IRQHandler
                0x08005dcc                EXTI4_IRQHandler
                0x08005dcc                RNG_IRQHandler
                0x08005dcc                DMA1_Channel3_IRQHandler
                0x08005dcc                COMP_IRQHandler
                0x08005dcc                WWDG_IRQHandler
                0x08005dcc                LPUART1_IRQHandler
                0x08005dcc                DMA2_Channel6_IRQHandler
                0x08005dcc                TIM2_IRQHandler
                0x08005dcc                EXTI1_IRQHandler
                0x08005dcc                I2C2_ER_IRQHandler
                0x08005dcc                DMA1_Channel2_IRQHandler
                0x08005dcc                FLASH_IRQHandler
                0x08005dcc                USART1_IRQHandler
                0x08005dcc                I2C1_ER_IRQHandler
                0x08005dcc                LPTIM1_IRQHandler
                0x08005dcc                DMA2_Channel3_IRQHandler
                0x08005dcc                TIM1_BRK_TIM15_IRQHandler
 *fill*         0x08005dce        0x2 
 .text.__libc_init_array
                0x08005dd0       0x48 c:/ncs/v1.7.1/toolchain/opt/bin/../lib/gcc/arm-none-eabi/9.2.1/../../../../arm-none-eabi/lib/thumb/v7e-m+fp/hard\libc_nano.a(lib_a-init.o)
                0x08005dd0                __libc_init_array
 .text.memset   0x08005e18       0x10 c:/ncs/v1.7.1/toolchain/opt/bin/../lib/gcc/arm-none-eabi/9.2.1/../../../../arm-none-eabi/lib/thumb/v7e-m+fp/hard\libc_nano.a(lib_a-memset.o)
                0x08005e18                memset
 .text.strncpy  0x08005e28       0x26 c:/ncs/v1.7.1/toolchain/opt/bin/../lib/gcc/arm-none-eabi/9.2.1/../../../../arm-none-eabi/lib/thumb/v7e-m+fp/hard\libc_nano.a(lib_a-strncpy.o)
                0x08005e28                strncpy
 .text._vsnprintf_r
                0x08005e4e       0x58 c:/ncs/v1.7.1/toolchain/opt/bin/../lib/gcc/arm-none-eabi/9.2.1/../../../../arm-none-eabi/lib/thumb/v7e-m+fp/hard\libc_nano.a(lib_a-vsnprintf.o)
                0x08005e4e                _vsniprintf_r
                0x08005e4e                _vsnprintf_r
 *fill*         0x08005ea6        0x2 
 .text.vsnprintf
                0x08005ea8       0x1c c:/ncs/v1.7.1/toolchain/opt/bin/../lib/gcc/arm-none-eabi/9.2.1/../../../../arm-none-eabi/lib/thumb/v7e-m+fp/hard\libc_nano.a(lib_a-vsnprintf.o)
                0x08005ea8                vsniprintf
                0x08005ea8                vsnprintf
 .text.__ssputs_r
                0x08005ec4       0xb6 c:/ncs/v1.7.1/toolchain/opt/bin/../lib/gcc/arm-none-eabi/9.2.1/../../../../arm-none-eabi/lib/thumb/v7e-m+fp/hard\libc_nano.a(lib_a-nano-svfprintf.o)
                0x08005ec4                __ssputs_r
 *fill*         0x08005f7a        0x2 
 .text._svfprintf_r
                0x08005f7c      0x200 c:/ncs/v1.7.1/toolchain/opt/bin/../lib/gcc/arm-none-eabi/9.2.1/../../../../arm-none-eabi/lib/thumb/v7e-m+fp/hard\libc_nano.a(lib_a-nano-svfprintf.o)
                0x08005f7c                _svfiprintf_r
                0x08005f7c                _svfprintf_r
 .text._printf_common
                0x0800617c       0xda c:/ncs/v1.7.1/toolchain/opt/bin/../lib/gcc/arm-none-eabi/9.2.1/../../../../arm-none-eabi/lib/thumb/v7e-m+fp/hard\libc_nano.a(lib_a-nano-vfprintf_i.o)
                0x0800617c                _printf_common
 *fill*         0x08006256        0x2 
 .text._printf_i
                0x08006258      0x24c c:/ncs/v1.7.1/toolchain/opt/bin/../lib/gcc/arm-none-eabi/9.2.1/../../../../arm-none-eabi/lib/thumb/v7e-m+fp/hard\libc_nano.a(lib_a-nano-vfprintf_i.o)
                0x08006258                _printf_i
 .text.memcpy   0x080064a4       0x1c c:/ncs/v1.7.1/toolchain/opt/bin/../lib/gcc/arm-none-eabi/9.2.1/../../../../arm-none-eabi/lib/thumb/v7e-m+fp/hard\libc_nano.a(lib_a-memcpy-stub.o)
                0x080064a4                memcpy
 .text.memmove  0x080064c0       0x34 c:/ncs/v1.7.1/toolchain/opt/bin/../lib/gcc/arm-none-eabi/9.2.1/../../../../arm-none-eabi/lib/thumb/v7e-m+fp/hard\libc_nano.a(lib_a-memmove.o)
                0x080064c0                memmove
 .text._free_r  0x080064f4       0xa0 c:/ncs/v1.7.1/toolchain/opt/bin/../lib/gcc/arm-none-eabi/9.2.1/../../../../arm-none-eabi/lib/thumb/v7e-m+fp/hard\libc_nano.a(lib_a-nano-freer.o)
                0x080064f4                _free_r
 .text._malloc_r
                0x08006594       0xb4 c:/ncs/v1.7.1/toolchain/opt/bin/../lib/gcc/arm-none-eabi/9.2.1/../../../../arm-none-eabi/lib/thumb/v7e-m+fp/hard\libc_nano.a(lib_a-nano-mallocr.o)
                0x08006594                _malloc_r
 .text._realloc_r
                0x08006648       0x4c c:/ncs/v1.7.1/toolchain/opt/bin/../lib/gcc/arm-none-eabi/9.2.1/../../../../arm-none-eabi/lib/thumb/v7e-m+fp/hard\libc_nano.a(lib_a-nano-reallocr.o)
                0x08006648                _realloc_r
 .text._sbrk_r  0x08006694       0x20 c:/ncs/v1.7.1/toolchain/opt/bin/../lib/gcc/arm-none-eabi/9.2.1/../../../../arm-none-eabi/lib/thumb/v7e-m+fp/hard\libc_nano.a(lib_a-sbrkr.o)
                0x08006694                _sbrk_r
 .text.__malloc_lock
                0x080066b4        0xc c:/ncs/v1.7.1/toolchain/opt/bin/../lib/gcc/arm-none-eabi/9.2.1/../../../../arm-none-eabi/lib/thumb/v7e-m+fp/hard\libc_nano.a(lib_a-mlock.o)
                0x080066b4                __malloc_lock
 .text.__malloc_unlock
                0x080066c0        0xc c:/ncs/v1.7.1/toolchain/opt/bin/../lib/gcc/arm-none-eabi/9.2.1/../../../../arm-none-eabi/lib/thumb/v7e-m+fp/hard\libc_nano.a(lib_a-mlock.o)
                0x080066c0                __malloc_unlock
 .text._malloc_usable_size_r
                0x080066cc       0x10 c:/ncs/v1.7.1/toolchain/opt/bin/../lib/gcc/arm-none-eabi/9.2.1/../../../../arm-none-eabi/lib/thumb/v7e-m+fp/hard\libc_nano.a(lib_a-nano-msizer.o)
                0x080066cc                _malloc_usable_size_r
 .text.__retarget_lock_acquire_recursive
                0x080066dc        0x2 c:/ncs/v1.7.1/toolchain/opt/bin/../lib/gcc/arm-none-eabi/9.2.1/../../../../arm-none-eabi/lib/thumb/v7e-m+fp/hard\libc_nano.a(lib_a-lock.o)
                0x080066dc                __retarget_lock_acquire_recursive
 .text.__retarget_lock_release_recursive
                0x080066de        0x2 c:/ncs/v1.7.1/toolchain/opt/bin/../lib/gcc/arm-none-eabi/9.2.1/../../../../arm-none-eabi/lib/thumb/v7e-m+fp/hard\libc_nano.a(lib_a-lock.o)
                0x080066de                __retarget_lock_release_recursive
 .text._sbrk    0x080066e0       0x1c c:/ncs/v1.7.1/toolchain/opt/bin/../lib/gcc/arm-none-eabi/9.2.1/../../../../arm-none-eabi/lib/thumb/v7e-m+fp/hard\libnosys.a(sbrk.o)
                0x080066e0                _sbrk
 *(.glue_7)
 .glue_7        0x080066fc        0x0 linker stubs
 *(.glue_7t)
 .glue_7t       0x080066fc        0x0 linker stubs
 *(.eh_frame)
 .eh_frame      0x080066fc        0x0 c:/ncs/v1.7.1/toolchain/opt/bin/../lib/gcc/arm-none-eabi/9.2.1/thumb/v7e-m+fp/hard/crtbegin.o
 *(.init)
 .init          0x080066fc        0x4 c:/ncs/v1.7.1/toolchain/opt/bin/../lib/gcc/arm-none-eabi/9.2.1/thumb/v7e-m+fp/hard/crti.o
                0x080066fc                _init
 .init          0x08006700        0x8 c:/ncs/v1.7.1/toolchain/opt/bin/../lib/gcc/arm-none-eabi/9.2.1/thumb/v7e-m+fp/hard/crtn.o
 *(.fini)
 .fini          0x08006708        0x4 c:/ncs/v1.7.1/toolchain/opt/bin/../lib/gcc/arm-none-eabi/9.2.1/thumb/v7e-m+fp/hard/crti.o
                0x08006708                _fini
 .fini          0x0800670c        0x8 c:/ncs/v1.7.1/toolchain/opt/bin/../lib/gcc/arm-none-eabi/9.2.1/thumb/v7e-m+fp/hard/crtn.o
                0x08006718                . = ALIGN (0x8)
 *fill*         0x08006714        0x4 
                0x08006718                _etext = .

.vfp11_veneer   0x08006718        0x0
 .vfp11_veneer  0x08006718        0x0 linker stubs

.v4_bx          0x08006718        0x0
 .v4_bx         0x08006718        0x0 linker stubs

.iplt           0x08006718        0x0
 .iplt          0x08006718        0x0 c:/ncs/v1.7.1/toolchain/opt/bin/../lib/gcc/arm-none-eabi/9.2.1/thumb/v7e-m+fp/hard/crtbegin.o

.rodata         0x08006718      0x4b8
                0x08006718                . = ALIGN (0x8)
 *(.rodata)
 *(.rodata*)
 .rodata.HAL_UARTEx_RxEventCallback.str1.4
                0x08006718       0x11 build/main.o
 *fill*         0x08006729        0x3 
 .rodata.newlog.str1.4
                0x0800672c       0xf6 build/main.o
 *fill*         0x08006822        0x2 
 .rodata.appendFile.str1.4
                0x08006824      0x1ba build/main.o
                                0x1be (size before relaxing)
 *fill*         0x080069de        0x2 
 .rodata.Stop_Mode_Entry.str1.4
                0x080069e0       0x13 build/main.o
 *fill*         0x080069f3        0x1 
 .rodata.appendBUFFER.str1.4
                0x080069f4       0xc2 build/main.o
 *fill*         0x08006ab6        0x2 
 .rodata.main.str1.4
                0x08006ab8        0xc build/main.o
 .rodata.AHBPrescTable
                0x08006ac4       0x10 build/system_stm32l4xx.o
                0x08006ac4                AHBPrescTable
 .rodata.APBPrescTable
                0x08006ad4        0x8 build/system_stm32l4xx.o
                0x08006ad4                APBPrescTable
 .rodata.MSIRangeTable
                0x08006adc       0x30 build/system_stm32l4xx.o
                0x08006adc                MSIRangeTable
 .rodata.create_name.str1.4
                0x08006b0c        0xf build/ff.o
 *fill*         0x08006b1b        0x1 
 .rodata.ExCvt  0x08006b1c       0x80 build/ff.o
 .rodata._svfprintf_r.str1.1
                0x08006b9c       0x11 c:/ncs/v1.7.1/toolchain/opt/bin/../lib/gcc/arm-none-eabi/9.2.1/../../../../arm-none-eabi/lib/thumb/v7e-m+fp/hard\libc_nano.a(lib_a-nano-svfprintf.o)
 .rodata._printf_i.str1.1
                0x08006bad       0x22 c:/ncs/v1.7.1/toolchain/opt/bin/../lib/gcc/arm-none-eabi/9.2.1/../../../../arm-none-eabi/lib/thumb/v7e-m+fp/hard\libc_nano.a(lib_a-nano-vfprintf_i.o)
                0x08006bd0                . = ALIGN (0x8)
 *fill*         0x08006bcf        0x1 

.ARM.extab      0x08006bd0        0x0
                0x08006bd0                . = ALIGN (0x8)
 *(.ARM.extab* .gnu.linkonce.armextab.*)
                0x08006bd0                . = ALIGN (0x8)

.ARM            0x08006bd0        0x8
                0x08006bd0                . = ALIGN (0x8)
                0x08006bd0                __exidx_start = .
 *(.ARM.exidx*)
 .ARM.exidx     0x08006bd0        0x8 c:/ncs/v1.7.1/toolchain/opt/bin/../lib/gcc/arm-none-eabi/9.2.1/thumb/v7e-m+fp/hard\libgcc.a(_udivmoddi4.o)
                0x08006bd8                __exidx_end = .
                0x08006bd8                . = ALIGN (0x8)

.rel.dyn        0x08006bd8        0x0
 .rel.iplt      0x08006bd8        0x0 c:/ncs/v1.7.1/toolchain/opt/bin/../lib/gcc/arm-none-eabi/9.2.1/thumb/v7e-m+fp/hard/crtbegin.o

.preinit_array  0x08006bd8        0x0
                0x08006bd8                . = ALIGN (0x8)
                0x08006bd8                PROVIDE (__preinit_array_start = .)
 *(.preinit_array*)
                0x08006bd8                PROVIDE (__preinit_array_end = .)
                0x08006bd8                . = ALIGN (0x8)

.init_array     0x08006bd8        0x8
                0x08006bd8                . = ALIGN (0x8)
                0x08006bd8                PROVIDE (__init_array_start = .)
 *(SORT_BY_NAME(.init_array.*))
 *(.init_array*)
 .init_array    0x08006bd8        0x4 c:/ncs/v1.7.1/toolchain/opt/bin/../lib/gcc/arm-none-eabi/9.2.1/thumb/v7e-m+fp/hard/crtbegin.o
                0x08006bdc                PROVIDE (__init_array_end = .)
                0x08006be0                . = ALIGN (0x8)
 *fill*         0x08006bdc        0x4 

.fini_array     0x08006be0        0x8
                0x08006be0                . = ALIGN (0x8)
                [!provide]                PROVIDE (__fini_array_start = .)
 *(SORT_BY_NAME(.fini_array.*))
 *(.fini_array*)
 .fini_array    0x08006be0        0x4 c:/ncs/v1.7.1/toolchain/opt/bin/../lib/gcc/arm-none-eabi/9.2.1/thumb/v7e-m+fp/hard/crtbegin.o
                [!provide]                PROVIDE (__fini_array_end = .)
                0x08006be8                . = ALIGN (0x8)
 *fill*         0x08006be4        0x4 
                0x08006be8                _sidata = LOADADDR (.data)

.data           0x20000000       0x88 load address 0x08006be8
                0x20000000                . = ALIGN (0x8)
                0x20000000                _sdata = .
 *(.data)
 *(.data*)
 .data.LOCATION_BUFFER_ITERATOR
                0x20000000        0x4 build/main.o
                0x20000000                LOCATION_BUFFER_ITERATOR
 .data.USER_Driver
                0x20000004       0x14 build/user_diskio.o
                0x20000004                USER_Driver
 .data.Stat     0x20000018        0x1 build/user_diskio_spi.o
 .data.uwTickFreq
                0x20000019        0x1 build/stm32l4xx_hal.o
                0x20000019                uwTickFreq
 *fill*         0x2000001a        0x2 
 .data.uwTickPrio
                0x2000001c        0x4 build/stm32l4xx_hal.o
                0x2000001c                uwTickPrio
 .data.SystemCoreClock
                0x20000020        0x4 build/system_stm32l4xx.o
                0x20000020                SystemCoreClock
 .data._impure_ptr
                0x20000024        0x4 c:/ncs/v1.7.1/toolchain/opt/bin/../lib/gcc/arm-none-eabi/9.2.1/../../../../arm-none-eabi/lib/thumb/v7e-m+fp/hard\libc_nano.a(lib_a-impure.o)
                0x20000024                _impure_ptr
 .data.impure_data
                0x20000028       0x60 c:/ncs/v1.7.1/toolchain/opt/bin/../lib/gcc/arm-none-eabi/9.2.1/../../../../arm-none-eabi/lib/thumb/v7e-m+fp/hard\libc_nano.a(lib_a-impure.o)
                0x20000088                . = ALIGN (0x8)
                0x20000088                _edata = .

.igot.plt       0x20000088        0x0 load address 0x08006c70
 .igot.plt      0x20000088        0x0 c:/ncs/v1.7.1/toolchain/opt/bin/../lib/gcc/arm-none-eabi/9.2.1/thumb/v7e-m+fp/hard/crtbegin.o
                0x20000088                . = ALIGN (0x4)

.bss            0x20000088     0x1404 load address 0x08006c70
                0x20000088                _sbss = .
                0x20000088                __bss_start__ = _sbss
 *(.bss)
 .bss           0x20000088       0x1c c:/ncs/v1.7.1/toolchain/opt/bin/../lib/gcc/arm-none-eabi/9.2.1/thumb/v7e-m+fp/hard/crtbegin.o
 *(.bss*)
 .bss.RX_Flag   0x200000a4        0x1 build/main.o
                0x200000a4                RX_Flag
 .bss.SD_Flag   0x200000a5        0x1 build/main.o
                0x200000a5                SD_Flag
 *fill*         0x200000a6        0x2 
 .bss.buffer.10204
                0x200000a8      0x100 build/main.o
 .bss.CardType  0x200001a8        0x1 build/user_diskio_spi.o
 *fill*         0x200001a9        0x3 
 .bss.FatFs     0x200001ac        0x4 build/ff.o
 .bss.Files     0x200001b0       0x20 build/ff.o
 .bss.Fsid      0x200001d0        0x2 build/ff.o
 *fill*         0x200001d2        0x2 
 .bss.disk      0x200001d4        0xc build/ff_gen_drv.o
                0x200001d4                disk
 .bss.__malloc_free_list
                0x200001e0        0x4 c:/ncs/v1.7.1/toolchain/opt/bin/../lib/gcc/arm-none-eabi/9.2.1/../../../../arm-none-eabi/lib/thumb/v7e-m+fp/hard\libc_nano.a(lib_a-nano-mallocr.o)
                0x200001e0                __malloc_free_list
 .bss.__malloc_sbrk_start
                0x200001e4        0x4 c:/ncs/v1.7.1/toolchain/opt/bin/../lib/gcc/arm-none-eabi/9.2.1/../../../../arm-none-eabi/lib/thumb/v7e-m+fp/hard\libc_nano.a(lib_a-nano-mallocr.o)
                0x200001e4                __malloc_sbrk_start
 .bss.heap_end.5507
                0x200001e8        0x4 c:/ncs/v1.7.1/toolchain/opt/bin/../lib/gcc/arm-none-eabi/9.2.1/../../../../arm-none-eabi/lib/thumb/v7e-m+fp/hard\libnosys.a(sbrk.o)
 *(COMMON)
 COMMON         0x200001ec      0xe18 build/main.o
                0x200001ec                hspi2
                0x20000250                FatFs
                0x20000480                newFile
                0x200006b0                Rx_data
                0x20000ab0                wakeup
                0x20000ab8                hspi1
                0x20000b1c                huart2
                0x20000ba0                fres
                0x20000ba4                fil
                0x20000dd4                workingFile
 COMMON         0x20001004        0x8 build/user_diskio_spi.o
                0x20001004                spiTimerTickStart
                0x20001008                spiTimerTickDelay
 COMMON         0x2000100c      0x468 build/fatfs.o
                0x2000100c                USERPath
                0x20001010                retUSER
                0x20001014                USERFile
                0x20001244                USERFatFS
 COMMON         0x20001474        0x4 build/stm32l4xx_hal.o
                0x20001474                uwTick
 COMMON         0x20001478        0x1 build/SPI_FRAM.o
                0x20001478                spi_fram
 *fill*         0x20001479        0x3 
 COMMON         0x2000147c        0x4 c:/ncs/v1.7.1/toolchain/opt/bin/../lib/gcc/arm-none-eabi/9.2.1/../../../../arm-none-eabi/lib/thumb/v7e-m+fp/hard\libc_nano.a(lib_a-reent.o)
                0x2000147c                errno
 COMMON         0x20001480        0x9 c:/ncs/v1.7.1/toolchain/opt/bin/../lib/gcc/arm-none-eabi/9.2.1/../../../../arm-none-eabi/lib/thumb/v7e-m+fp/hard\libc_nano.a(lib_a-lock.o)
                0x20001480                __lock___atexit_recursive_mutex
                0x20001481                __lock___arc4random_mutex
                0x20001482                __lock___env_recursive_mutex
                0x20001483                __lock___sinit_recursive_mutex
                0x20001484                __lock___malloc_recursive_mutex
                0x20001485                __lock___at_quick_exit_mutex
                0x20001486                __lock___dd_hash_mutex
                0x20001487                __lock___tz_mutex
                0x20001488                __lock___sfp_recursive_mutex
                0x2000148c                . = ALIGN (0x4)
 *fill*         0x20001489        0x3 
                0x2000148c                _ebss = .
                0x2000148c                __bss_end__ = _ebss

._user_heap_stack
                0x2000148c      0x604 load address 0x08006c70
                0x20001490                . = ALIGN (0x8)
 *fill*         0x2000148c        0x4 
                0x20001490                PROVIDE (end = .)
                [!provide]                PROVIDE (_end = .)
                0x20001690                . = (. + _Min_Heap_Size)
 *fill*         0x20001490      0x200 
                0x20001a90                . = (. + _Min_Stack_Size)
 *fill*         0x20001690      0x400 
                0x20001a90                . = ALIGN (0x8)

/DISCARD/
 libc.a(*)
 libm.a(*)
 libgcc.a(*)

.ARM.attributes
                0x00000000       0x30
 *(.ARM.attributes)
 .ARM.attributes
                0x00000000       0x1e c:/ncs/v1.7.1/toolchain/opt/bin/../lib/gcc/arm-none-eabi/9.2.1/thumb/v7e-m+fp/hard/crti.o
 .ARM.attributes
                0x0000001e       0x34 c:/ncs/v1.7.1/toolchain/opt/bin/../lib/gcc/arm-none-eabi/9.2.1/thumb/v7e-m+fp/hard/crtbegin.o
 .ARM.attributes
                0x00000052       0x34 build/main.o
 .ARM.attributes
                0x00000086       0x34 build/stm32l4xx_it.o
 .ARM.attributes
                0x000000ba       0x34 build/stm32l4xx_hal_msp.o
 .ARM.attributes
                0x000000ee       0x34 build/user_diskio.o
 .ARM.attributes
                0x00000122       0x34 build/user_diskio_spi.o
 .ARM.attributes
                0x00000156       0x34 build/fatfs.o
 .ARM.attributes
                0x0000018a       0x34 build/stm32l4xx_hal.o
 .ARM.attributes
                0x000001be       0x34 build/stm32l4xx_hal_rcc.o
 .ARM.attributes
                0x000001f2       0x34 build/stm32l4xx_hal_rcc_ex.o
 .ARM.attributes
                0x00000226       0x34 build/stm32l4xx_hal_gpio.o
 .ARM.attributes
                0x0000025a       0x34 build/stm32l4xx_hal_dma.o
 .ARM.attributes
                0x0000028e       0x34 build/stm32l4xx_hal_pwr_ex.o
 .ARM.attributes
                0x000002c2       0x34 build/stm32l4xx_hal_cortex.o
 .ARM.attributes
                0x000002f6       0x34 build/stm32l4xx_hal_spi.o
 .ARM.attributes
                0x0000032a       0x34 build/stm32l4xx_hal_uart.o
 .ARM.attributes
                0x0000035e       0x34 build/stm32l4xx_hal_uart_ex.o
 .ARM.attributes
                0x00000392       0x34 build/system_stm32l4xx.o
 .ARM.attributes
                0x000003c6       0x34 build/SPI_FRAM.o
 .ARM.attributes
                0x000003fa       0x34 build/diskio.o
 .ARM.attributes
                0x0000042e       0x34 build/ff.o
 .ARM.attributes
                0x00000462       0x34 build/ff_gen_drv.o
 .ARM.attributes
                0x00000496       0x21 build/startup_stm32l412xx.o
 .ARM.attributes
                0x000004b7       0x32 c:/ncs/v1.7.1/toolchain/opt/bin/../lib/gcc/arm-none-eabi/9.2.1/../../../../arm-none-eabi/lib/thumb/v7e-m+fp/hard\libc_nano.a(lib_a-impure.o)
 .ARM.attributes
                0x000004e9       0x34 c:/ncs/v1.7.1/toolchain/opt/bin/../lib/gcc/arm-none-eabi/9.2.1/../../../../arm-none-eabi/lib/thumb/v7e-m+fp/hard\libc_nano.a(lib_a-init.o)
 .ARM.attributes
                0x0000051d       0x34 c:/ncs/v1.7.1/toolchain/opt/bin/../lib/gcc/arm-none-eabi/9.2.1/../../../../arm-none-eabi/lib/thumb/v7e-m+fp/hard\libc_nano.a(lib_a-memset.o)
 .ARM.attributes
                0x00000551       0x17 c:/ncs/v1.7.1/toolchain/opt/bin/../lib/gcc/arm-none-eabi/9.2.1/../../../../arm-none-eabi/lib/thumb/v7e-m+fp/hard\libc_nano.a(lib_a-strlen.o)
 .ARM.attributes
                0x00000568       0x34 c:/ncs/v1.7.1/toolchain/opt/bin/../lib/gcc/arm-none-eabi/9.2.1/../../../../arm-none-eabi/lib/thumb/v7e-m+fp/hard\libc_nano.a(lib_a-strncpy.o)
 .ARM.attributes
                0x0000059c       0x34 c:/ncs/v1.7.1/toolchain/opt/bin/../lib/gcc/arm-none-eabi/9.2.1/../../../../arm-none-eabi/lib/thumb/v7e-m+fp/hard\libc_nano.a(lib_a-vsnprintf.o)
 .ARM.attributes
                0x000005d0       0x34 c:/ncs/v1.7.1/toolchain/opt/bin/../lib/gcc/arm-none-eabi/9.2.1/../../../../arm-none-eabi/lib/thumb/v7e-m+fp/hard\libc_nano.a(lib_a-nano-svfprintf.o)
 .ARM.attributes
                0x00000604       0x34 c:/ncs/v1.7.1/toolchain/opt/bin/../lib/gcc/arm-none-eabi/9.2.1/../../../../arm-none-eabi/lib/thumb/v7e-m+fp/hard\libc_nano.a(lib_a-nano-vfprintf_i.o)
 .ARM.attributes
                0x00000638       0x1c c:/ncs/v1.7.1/toolchain/opt/bin/../lib/gcc/arm-none-eabi/9.2.1/../../../../arm-none-eabi/lib/thumb/v7e-m+fp/hard\libc_nano.a(lib_a-memchr.o)
 .ARM.attributes
                0x00000654       0x34 c:/ncs/v1.7.1/toolchain/opt/bin/../lib/gcc/arm-none-eabi/9.2.1/../../../../arm-none-eabi/lib/thumb/v7e-m+fp/hard\libc_nano.a(lib_a-memcpy-stub.o)
 .ARM.attributes
                0x00000688       0x34 c:/ncs/v1.7.1/toolchain/opt/bin/../lib/gcc/arm-none-eabi/9.2.1/../../../../arm-none-eabi/lib/thumb/v7e-m+fp/hard\libc_nano.a(lib_a-memmove.o)
 .ARM.attributes
                0x000006bc       0x34 c:/ncs/v1.7.1/toolchain/opt/bin/../lib/gcc/arm-none-eabi/9.2.1/../../../../arm-none-eabi/lib/thumb/v7e-m+fp/hard\libc_nano.a(lib_a-nano-freer.o)
 .ARM.attributes
                0x000006f0       0x34 c:/ncs/v1.7.1/toolchain/opt/bin/../lib/gcc/arm-none-eabi/9.2.1/../../../../arm-none-eabi/lib/thumb/v7e-m+fp/hard\libc_nano.a(lib_a-nano-mallocr.o)
 .ARM.attributes
                0x00000724       0x34 c:/ncs/v1.7.1/toolchain/opt/bin/../lib/gcc/arm-none-eabi/9.2.1/../../../../arm-none-eabi/lib/thumb/v7e-m+fp/hard\libc_nano.a(lib_a-nano-reallocr.o)
 .ARM.attributes
                0x00000758       0x34 c:/ncs/v1.7.1/toolchain/opt/bin/../lib/gcc/arm-none-eabi/9.2.1/../../../../arm-none-eabi/lib/thumb/v7e-m+fp/hard\libc_nano.a(lib_a-sbrkr.o)
 .ARM.attributes
                0x0000078c       0x34 c:/ncs/v1.7.1/toolchain/opt/bin/../lib/gcc/arm-none-eabi/9.2.1/../../../../arm-none-eabi/lib/thumb/v7e-m+fp/hard\libc_nano.a(lib_a-mlock.o)
 .ARM.attributes
                0x000007c0       0x34 c:/ncs/v1.7.1/toolchain/opt/bin/../lib/gcc/arm-none-eabi/9.2.1/../../../../arm-none-eabi/lib/thumb/v7e-m+fp/hard\libc_nano.a(lib_a-nano-msizer.o)
 .ARM.attributes
                0x000007f4       0x34 c:/ncs/v1.7.1/toolchain/opt/bin/../lib/gcc/arm-none-eabi/9.2.1/../../../../arm-none-eabi/lib/thumb/v7e-m+fp/hard\libc_nano.a(lib_a-reent.o)
 .ARM.attributes
                0x00000828       0x34 c:/ncs/v1.7.1/toolchain/opt/bin/../lib/gcc/arm-none-eabi/9.2.1/../../../../arm-none-eabi/lib/thumb/v7e-m+fp/hard\libc_nano.a(lib_a-lock.o)
 .ARM.attributes
                0x0000085c       0x34 c:/ncs/v1.7.1/toolchain/opt/bin/../lib/gcc/arm-none-eabi/9.2.1/../../../../arm-none-eabi/lib/thumb/v7e-m+fp/hard\libnosys.a(sbrk.o)
 .ARM.attributes
                0x00000890       0x1e c:/ncs/v1.7.1/toolchain/opt/bin/../lib/gcc/arm-none-eabi/9.2.1/thumb/v7e-m+fp/hard\libgcc.a(_aeabi_uldivmod.o)
 .ARM.attributes
                0x000008ae       0x34 c:/ncs/v1.7.1/toolchain/opt/bin/../lib/gcc/arm-none-eabi/9.2.1/thumb/v7e-m+fp/hard\libgcc.a(_udivmoddi4.o)
 .ARM.attributes
                0x000008e2       0x1e c:/ncs/v1.7.1/toolchain/opt/bin/../lib/gcc/arm-none-eabi/9.2.1/thumb/v7e-m+fp/hard\libgcc.a(_dvmd_tls.o)
 .ARM.attributes
                0x00000900       0x1e c:/ncs/v1.7.1/toolchain/opt/bin/../lib/gcc/arm-none-eabi/9.2.1/thumb/v7e-m+fp/hard/crtn.o
OUTPUT(build/SD_Logger_Test.elf elf32-littlearm)

.debug_info     0x00000000    0x22802
 .debug_info    0x00000000     0x37d6 build/main.o
 .debug_info    0x000037d6      0xa4f build/stm32l4xx_it.o
 .debug_info    0x00004225     0x15e4 build/stm32l4xx_hal_msp.o
 .debug_info    0x00005809     0x10b7 build/user_diskio.o
 .debug_info    0x000068c0     0x1fc5 build/user_diskio_spi.o
 .debug_info    0x00008885     0x1146 build/fatfs.o
 .debug_info    0x000099cb      0xd31 build/stm32l4xx_hal.o
 .debug_info    0x0000a6fc     0x1239 build/stm32l4xx_hal_rcc.o
 .debug_info    0x0000b935     0x12a2 build/stm32l4xx_hal_rcc_ex.o
 .debug_info    0x0000cbd7      0xb7b build/stm32l4xx_hal_gpio.o
 .debug_info    0x0000d752      0xb22 build/stm32l4xx_hal_dma.o
 .debug_info    0x0000e274      0xdb7 build/stm32l4xx_hal_pwr_ex.o
 .debug_info    0x0000f02b     0x1313 build/stm32l4xx_hal_cortex.o
 .debug_info    0x0001033e     0x2520 build/stm32l4xx_hal_spi.o
 .debug_info    0x0001285e     0x55f5 build/stm32l4xx_hal_uart.o
 .debug_info    0x00017e53     0x133b build/stm32l4xx_hal_uart_ex.o
 .debug_info    0x0001918e      0x848 build/system_stm32l4xx.o
 .debug_info    0x000199d6     0x1a4f build/SPI_FRAM.o
 .debug_info    0x0001b425     0x10d8 build/diskio.o
 .debug_info    0x0001c4fd     0x52be build/ff.o
 .debug_info    0x000217bb     0x1025 build/ff_gen_drv.o
 .debug_info    0x000227e0       0x22 build/startup_stm32l412xx.o

.debug_abbrev   0x00000000     0x38fd
 .debug_abbrev  0x00000000      0x44c build/main.o
 .debug_abbrev  0x0000044c      0x183 build/stm32l4xx_it.o
 .debug_abbrev  0x000005cf      0x206 build/stm32l4xx_hal_msp.o
 .debug_abbrev  0x000007d5      0x272 build/user_diskio.o
 .debug_abbrev  0x00000a47      0x3b0 build/user_diskio_spi.o
 .debug_abbrev  0x00000df7      0x251 build/fatfs.o
 .debug_abbrev  0x00001048      0x24d build/stm32l4xx_hal.o
 .debug_abbrev  0x00001295      0x28e build/stm32l4xx_hal_rcc.o
 .debug_abbrev  0x00001523      0x27e build/stm32l4xx_hal_rcc_ex.o
 .debug_abbrev  0x000017a1      0x24f build/stm32l4xx_hal_gpio.o
 .debug_abbrev  0x000019f0      0x27a build/stm32l4xx_hal_dma.o
 .debug_abbrev  0x00001c6a      0x247 build/stm32l4xx_hal_pwr_ex.o
 .debug_abbrev  0x00001eb1      0x3a8 build/stm32l4xx_hal_cortex.o
 .debug_abbrev  0x00002259      0x2a4 build/stm32l4xx_hal_spi.o
 .debug_abbrev  0x000024fd      0x340 build/stm32l4xx_hal_uart.o
 .debug_abbrev  0x0000283d      0x30c build/stm32l4xx_hal_uart_ex.o
 .debug_abbrev  0x00002b49      0x16a build/system_stm32l4xx.o
 .debug_abbrev  0x00002cb3      0x356 build/SPI_FRAM.o
 .debug_abbrev  0x00003009      0x294 build/diskio.o
 .debug_abbrev  0x0000329d      0x397 build/ff.o
 .debug_abbrev  0x00003634      0x2b7 build/ff_gen_drv.o
 .debug_abbrev  0x000038eb       0x12 build/startup_stm32l412xx.o

.debug_loc      0x00000000    0x1443e
 .debug_loc     0x00000000      0x490 build/main.o
 .debug_loc     0x00000490       0x40 build/stm32l4xx_it.o
 .debug_loc     0x000004d0      0x252 build/stm32l4xx_hal_msp.o
 .debug_loc     0x00000722      0x281 build/user_diskio.o
 .debug_loc     0x000009a3      0xead build/user_diskio_spi.o
 .debug_loc     0x00001850       0x20 build/fatfs.o
 .debug_loc     0x00001870      0x26d build/stm32l4xx_hal.o
 .debug_loc     0x00001add      0xa43 build/stm32l4xx_hal_rcc.o
 .debug_loc     0x00002520      0xfcc build/stm32l4xx_hal_rcc_ex.o
 .debug_loc     0x000034ec      0x3f4 build/stm32l4xx_hal_gpio.o
 .debug_loc     0x000038e0      0x94e build/stm32l4xx_hal_dma.o
 .debug_loc     0x0000422e      0x857 build/stm32l4xx_hal_pwr_ex.o
 .debug_loc     0x00004a85      0x7d4 build/stm32l4xx_hal_cortex.o
 .debug_loc     0x00005259     0x2781 build/stm32l4xx_hal_spi.o
 .debug_loc     0x000079da     0x52f0 build/stm32l4xx_hal_uart.o
 .debug_loc     0x0000ccca      0xd5f build/stm32l4xx_hal_uart_ex.o
 .debug_loc     0x0000da29      0x100 build/system_stm32l4xx.o
 .debug_loc     0x0000db29      0x611 build/SPI_FRAM.o
 .debug_loc     0x0000e13a      0x323 build/diskio.o
 .debug_loc     0x0000e45d     0x5cd0 build/ff.o
 .debug_loc     0x0001412d      0x311 build/ff_gen_drv.o

.debug_aranges  0x00000000      0xf28
 .debug_aranges
                0x00000000       0x90 build/main.o
 .debug_aranges
                0x00000090       0x68 build/stm32l4xx_it.o
 .debug_aranges
                0x000000f8       0x40 build/stm32l4xx_hal_msp.o
 .debug_aranges
                0x00000138       0x40 build/user_diskio.o
 .debug_aranges
                0x00000178       0x98 build/user_diskio_spi.o
 .debug_aranges
                0x00000210       0x28 build/fatfs.o
 .debug_aranges
                0x00000238      0x108 build/stm32l4xx_hal.o
 .debug_aranges
                0x00000340       0x90 build/stm32l4xx_hal_rcc.o
 .debug_aranges
                0x000003d0       0xd0 build/stm32l4xx_hal_rcc_ex.o
 .debug_aranges
                0x000004a0       0x58 build/stm32l4xx_hal_gpio.o
 .debug_aranges
                0x000004f8       0x80 build/stm32l4xx_hal_dma.o
 .debug_aranges
                0x00000578      0x148 build/stm32l4xx_hal_pwr_ex.o
 .debug_aranges
                0x000006c0       0xa8 build/stm32l4xx_hal_cortex.o
 .debug_aranges
                0x00000768      0x1d8 build/stm32l4xx_hal_spi.o
 .debug_aranges
                0x00000940      0x228 build/stm32l4xx_hal_uart.o
 .debug_aranges
                0x00000b68       0x78 build/stm32l4xx_hal_uart_ex.o
 .debug_aranges
                0x00000be0       0x28 build/system_stm32l4xx.o
 .debug_aranges
                0x00000c08       0x68 build/SPI_FRAM.o
 .debug_aranges
                0x00000c70       0x48 build/diskio.o
 .debug_aranges
                0x00000cb8      0x208 build/ff.o
 .debug_aranges
                0x00000ec0       0x40 build/ff_gen_drv.o
 .debug_aranges
                0x00000f00       0x28 build/startup_stm32l412xx.o

.debug_ranges   0x00000000      0xec8
 .debug_ranges  0x00000000       0x98 build/main.o
 .debug_ranges  0x00000098       0x58 build/stm32l4xx_it.o
 .debug_ranges  0x000000f0       0x30 build/stm32l4xx_hal_msp.o
 .debug_ranges  0x00000120       0x30 build/user_diskio.o
 .debug_ranges  0x00000150       0x88 build/user_diskio_spi.o
 .debug_ranges  0x000001d8       0x18 build/fatfs.o
 .debug_ranges  0x000001f0       0xf8 build/stm32l4xx_hal.o
 .debug_ranges  0x000002e8       0xb8 build/stm32l4xx_hal_rcc.o
 .debug_ranges  0x000003a0       0xd8 build/stm32l4xx_hal_rcc_ex.o
 .debug_ranges  0x00000478       0x48 build/stm32l4xx_hal_gpio.o
 .debug_ranges  0x000004c0       0x70 build/stm32l4xx_hal_dma.o
 .debug_ranges  0x00000530      0x138 build/stm32l4xx_hal_pwr_ex.o
 .debug_ranges  0x00000668       0xf8 build/stm32l4xx_hal_cortex.o
 .debug_ranges  0x00000760      0x1c8 build/stm32l4xx_hal_spi.o
 .debug_ranges  0x00000928      0x230 build/stm32l4xx_hal_uart.o
 .debug_ranges  0x00000b58       0x68 build/stm32l4xx_hal_uart_ex.o
 .debug_ranges  0x00000bc0       0x18 build/system_stm32l4xx.o
 .debug_ranges  0x00000bd8       0x70 build/SPI_FRAM.o
 .debug_ranges  0x00000c48       0x38 build/diskio.o
 .debug_ranges  0x00000c80      0x1f8 build/ff.o
 .debug_ranges  0x00000e78       0x30 build/ff_gen_drv.o
 .debug_ranges  0x00000ea8       0x20 build/startup_stm32l412xx.o

.debug_line     0x00000000    0x14602
 .debug_line    0x00000000      0xc24 build/main.o
 .debug_line    0x00000c24      0x2f5 build/stm32l4xx_it.o
 .debug_line    0x00000f19      0x437 build/stm32l4xx_hal_msp.o
 .debug_line    0x00001350      0x325 build/user_diskio.o
 .debug_line    0x00001675      0xcb5 build/user_diskio_spi.o
 .debug_line    0x0000232a      0x2e8 build/fatfs.o
 .debug_line    0x00002612      0x5d5 build/stm32l4xx_hal.o
 .debug_line    0x00002be7      0xfc6 build/stm32l4xx_hal_rcc.o
 .debug_line    0x00003bad      0xe05 build/stm32l4xx_hal_rcc_ex.o
 .debug_line    0x000049b2      0x6ab build/stm32l4xx_hal_gpio.o
 .debug_line    0x0000505d      0xa5b build/stm32l4xx_hal_dma.o
 .debug_line    0x00005ab8      0x96f build/stm32l4xx_hal_pwr_ex.o
 .debug_line    0x00006427      0x799 build/stm32l4xx_hal_cortex.o
 .debug_line    0x00006bc0     0x2901 build/stm32l4xx_hal_spi.o
 .debug_line    0x000094c1     0x5257 build/stm32l4xx_hal_uart.o
 .debug_line    0x0000e718      0xb93 build/stm32l4xx_hal_uart_ex.o
 .debug_line    0x0000f2ab      0x2c9 build/system_stm32l4xx.o
 .debug_line    0x0000f574      0x64c build/SPI_FRAM.o
 .debug_line    0x0000fbc0      0x382 build/diskio.o
 .debug_line    0x0000ff42     0x4286 build/ff.o
 .debug_line    0x000141c8      0x3c4 build/ff_gen_drv.o
 .debug_line    0x0001458c       0x76 build/startup_stm32l412xx.o

.debug_str      0x00000000     0x4918
 .debug_str     0x00000000     0x174a build/main.o
                               0x18c6 (size before relaxing)
 .debug_str     0x0000174a       0xda build/stm32l4xx_it.o
                                0x8f8 (size before relaxing)
 .debug_str     0x00001824      0x592 build/stm32l4xx_hal_msp.o
                               0x112f (size before relaxing)
 .debug_str     0x00001db6       0xb8 build/user_diskio.o
                                0x98b (size before relaxing)
 .debug_str     0x00001e6e      0x12e build/user_diskio_spi.o
                                0xe2f (size before relaxing)
 .debug_str     0x00001f9c       0x2f build/fatfs.o
                                0xa08 (size before relaxing)
 .debug_str     0x00001fcb      0x2c3 build/stm32l4xx_hal.o
                                0xce2 (size before relaxing)
 .debug_str     0x0000228e      0x2b5 build/stm32l4xx_hal_rcc.o
                                0xaae (size before relaxing)
 .debug_str     0x00002543      0x433 build/stm32l4xx_hal_rcc_ex.o
                                0xce5 (size before relaxing)
 .debug_str     0x00002976       0xc2 build/stm32l4xx_hal_gpio.o
                                0x7df (size before relaxing)
 .debug_str     0x00002a38      0x269 build/stm32l4xx_hal_dma.o
                                0x8af (size before relaxing)
 .debug_str     0x00002ca1      0x4e4 build/stm32l4xx_hal_pwr_ex.o
                                0xa92 (size before relaxing)
 .debug_str     0x00003185      0x41a build/stm32l4xx_hal_cortex.o
                                0xd56 (size before relaxing)
 .debug_str     0x0000359f      0x53f build/stm32l4xx_hal_spi.o
                                0xe2b (size before relaxing)
 .debug_str     0x00003ade      0x73b build/stm32l4xx_hal_uart.o
                               0x122e (size before relaxing)
 .debug_str     0x00004219      0x136 build/stm32l4xx_hal_uart_ex.o
                                0xb62 (size before relaxing)
 .debug_str     0x0000434f       0x3d build/system_stm32l4xx.o
                                0x631 (size before relaxing)
 .debug_str     0x0000438c      0x127 build/SPI_FRAM.o
                                0xe31 (size before relaxing)
 .debug_str     0x000044b3       0x4f build/diskio.o
                                0x933 (size before relaxing)
 .debug_str     0x00004502      0x377 build/ff.o
                                0xebb (size before relaxing)
 .debug_str     0x00004879       0x7b build/ff_gen_drv.o
                                0x984 (size before relaxing)
 .debug_str     0x000048f4       0x24 build/startup_stm32l412xx.o
                                 0x6a (size before relaxing)

.comment        0x00000000       0x79
 .comment       0x00000000       0x79 build/main.o
                                 0x7a (size before relaxing)
 .comment       0x00000079       0x7a build/stm32l4xx_it.o
 .comment       0x00000079       0x7a build/stm32l4xx_hal_msp.o
 .comment       0x00000079       0x7a build/user_diskio.o
 .comment       0x00000079       0x7a build/user_diskio_spi.o
 .comment       0x00000079       0x7a build/fatfs.o
 .comment       0x00000079       0x7a build/stm32l4xx_hal.o
 .comment       0x00000079       0x7a build/stm32l4xx_hal_rcc.o
 .comment       0x00000079       0x7a build/stm32l4xx_hal_rcc_ex.o
 .comment       0x00000079       0x7a build/stm32l4xx_hal_gpio.o
 .comment       0x00000079       0x7a build/stm32l4xx_hal_dma.o
 .comment       0x00000079       0x7a build/stm32l4xx_hal_pwr_ex.o
 .comment       0x00000079       0x7a build/stm32l4xx_hal_cortex.o
 .comment       0x00000079       0x7a build/stm32l4xx_hal_spi.o
 .comment       0x00000079       0x7a build/stm32l4xx_hal_uart.o
 .comment       0x00000079       0x7a build/stm32l4xx_hal_uart_ex.o
 .comment       0x00000079       0x7a build/system_stm32l4xx.o
 .comment       0x00000079       0x7a build/SPI_FRAM.o
 .comment       0x00000079       0x7a build/diskio.o
 .comment       0x00000079       0x7a build/ff.o
 .comment       0x00000079       0x7a build/ff_gen_drv.o

.debug_frame    0x00000000     0x3298
 .debug_frame   0x00000000      0x220 build/main.o
 .debug_frame   0x00000220       0xc8 build/stm32l4xx_it.o
 .debug_frame   0x000002e8       0xa4 build/stm32l4xx_hal_msp.o
 .debug_frame   0x0000038c       0x9c build/user_diskio.o
 .debug_frame   0x00000428      0x260 build/user_diskio_spi.o
 .debug_frame   0x00000688       0x3c build/fatfs.o
 .debug_frame   0x000006c4      0x230 build/stm32l4xx_hal.o
 .debug_frame   0x000008f4      0x1d0 build/stm32l4xx_hal_rcc.o
 .debug_frame   0x00000ac4      0x200 build/stm32l4xx_hal_rcc_ex.o
 .debug_frame   0x00000cc4       0xec build/stm32l4xx_hal_gpio.o
 .debug_frame   0x00000db0      0x180 build/stm32l4xx_hal_dma.o
 .debug_frame   0x00000f30      0x294 build/stm32l4xx_hal_pwr_ex.o
 .debug_frame   0x000011c4      0x16c build/stm32l4xx_hal_cortex.o
 .debug_frame   0x00001330      0x68c build/stm32l4xx_hal_spi.o
 .debug_frame   0x000019bc      0x6b8 build/stm32l4xx_hal_uart.o
 .debug_frame   0x00002074      0x174 build/stm32l4xx_hal_uart_ex.o
 .debug_frame   0x000021e8       0x30 build/system_stm32l4xx.o
 .debug_frame   0x00002218      0x15c build/SPI_FRAM.o
 .debug_frame   0x00002374       0xb4 build/diskio.o
 .debug_frame   0x00002428      0x934 build/ff.o
 .debug_frame   0x00002d5c       0x90 build/ff_gen_drv.o
 .debug_frame   0x00002dec       0x2c c:/ncs/v1.7.1/toolchain/opt/bin/../lib/gcc/arm-none-eabi/9.2.1/../../../../arm-none-eabi/lib/thumb/v7e-m+fp/hard\libc_nano.a(lib_a-init.o)
 .debug_frame   0x00002e18       0x20 c:/ncs/v1.7.1/toolchain/opt/bin/../lib/gcc/arm-none-eabi/9.2.1/../../../../arm-none-eabi/lib/thumb/v7e-m+fp/hard\libc_nano.a(lib_a-memset.o)
 .debug_frame   0x00002e38       0x28 c:/ncs/v1.7.1/toolchain/opt/bin/../lib/gcc/arm-none-eabi/9.2.1/../../../../arm-none-eabi/lib/thumb/v7e-m+fp/hard\libc_nano.a(lib_a-strncpy.o)
 .debug_frame   0x00002e60       0x4c c:/ncs/v1.7.1/toolchain/opt/bin/../lib/gcc/arm-none-eabi/9.2.1/../../../../arm-none-eabi/lib/thumb/v7e-m+fp/hard\libc_nano.a(lib_a-vsnprintf.o)
 .debug_frame   0x00002eac       0x90 c:/ncs/v1.7.1/toolchain/opt/bin/../lib/gcc/arm-none-eabi/9.2.1/../../../../arm-none-eabi/lib/thumb/v7e-m+fp/hard\libc_nano.a(lib_a-nano-svfprintf.o)
 .debug_frame   0x00002f3c       0x60 c:/ncs/v1.7.1/toolchain/opt/bin/../lib/gcc/arm-none-eabi/9.2.1/../../../../arm-none-eabi/lib/thumb/v7e-m+fp/hard\libc_nano.a(lib_a-nano-vfprintf_i.o)
 .debug_frame   0x00002f9c       0x28 c:/ncs/v1.7.1/toolchain/opt/bin/../lib/gcc/arm-none-eabi/9.2.1/../../../../arm-none-eabi/lib/thumb/v7e-m+fp/hard\libc_nano.a(lib_a-memcpy-stub.o)
 .debug_frame   0x00002fc4       0x28 c:/ncs/v1.7.1/toolchain/opt/bin/../lib/gcc/arm-none-eabi/9.2.1/../../../../arm-none-eabi/lib/thumb/v7e-m+fp/hard\libc_nano.a(lib_a-memmove.o)
 .debug_frame   0x00002fec       0x38 c:/ncs/v1.7.1/toolchain/opt/bin/../lib/gcc/arm-none-eabi/9.2.1/../../../../arm-none-eabi/lib/thumb/v7e-m+fp/hard\libc_nano.a(lib_a-nano-freer.o)
 .debug_frame   0x00003024       0x30 c:/ncs/v1.7.1/toolchain/opt/bin/../lib/gcc/arm-none-eabi/9.2.1/../../../../arm-none-eabi/lib/thumb/v7e-m+fp/hard\libc_nano.a(lib_a-nano-mallocr.o)
 .debug_frame   0x00003054       0x3c c:/ncs/v1.7.1/toolchain/opt/bin/../lib/gcc/arm-none-eabi/9.2.1/../../../../arm-none-eabi/lib/thumb/v7e-m+fp/hard\libc_nano.a(lib_a-nano-reallocr.o)
 .debug_frame   0x00003090       0x2c c:/ncs/v1.7.1/toolchain/opt/bin/../lib/gcc/arm-none-eabi/9.2.1/../../../../arm-none-eabi/lib/thumb/v7e-m+fp/hard\libc_nano.a(lib_a-sbrkr.o)
 .debug_frame   0x000030bc       0x30 c:/ncs/v1.7.1/toolchain/opt/bin/../lib/gcc/arm-none-eabi/9.2.1/../../../../arm-none-eabi/lib/thumb/v7e-m+fp/hard\libc_nano.a(lib_a-mlock.o)
 .debug_frame   0x000030ec       0x20 c:/ncs/v1.7.1/toolchain/opt/bin/../lib/gcc/arm-none-eabi/9.2.1/../../../../arm-none-eabi/lib/thumb/v7e-m+fp/hard\libc_nano.a(lib_a-nano-msizer.o)
 .debug_frame   0x0000310c       0x5c c:/ncs/v1.7.1/toolchain/opt/bin/../lib/gcc/arm-none-eabi/9.2.1/../../../../arm-none-eabi/lib/thumb/v7e-m+fp/hard\libc_nano.a(lib_a-reent.o)
 .debug_frame   0x00003168       0xb0 c:/ncs/v1.7.1/toolchain/opt/bin/../lib/gcc/arm-none-eabi/9.2.1/../../../../arm-none-eabi/lib/thumb/v7e-m+fp/hard\libc_nano.a(lib_a-lock.o)
 .debug_frame   0x00003218       0x20 c:/ncs/v1.7.1/toolchain/opt/bin/../lib/gcc/arm-none-eabi/9.2.1/../../../../arm-none-eabi/lib/thumb/v7e-m+fp/hard\libnosys.a(sbrk.o)
 .debug_frame   0x00003238       0x2c c:/ncs/v1.7.1/toolchain/opt/bin/../lib/gcc/arm-none-eabi/9.2.1/thumb/v7e-m+fp/hard\libgcc.a(_aeabi_uldivmod.o)
 .debug_frame   0x00003264       0x34 c:/ncs/v1.7.1/toolchain/opt/bin/../lib/gcc/arm-none-eabi/9.2.1/thumb/v7e-m+fp/hard\libgcc.a(_udivmoddi4.o)

Cross Reference Table

Symbol                                            File
ADC1_2_IRQHandler                                 build/startup_stm32l412xx.o
AHBPrescTable                                     build/system_stm32l4xx.o
                                                  build/stm32l4xx_hal_rcc.o
APBPrescTable                                     build/system_stm32l4xx.o
                                                  build/stm32l4xx_hal_rcc.o
BusFault_Handler                                  build/stm32l4xx_it.o
COMP_IRQHandler                                   build/startup_stm32l412xx.o
CRS_IRQHandler                                    build/startup_stm32l412xx.o
DMA1_Channel1_IRQHandler                          build/startup_stm32l412xx.o
DMA1_Channel2_IRQHandler                          build/startup_stm32l412xx.o
DMA1_Channel3_IRQHandler                          build/startup_stm32l412xx.o
DMA1_Channel4_IRQHandler                          build/startup_stm32l412xx.o
DMA1_Channel5_IRQHandler                          build/startup_stm32l412xx.o
DMA1_Channel6_IRQHandler                          build/startup_stm32l412xx.o
DMA1_Channel7_IRQHandler                          build/startup_stm32l412xx.o
DMA2_Channel1_IRQHandler                          build/startup_stm32l412xx.o
DMA2_Channel2_IRQHandler                          build/startup_stm32l412xx.o
DMA2_Channel3_IRQHandler                          build/startup_stm32l412xx.o
DMA2_Channel4_IRQHandler                          build/startup_stm32l412xx.o
DMA2_Channel5_IRQHandler                          build/startup_stm32l412xx.o
DMA2_Channel6_IRQHandler                          build/startup_stm32l412xx.o
DMA2_Channel7_IRQHandler                          build/startup_stm32l412xx.o
DebugMon_Handler                                  build/stm32l4xx_it.o
Default_Handler                                   build/startup_stm32l412xx.o
EXTI0_IRQHandler                                  build/startup_stm32l412xx.o
EXTI15_10_IRQHandler                              build/startup_stm32l412xx.o
EXTI1_IRQHandler                                  build/startup_stm32l412xx.o
EXTI2_IRQHandler                                  build/startup_stm32l412xx.o
EXTI3_IRQHandler                                  build/startup_stm32l412xx.o
EXTI4_IRQHandler                                  build/startup_stm32l412xx.o
EXTI9_5_IRQHandler                                build/startup_stm32l412xx.o
Error_Handler                                     build/main.o
                                                  build/stm32l4xx_hal_msp.o
FATFS_GetAttachedDriversNbr                       build/ff_gen_drv.o
FATFS_LinkDriver                                  build/ff_gen_drv.o
                                                  build/fatfs.o
FATFS_LinkDriverEx                                build/ff_gen_drv.o
FATFS_UnLinkDriver                                build/ff_gen_drv.o
                                                  build/main.o
FATFS_UnLinkDriverEx                              build/ff_gen_drv.o
FLASH_FlushCaches                                 build/stm32l4xx_hal_flash_ex.o
                                                  build/stm32l4xx_hal_flash.o
FLASH_IRQHandler                                  build/startup_stm32l412xx.o
FLASH_PageErase                                   build/stm32l4xx_hal_flash_ex.o
                                                  build/stm32l4xx_hal_flash.o
FLASH_WaitForLastOperation                        build/stm32l4xx_hal_flash.o
                                                  build/stm32l4xx_hal_flash_ex.o
FPU_IRQHandler                                    build/startup_stm32l412xx.o
FRAM_begin                                        build/SPI_FRAM.o
                                                  build/main.o
FRAM_getID                                        build/SPI_FRAM.o
                                                  build/main.o
FRAM_read                                         build/SPI_FRAM.o
                                                  build/main.o
FRAM_read8                                        build/SPI_FRAM.o
                                                  build/main.o
FRAM_sleepEnable                                  build/SPI_FRAM.o
                                                  build/main.o
FRAM_write                                        build/SPI_FRAM.o
                                                  build/main.o
FRAM_write8                                       build/SPI_FRAM.o
                                                  build/main.o
FRAM_writeEnable                                  build/SPI_FRAM.o
                                                  build/main.o
FatFs                                             build/main.o
HAL_DBGMCU_DisableDBGSleepMode                    build/stm32l4xx_hal.o
                                                  build/main.o
HAL_DBGMCU_DisableDBGStandbyMode                  build/stm32l4xx_hal.o
                                                  build/main.o
HAL_DBGMCU_DisableDBGStopMode                     build/stm32l4xx_hal.o
                                                  build/main.o
HAL_DBGMCU_EnableDBGSleepMode                     build/stm32l4xx_hal.o
HAL_DBGMCU_EnableDBGStandbyMode                   build/stm32l4xx_hal.o
HAL_DBGMCU_EnableDBGStopMode                      build/stm32l4xx_hal.o
HAL_DMA_Abort                                     build/stm32l4xx_hal_dma.o
                                                  build/stm32l4xx_hal_uart.o
                                                  build/stm32l4xx_hal_spi.o
HAL_DMA_Abort_IT                                  build/stm32l4xx_hal_dma.o
                                                  build/stm32l4xx_hal_uart.o
                                                  build/stm32l4xx_hal_spi.o
                                                  build/stm32l4xx_hal_i2c.o
HAL_DMA_DeInit                                    build/stm32l4xx_hal_dma.o
HAL_DMA_GetError                                  build/stm32l4xx_hal_dma.o
                                                  build/stm32l4xx_hal_uart.o
HAL_DMA_GetState                                  build/stm32l4xx_hal_dma.o
                                                  build/stm32l4xx_hal_i2c.o
HAL_DMA_IRQHandler                                build/stm32l4xx_hal_dma.o
HAL_DMA_Init                                      build/stm32l4xx_hal_dma.o
HAL_DMA_PollForTransfer                           build/stm32l4xx_hal_dma.o
HAL_DMA_RegisterCallback                          build/stm32l4xx_hal_dma.o
HAL_DMA_Start                                     build/stm32l4xx_hal_dma.o
HAL_DMA_Start_IT                                  build/stm32l4xx_hal_dma.o
                                                  build/stm32l4xx_hal_uart.o
                                                  build/stm32l4xx_hal_spi.o
                                                  build/stm32l4xx_hal_i2c.o
HAL_DMA_UnRegisterCallback                        build/stm32l4xx_hal_dma.o
HAL_DeInit                                        build/stm32l4xx_hal.o
HAL_Delay                                         build/stm32l4xx_hal.o
                                                  build/SPI_FRAM.o
                                                  build/main.o
HAL_EXTI_ClearConfigLine                          build/stm32l4xx_hal_exti.o
HAL_EXTI_ClearPending                             build/stm32l4xx_hal_exti.o
HAL_EXTI_GenerateSWI                              build/stm32l4xx_hal_exti.o
HAL_EXTI_GetConfigLine                            build/stm32l4xx_hal_exti.o
HAL_EXTI_GetHandle                                build/stm32l4xx_hal_exti.o
HAL_EXTI_GetPending                               build/stm32l4xx_hal_exti.o
HAL_EXTI_IRQHandler                               build/stm32l4xx_hal_exti.o
HAL_EXTI_RegisterCallback                         build/stm32l4xx_hal_exti.o
HAL_EXTI_SetConfigLine                            build/stm32l4xx_hal_exti.o
HAL_FLASHEx_DisableRunPowerDown                   build/stm32l4xx_hal_flash_ramfunc.o
HAL_FLASHEx_EnableRunPowerDown                    build/stm32l4xx_hal_flash_ramfunc.o
HAL_FLASHEx_Erase                                 build/stm32l4xx_hal_flash_ex.o
HAL_FLASHEx_Erase_IT                              build/stm32l4xx_hal_flash_ex.o
HAL_FLASHEx_OBGetConfig                           build/stm32l4xx_hal_flash_ex.o
HAL_FLASHEx_OBProgram                             build/stm32l4xx_hal_flash_ex.o
HAL_FLASH_EndOfOperationCallback                  build/stm32l4xx_hal_flash.o
HAL_FLASH_GetError                                build/stm32l4xx_hal_flash.o
HAL_FLASH_IRQHandler                              build/stm32l4xx_hal_flash.o
HAL_FLASH_Lock                                    build/stm32l4xx_hal_flash.o
HAL_FLASH_OB_Launch                               build/stm32l4xx_hal_flash.o
HAL_FLASH_OB_Lock                                 build/stm32l4xx_hal_flash.o
HAL_FLASH_OB_Unlock                               build/stm32l4xx_hal_flash.o
HAL_FLASH_OperationErrorCallback                  build/stm32l4xx_hal_flash.o
HAL_FLASH_Program                                 build/stm32l4xx_hal_flash.o
HAL_FLASH_Program_IT                              build/stm32l4xx_hal_flash.o
HAL_FLASH_Unlock                                  build/stm32l4xx_hal_flash.o
HAL_GPIO_DeInit                                   build/stm32l4xx_hal_gpio.o
                                                  build/stm32l4xx_hal_msp.o
HAL_GPIO_EXTI_Callback                            build/stm32l4xx_hal_gpio.o
HAL_GPIO_EXTI_IRQHandler                          build/stm32l4xx_hal_gpio.o
HAL_GPIO_Init                                     build/stm32l4xx_hal_gpio.o
                                                  build/stm32l4xx_hal_rcc_ex.o
                                                  build/stm32l4xx_hal_rcc.o
                                                  build/stm32l4xx_hal_msp.o
                                                  build/main.o
HAL_GPIO_LockPin                                  build/stm32l4xx_hal_gpio.o
HAL_GPIO_ReadPin                                  build/stm32l4xx_hal_gpio.o
HAL_GPIO_TogglePin                                build/stm32l4xx_hal_gpio.o
                                                  build/main.o
HAL_GPIO_WritePin                                 build/stm32l4xx_hal_gpio.o
                                                  build/SPI_FRAM.o
                                                  build/user_diskio_spi.o
                                                  build/main.o
HAL_GetDEVID                                      build/stm32l4xx_hal.o
HAL_GetHalVersion                                 build/stm32l4xx_hal.o
HAL_GetREVID                                      build/stm32l4xx_hal.o
HAL_GetTick                                       build/stm32l4xx_hal.o
                                                  build/stm32l4xx_hal_uart_ex.o
                                                  build/stm32l4xx_hal_uart.o
                                                  build/stm32l4xx_hal_spi.o
                                                  build/stm32l4xx_hal_dma.o
                                                  build/stm32l4xx_hal_flash.o
                                                  build/stm32l4xx_hal_rcc_ex.o
                                                  build/stm32l4xx_hal_rcc.o
                                                  build/stm32l4xx_hal_i2c.o
                                                  build/user_diskio_spi.o
                                                  build/main.o
HAL_GetTickFreq                                   build/stm32l4xx_hal.o
HAL_GetTickPrio                                   build/stm32l4xx_hal.o
HAL_GetUIDw0                                      build/stm32l4xx_hal.o
HAL_GetUIDw1                                      build/stm32l4xx_hal.o
HAL_GetUIDw2                                      build/stm32l4xx_hal.o
HAL_HalfDuplex_EnableReceiver                     build/stm32l4xx_hal_uart.o
HAL_HalfDuplex_EnableTransmitter                  build/stm32l4xx_hal_uart.o
HAL_HalfDuplex_Init                               build/stm32l4xx_hal_uart.o
HAL_I2CEx_ConfigAnalogFilter                      build/stm32l4xx_hal_i2c_ex.o
HAL_I2CEx_ConfigDigitalFilter                     build/stm32l4xx_hal_i2c_ex.o
HAL_I2CEx_DisableFastModePlus                     build/stm32l4xx_hal_i2c_ex.o
HAL_I2CEx_DisableWakeUp                           build/stm32l4xx_hal_i2c_ex.o
HAL_I2CEx_EnableFastModePlus                      build/stm32l4xx_hal_i2c_ex.o
HAL_I2CEx_EnableWakeUp                            build/stm32l4xx_hal_i2c_ex.o
HAL_I2C_AbortCpltCallback                         build/stm32l4xx_hal_i2c.o
HAL_I2C_AddrCallback                              build/stm32l4xx_hal_i2c.o
HAL_I2C_DeInit                                    build/stm32l4xx_hal_i2c.o
HAL_I2C_DisableListen_IT                          build/stm32l4xx_hal_i2c.o
HAL_I2C_ER_IRQHandler                             build/stm32l4xx_hal_i2c.o
HAL_I2C_EV_IRQHandler                             build/stm32l4xx_hal_i2c.o
HAL_I2C_EnableListen_IT                           build/stm32l4xx_hal_i2c.o
HAL_I2C_ErrorCallback                             build/stm32l4xx_hal_i2c.o
HAL_I2C_GetError                                  build/stm32l4xx_hal_i2c.o
HAL_I2C_GetMode                                   build/stm32l4xx_hal_i2c.o
HAL_I2C_GetState                                  build/stm32l4xx_hal_i2c.o
HAL_I2C_Init                                      build/stm32l4xx_hal_i2c.o
HAL_I2C_IsDeviceReady                             build/stm32l4xx_hal_i2c.o
HAL_I2C_ListenCpltCallback                        build/stm32l4xx_hal_i2c.o
HAL_I2C_MasterRxCpltCallback                      build/stm32l4xx_hal_i2c.o
HAL_I2C_MasterTxCpltCallback                      build/stm32l4xx_hal_i2c.o
HAL_I2C_Master_Abort_IT                           build/stm32l4xx_hal_i2c.o
HAL_I2C_Master_Receive                            build/stm32l4xx_hal_i2c.o
HAL_I2C_Master_Receive_DMA                        build/stm32l4xx_hal_i2c.o
HAL_I2C_Master_Receive_IT                         build/stm32l4xx_hal_i2c.o
HAL_I2C_Master_Seq_Receive_DMA                    build/stm32l4xx_hal_i2c.o
HAL_I2C_Master_Seq_Receive_IT                     build/stm32l4xx_hal_i2c.o
HAL_I2C_Master_Seq_Transmit_DMA                   build/stm32l4xx_hal_i2c.o
HAL_I2C_Master_Seq_Transmit_IT                    build/stm32l4xx_hal_i2c.o
HAL_I2C_Master_Transmit                           build/stm32l4xx_hal_i2c.o
HAL_I2C_Master_Transmit_DMA                       build/stm32l4xx_hal_i2c.o
HAL_I2C_Master_Transmit_IT                        build/stm32l4xx_hal_i2c.o
HAL_I2C_MemRxCpltCallback                         build/stm32l4xx_hal_i2c.o
HAL_I2C_MemTxCpltCallback                         build/stm32l4xx_hal_i2c.o
HAL_I2C_Mem_Read                                  build/stm32l4xx_hal_i2c.o
HAL_I2C_Mem_Read_DMA                              build/stm32l4xx_hal_i2c.o
HAL_I2C_Mem_Read_IT                               build/stm32l4xx_hal_i2c.o
HAL_I2C_Mem_Write                                 build/stm32l4xx_hal_i2c.o
HAL_I2C_Mem_Write_DMA                             build/stm32l4xx_hal_i2c.o
HAL_I2C_Mem_Write_IT                              build/stm32l4xx_hal_i2c.o
HAL_I2C_MspDeInit                                 build/stm32l4xx_hal_i2c.o
HAL_I2C_MspInit                                   build/stm32l4xx_hal_i2c.o
HAL_I2C_SlaveRxCpltCallback                       build/stm32l4xx_hal_i2c.o
HAL_I2C_SlaveTxCpltCallback                       build/stm32l4xx_hal_i2c.o
HAL_I2C_Slave_Receive                             build/stm32l4xx_hal_i2c.o
HAL_I2C_Slave_Receive_DMA                         build/stm32l4xx_hal_i2c.o
HAL_I2C_Slave_Receive_IT                          build/stm32l4xx_hal_i2c.o
HAL_I2C_Slave_Seq_Receive_DMA                     build/stm32l4xx_hal_i2c.o
HAL_I2C_Slave_Seq_Receive_IT                      build/stm32l4xx_hal_i2c.o
HAL_I2C_Slave_Seq_Transmit_DMA                    build/stm32l4xx_hal_i2c.o
HAL_I2C_Slave_Seq_Transmit_IT                     build/stm32l4xx_hal_i2c.o
HAL_I2C_Slave_Transmit                            build/stm32l4xx_hal_i2c.o
HAL_I2C_Slave_Transmit_DMA                        build/stm32l4xx_hal_i2c.o
HAL_I2C_Slave_Transmit_IT                         build/stm32l4xx_hal_i2c.o
HAL_IncTick                                       build/stm32l4xx_hal.o
                                                  build/stm32l4xx_it.o
HAL_Init                                          build/stm32l4xx_hal.o
                                                  build/main.o
HAL_InitTick                                      build/stm32l4xx_hal.o
                                                  build/stm32l4xx_hal_rcc.o
HAL_LIN_Init                                      build/stm32l4xx_hal_uart.o
HAL_LIN_SendBreak                                 build/stm32l4xx_hal_uart.o
HAL_MPU_ConfigRegion                              build/stm32l4xx_hal_cortex.o
HAL_MPU_Disable                                   build/stm32l4xx_hal_cortex.o
HAL_MPU_Enable                                    build/stm32l4xx_hal_cortex.o
HAL_MspDeInit                                     build/stm32l4xx_hal.o
HAL_MspInit                                       build/stm32l4xx_hal_msp.o
HAL_MultiProcessorEx_AddressLength_Set            build/stm32l4xx_hal_uart_ex.o
HAL_MultiProcessor_DisableMuteMode                build/stm32l4xx_hal_uart.o
HAL_MultiProcessor_EnableMuteMode                 build/stm32l4xx_hal_uart.o
HAL_MultiProcessor_EnterMuteMode                  build/stm32l4xx_hal_uart.o
HAL_MultiProcessor_Init                           build/stm32l4xx_hal_uart.o
HAL_NVIC_ClearPendingIRQ                          build/stm32l4xx_hal_cortex.o
HAL_NVIC_DisableIRQ                               build/stm32l4xx_hal_cortex.o
                                                  build/stm32l4xx_hal_msp.o
HAL_NVIC_EnableIRQ                                build/stm32l4xx_hal_cortex.o
                                                  build/stm32l4xx_hal_msp.o
HAL_NVIC_GetActive                                build/stm32l4xx_hal_cortex.o
HAL_NVIC_GetPendingIRQ                            build/stm32l4xx_hal_cortex.o
HAL_NVIC_GetPriority                              build/stm32l4xx_hal_cortex.o
HAL_NVIC_GetPriorityGrouping                      build/stm32l4xx_hal_cortex.o
HAL_NVIC_SetPendingIRQ                            build/stm32l4xx_hal_cortex.o
HAL_NVIC_SetPriority                              build/stm32l4xx_hal_cortex.o
                                                  build/stm32l4xx_hal.o
                                                  build/stm32l4xx_hal_msp.o
HAL_NVIC_SetPriorityGrouping                      build/stm32l4xx_hal_cortex.o
                                                  build/stm32l4xx_hal.o
HAL_NVIC_SystemReset                              build/stm32l4xx_hal_cortex.o
HAL_PWREx_ConfigPVM                               build/stm32l4xx_hal_pwr_ex.o
HAL_PWREx_ControlVoltageScaling                   build/stm32l4xx_hal_pwr_ex.o
                                                  build/main.o
HAL_PWREx_DisableBORPVD_ULP                       build/stm32l4xx_hal_pwr_ex.o
HAL_PWREx_DisableBatteryCharging                  build/stm32l4xx_hal_pwr_ex.o
HAL_PWREx_DisableExtSMPS_0V95                     build/stm32l4xx_hal_pwr_ex.o
HAL_PWREx_DisableGPIOPullDown                     build/stm32l4xx_hal_pwr_ex.o
HAL_PWREx_DisableGPIOPullUp                       build/stm32l4xx_hal_pwr_ex.o
HAL_PWREx_DisableInternalWakeUpLine               build/stm32l4xx_hal_pwr_ex.o
HAL_PWREx_DisableLowPowerRunMode                  build/stm32l4xx_hal_pwr_ex.o
                                                  build/stm32l4xx_hal_pwr.o
HAL_PWREx_DisablePVM1                             build/stm32l4xx_hal_pwr_ex.o
HAL_PWREx_DisablePVM3                             build/stm32l4xx_hal_pwr_ex.o
HAL_PWREx_DisablePVM4                             build/stm32l4xx_hal_pwr_ex.o
HAL_PWREx_DisablePullUpPullDownConfig             build/stm32l4xx_hal_pwr_ex.o
HAL_PWREx_DisableSRAM2ContentRetention            build/stm32l4xx_hal_pwr_ex.o
HAL_PWREx_DisableVddUSB                           build/stm32l4xx_hal_pwr_ex.o
HAL_PWREx_EnableBORPVD_ULP                        build/stm32l4xx_hal_pwr_ex.o
HAL_PWREx_EnableBatteryCharging                   build/stm32l4xx_hal_pwr_ex.o
HAL_PWREx_EnableExtSMPS_0V95                      build/stm32l4xx_hal_pwr_ex.o
HAL_PWREx_EnableGPIOPullDown                      build/stm32l4xx_hal_pwr_ex.o
HAL_PWREx_EnableGPIOPullUp                        build/stm32l4xx_hal_pwr_ex.o
HAL_PWREx_EnableInternalWakeUpLine                build/stm32l4xx_hal_pwr_ex.o
HAL_PWREx_EnableLowPowerRunMode                   build/stm32l4xx_hal_pwr_ex.o
                                                  build/stm32l4xx_hal_pwr.o
HAL_PWREx_EnablePVM1                              build/stm32l4xx_hal_pwr_ex.o
HAL_PWREx_EnablePVM3                              build/stm32l4xx_hal_pwr_ex.o
HAL_PWREx_EnablePVM4                              build/stm32l4xx_hal_pwr_ex.o
HAL_PWREx_EnablePullUpPullDownConfig              build/stm32l4xx_hal_pwr_ex.o
HAL_PWREx_EnableSRAM2ContentRetention             build/stm32l4xx_hal_pwr_ex.o
HAL_PWREx_EnableVddUSB                            build/stm32l4xx_hal_pwr_ex.o
HAL_PWREx_EnterSHUTDOWNMode                       build/stm32l4xx_hal_pwr_ex.o
HAL_PWREx_EnterSTOP0Mode                          build/stm32l4xx_hal_pwr_ex.o
                                                  build/stm32l4xx_hal_pwr.o
HAL_PWREx_EnterSTOP1Mode                          build/stm32l4xx_hal_pwr_ex.o
                                                  build/stm32l4xx_hal_pwr.o
                                                  build/main.o
HAL_PWREx_EnterSTOP2Mode                          build/stm32l4xx_hal_pwr_ex.o
HAL_PWREx_GetVoltageRange                         build/stm32l4xx_hal_pwr_ex.o
                                                  build/stm32l4xx_hal_rcc.o
HAL_PWREx_PVD_PVM_IRQHandler                      build/stm32l4xx_hal_pwr_ex.o
HAL_PWREx_PVM1Callback                            build/stm32l4xx_hal_pwr_ex.o
HAL_PWREx_PVM3Callback                            build/stm32l4xx_hal_pwr_ex.o
HAL_PWREx_PVM4Callback                            build/stm32l4xx_hal_pwr_ex.o
HAL_PWREx_SetSRAM2ContentRetention                build/stm32l4xx_hal_pwr_ex.o
HAL_PWR_ConfigPVD                                 build/stm32l4xx_hal_pwr.o
HAL_PWR_DeInit                                    build/stm32l4xx_hal_pwr.o
HAL_PWR_DisableBkUpAccess                         build/stm32l4xx_hal_pwr.o
                                                  build/stm32l4xx_hal_rcc_ex.o
HAL_PWR_DisablePVD                                build/stm32l4xx_hal_pwr.o
HAL_PWR_DisableSEVOnPend                          build/stm32l4xx_hal_pwr.o
HAL_PWR_DisableSleepOnExit                        build/stm32l4xx_hal_pwr.o
HAL_PWR_DisableWakeUpPin                          build/stm32l4xx_hal_pwr.o
HAL_PWR_EnableBkUpAccess                          build/stm32l4xx_hal_pwr.o
                                                  build/stm32l4xx_hal_rcc_ex.o
HAL_PWR_EnablePVD                                 build/stm32l4xx_hal_pwr.o
HAL_PWR_EnableSEVOnPend                           build/stm32l4xx_hal_pwr.o
HAL_PWR_EnableSleepOnExit                         build/stm32l4xx_hal_pwr.o